Archive member included to satisfy reference by file (symbol)

C:/ST/STM32CubeIDE_1.18.0/STM32CubeIDE/plugins/com.st.stm32cube.ide.mcu.externaltools.gnu-tools-for-stm32.13.3.rel1.win32_1.0.0.202411081344/tools/bin/../lib/gcc/arm-none-eabi/13.3.1/../../../../arm-none-eabi/lib/thumb/v7e-m+fp/hard\libc_nano.a(libc_a-atoi.o)
                              ./Shell/Src/cmd.o (atoi)
C:/ST/STM32CubeIDE_1.18.0/STM32CubeIDE/plugins/com.st.stm32cube.ide.mcu.externaltools.gnu-tools-for-stm32.13.3.rel1.win32_1.0.0.202411081344/tools/bin/../lib/gcc/arm-none-eabi/13.3.1/../../../../arm-none-eabi/lib/thumb/v7e-m+fp/hard\libc_nano.a(libc_a-exit.o)
                              C:/ST/STM32CubeIDE_1.18.0/STM32CubeIDE/plugins/com.st.stm32cube.ide.mcu.externaltools.gnu-tools-for-stm32.13.3.rel1.win32_1.0.0.202411081344/tools/bin/../lib/gcc/arm-none-eabi/13.3.1/../../../../arm-none-eabi/lib/thumb/v7e-m+fp/hard/crt0.o (exit)
C:/ST/STM32CubeIDE_1.18.0/STM32CubeIDE/plugins/com.st.stm32cube.ide.mcu.externaltools.gnu-tools-for-stm32.13.3.rel1.win32_1.0.0.202411081344/tools/bin/../lib/gcc/arm-none-eabi/13.3.1/../../../../arm-none-eabi/lib/thumb/v7e-m+fp/hard\libc_nano.a(libc_a-strtol.o)
                              C:/ST/STM32CubeIDE_1.18.0/STM32CubeIDE/plugins/com.st.stm32cube.ide.mcu.externaltools.gnu-tools-for-stm32.13.3.rel1.win32_1.0.0.202411081344/tools/bin/../lib/gcc/arm-none-eabi/13.3.1/../../../../arm-none-eabi/lib/thumb/v7e-m+fp/hard\libc_nano.a(libc_a-atoi.o) (_strtol_r)
C:/ST/STM32CubeIDE_1.18.0/STM32CubeIDE/plugins/com.st.stm32cube.ide.mcu.externaltools.gnu-tools-for-stm32.13.3.rel1.win32_1.0.0.202411081344/tools/bin/../lib/gcc/arm-none-eabi/13.3.1/../../../../arm-none-eabi/lib/thumb/v7e-m+fp/hard\libc_nano.a(libc_a-ctype_.o)
                              ./SD/Src/sd.o (_ctype_)
C:/ST/STM32CubeIDE_1.18.0/STM32CubeIDE/plugins/com.st.stm32cube.ide.mcu.externaltools.gnu-tools-for-stm32.13.3.rel1.win32_1.0.0.202411081344/tools/bin/../lib/gcc/arm-none-eabi/13.3.1/../../../../arm-none-eabi/lib/thumb/v7e-m+fp/hard\libc_nano.a(libc_a-findfp.o)
                              C:/ST/STM32CubeIDE_1.18.0/STM32CubeIDE/plugins/com.st.stm32cube.ide.mcu.externaltools.gnu-tools-for-stm32.13.3.rel1.win32_1.0.0.202411081344/tools/bin/../lib/gcc/arm-none-eabi/13.3.1/../../../../arm-none-eabi/lib/thumb/v7e-m+fp/hard\libc_nano.a(libc_a-exit.o) (__stdio_exit_handler)
C:/ST/STM32CubeIDE_1.18.0/STM32CubeIDE/plugins/com.st.stm32cube.ide.mcu.externaltools.gnu-tools-for-stm32.13.3.rel1.win32_1.0.0.202411081344/tools/bin/../lib/gcc/arm-none-eabi/13.3.1/../../../../arm-none-eabi/lib/thumb/v7e-m+fp/hard\libc_nano.a(libc_a-fwalk.o)
                              C:/ST/STM32CubeIDE_1.18.0/STM32CubeIDE/plugins/com.st.stm32cube.ide.mcu.externaltools.gnu-tools-for-stm32.13.3.rel1.win32_1.0.0.202411081344/tools/bin/../lib/gcc/arm-none-eabi/13.3.1/../../../../arm-none-eabi/lib/thumb/v7e-m+fp/hard\libc_nano.a(libc_a-findfp.o) (_fwalk_sglue)
C:/ST/STM32CubeIDE_1.18.0/STM32CubeIDE/plugins/com.st.stm32cube.ide.mcu.externaltools.gnu-tools-for-stm32.13.3.rel1.win32_1.0.0.202411081344/tools/bin/../lib/gcc/arm-none-eabi/13.3.1/../../../../arm-none-eabi/lib/thumb/v7e-m+fp/hard\libc_nano.a(libc_a-snprintf.o)
                              ./SD/Src/log.o (snprintf)
C:/ST/STM32CubeIDE_1.18.0/STM32CubeIDE/plugins/com.st.stm32cube.ide.mcu.externaltools.gnu-tools-for-stm32.13.3.rel1.win32_1.0.0.202411081344/tools/bin/../lib/gcc/arm-none-eabi/13.3.1/../../../../arm-none-eabi/lib/thumb/v7e-m+fp/hard\libc_nano.a(libc_a-sprintf.o)
                              ./LCD/Src/lcd2004.o (sprintf)
C:/ST/STM32CubeIDE_1.18.0/STM32CubeIDE/plugins/com.st.stm32cube.ide.mcu.externaltools.gnu-tools-for-stm32.13.3.rel1.win32_1.0.0.202411081344/tools/bin/../lib/gcc/arm-none-eabi/13.3.1/../../../../arm-none-eabi/lib/thumb/v7e-m+fp/hard\libc_nano.a(libc_a-sscanf.o)
                              ./Shell/Src/shell.o (sscanf)
C:/ST/STM32CubeIDE_1.18.0/STM32CubeIDE/plugins/com.st.stm32cube.ide.mcu.externaltools.gnu-tools-for-stm32.13.3.rel1.win32_1.0.0.202411081344/tools/bin/../lib/gcc/arm-none-eabi/13.3.1/../../../../arm-none-eabi/lib/thumb/v7e-m+fp/hard\libc_nano.a(libc_a-stdio.o)
                              C:/ST/STM32CubeIDE_1.18.0/STM32CubeIDE/plugins/com.st.stm32cube.ide.mcu.externaltools.gnu-tools-for-stm32.13.3.rel1.win32_1.0.0.202411081344/tools/bin/../lib/gcc/arm-none-eabi/13.3.1/../../../../arm-none-eabi/lib/thumb/v7e-m+fp/hard\libc_nano.a(libc_a-findfp.o) (__sread)
C:/ST/STM32CubeIDE_1.18.0/STM32CubeIDE/plugins/com.st.stm32cube.ide.mcu.externaltools.gnu-tools-for-stm32.13.3.rel1.win32_1.0.0.202411081344/tools/bin/../lib/gcc/arm-none-eabi/13.3.1/../../../../arm-none-eabi/lib/thumb/v7e-m+fp/hard\libc_nano.a(libc_a-vsnprintf.o)
                              ./Core/Src/msgHandler.o (vsnprintf)
[...]
Memory Configuration

Name             Origin             Length             Attributes
CCMRAM           0x10000000         0x00010000         xrw
RAM              0x20000000         0x00020000         xrw
FLASH            0x08000000         0x00100000         xr
*default*        0x00000000         0xffffffff

Linker script and memory map

LOAD C:/ST/STM32CubeIDE_1.18.0/STM32CubeIDE/plugins/com.st.stm32cube.ide.mcu.externaltools.gnu-tools-for-stm32.13.3.rel1.win32_1.0.0.202411081344/tools/bin/../lib/gcc/arm-none-eabi/13.3.1/thumb/v7e-m+fp/hard/crti.o
LOAD C:/ST/STM32CubeIDE_1.18.0/STM32CubeIDE/plugins/com.st.stm32cube.ide.mcu.externaltools.gnu-tools-for-stm32.13.3.rel1.win32_1.0.0.202411081344/tools/bin/../lib/gcc/arm-none-eabi/13.3.1/thumb/v7e-m+fp/hard/crtbegin.o
LOAD C:/ST/STM32CubeIDE_1.18.0/STM32CubeIDE/plugins/com.st.stm32cube.ide.mcu.externaltools.gnu-tools-for-stm32.13.3.rel1.win32_1.0.0.202411081344/tools/bin/../lib/gcc/arm-none-eabi/13.3.1/../../../../arm-none-eabi/lib/thumb/v7e-m+fp/hard/crt0.o
LOAD ./Core/Src/main.o
LOAD ./Core/Src/msgHandler.o
LOAD ./Core/Src/stm32f4xx_hal_msp.o
LOAD ./Core/Src/stm32f4xx_hal_timebase_tim.o
LOAD ./Core/Src/stm32f4xx_it.o
LOAD ./Core/Src/syscalls.o
LOAD ./Core/Src/sysmem.o
LOAD ./Core/Src/system_stm32f4xx.o
LOAD ./Core/Startup/startup_stm32f407vgtx.o
LOAD ./Drivers/STM32F4xx_HAL_Driver/Src/stm32f4xx_hal.o
LOAD ./Drivers/STM32F4xx_HAL_Driver/Src/stm32f4xx_hal_cortex.o
LOAD ./Drivers/STM32F4xx_HAL_Driver/Src/stm32f4xx_hal_dma.o
LOAD ./Drivers/STM32F4xx_HAL_Driver/Src/stm32f4xx_hal_dma_ex.o
LOAD ./Drivers/STM32F4xx_HAL_Driver/Src/stm32f4xx_hal_exti.o
LOAD ./Drivers/STM32F4xx_HAL_Driver/Src/stm32f4xx_hal_flash.o
LOAD ./Drivers/STM32F4xx_HAL_Driver/Src/stm32f4xx_hal_flash_ex.o
LOAD ./Drivers/STM32F4xx_HAL_Driver/Src/stm32f4xx_hal_flash_ramfunc.o
LOAD ./Drivers/STM32F4xx_HAL_Driver/Src/stm32f4xx_hal_gpio.o
LOAD ./Drivers/STM32F4xx_HAL_Driver/Src/stm32f4xx_hal_i2c.o
LOAD ./Drivers/STM32F4xx_HAL_Driver/Src/stm32f4xx_hal_i2c_ex.o
LOAD ./Drivers/STM32F4xx_HAL_Driver/Src/stm32f4xx_hal_i2s.o
LOAD ./Drivers/STM32F4xx_HAL_Driver/Src/stm32f4xx_hal_i2s_ex.o
LOAD ./Drivers/STM32F4xx_HAL_Driver/Src/stm32f4xx_hal_pwr.o
LOAD ./Drivers/STM32F4xx_HAL_Driver/Src/stm32f4xx_hal_pwr_ex.o
LOAD ./Drivers/STM32F4xx_HAL_Driver/Src/stm32f4xx_hal_rcc.o
LOAD ./Drivers/STM32F4xx_HAL_Driver/Src/stm32f4xx_hal_rcc_ex.o
LOAD ./Drivers/STM32F4xx_HAL_Driver/Src/stm32f4xx_hal_rtc.o
LOAD ./Drivers/STM32F4xx_HAL_Driver/Src/stm32f4xx_hal_rtc_ex.o
LOAD ./Drivers/STM32F4xx_HAL_Driver/Src/stm32f4xx_hal_spi.o
LOAD ./Drivers/STM32F4xx_HAL_Driver/Src/stm32f4xx_hal_tim.o
LOAD ./Drivers/STM32F4xx_HAL_Driver/Src/stm32f4xx_hal_tim_ex.o
LOAD ./Drivers/STM32F4xx_HAL_Driver/Src/stm32f4xx_hal_uart.o
LOAD ./ESP32/Src/esp32.o
LOAD ./FATFS/App/fatfs.o
LOAD ./FATFS/Target/user_diskio.o
LOAD ./FATFS/Target/user_diskio_spi.o
LOAD ./FreeRTOS/croutine.o
LOAD ./FreeRTOS/event_groups.o
LOAD ./FreeRTOS/list.o
LOAD ./FreeRTOS/queue.o
LOAD ./FreeRTOS/stream_buffer.o
LOAD ./FreeRTOS/tasks.o
LOAD ./FreeRTOS/timers.o
LOAD ./FreeRTOS/portable/ARM_CM4F/port.o
LOAD ./FreeRTOS/portable/MemMang/heap_4.o
LOAD ./LCD/Src/i2c_lcd.o
LOAD ./LCD/Src/lcd2004.o
LOAD ./LED/led.o
LOAD ./Middlewares/Third_Party/FatFs/src/diskio.o
LOAD ./Middlewares/Third_Party/FatFs/src/ff.o
LOAD ./Middlewares/Third_Party/FatFs/src/ff_gen_drv.o
LOAD ./Middlewares/Third_Party/FatFs/src/option/syscall.o
LOAD ./SD/Src/log.o
LOAD ./SD/Src/sd.o
LOAD ./Shell/Src/cmd.o
LOAD ./Shell/Src/readLine.o
LOAD ./Shell/Src/shell.o
LOAD ./Timer/Src/timer.o
LOAD ./WM8978/Src/player.o
LOAD ./WM8978/Src/wm8978.o
START GROUP
LOAD C:/ST/STM32CubeIDE_1.18.0/STM32CubeIDE/plugins/com.st.stm32cube.ide.mcu.externaltools.gnu-tools-for-stm32.13.3.rel1.win32_1.0.0.202411081344/tools/bin/../lib/gcc/arm-none-eabi/13.3.1/../../../../arm-none-eabi/lib/thumb/v7e-m+fp/hard\libc_nano.a
LOAD C:/ST/STM32CubeIDE_1.18.0/STM32CubeIDE/plugins/com.st.stm32cube.ide.mcu.externaltools.gnu-tools-for-stm32.13.3.rel1.win32_1.0.0.202411081344/tools/bin/../lib/gcc/arm-none-eabi/13.3.1/../../../../arm-none-eabi/lib/thumb/v7e-m+fp/hard\libm.a
END GROUP
START GROUP
LOAD C:/ST/STM32CubeIDE_1.18.0/STM32CubeIDE/plugins/com.st.stm32cube.ide.mcu.externaltools.gnu-tools-for-stm32.13.3.rel1.win32_1.0.0.202411081344/tools/bin/../lib/gcc/arm-none-eabi/13.3.1/thumb/v7e-m+fp/hard\libgcc.a
LOAD C:/ST/STM32CubeIDE_1.18.0/STM32CubeIDE/plugins/com.st.stm32cube.ide.mcu.externaltools.gnu-tools-for-stm32.13.3.rel1.win32_1.0.0.202411081344/tools/bin/../lib/gcc/arm-none-eabi/13.3.1/../../../../arm-none-eabi/lib/thumb/v7e-m+fp/hard\libc_nano.a
END GROUP
START GROUP
LOAD C:/ST/STM32CubeIDE_1.18.0/STM32CubeIDE/plugins/com.st.stm32cube.ide.mcu.externaltools.gnu-tools-for-stm32.13.3.rel1.win32_1.0.0.202411081344/tools/bin/../lib/gcc/arm-none-eabi/13.3.1/thumb/v7e-m+fp/hard\libgcc.a
LOAD C:/ST/STM32CubeIDE_1.18.0/STM32CubeIDE/plugins/com.st.stm32cube.ide.mcu.externaltools.gnu-tools-for-stm32.13.3.rel1.win32_1.0.0.202411081344/tools/bin/../lib/gcc/arm-none-eabi/13.3.1/../../../../arm-none-eabi/lib/thumb/v7e-m+fp/hard\libc_nano.a
LOAD C:/ST/STM32CubeIDE_1.18.0/STM32CubeIDE/plugins/com.st.stm32cube.ide.mcu.externaltools.gnu-tools-for-stm32.13.3.rel1.win32_1.0.0.202411081344/tools/bin/../lib/gcc/arm-none-eabi/13.3.1/../../../../arm-none-eabi/lib/thumb/v7e-m+fp/hard\libnosys.a
END GROUP
START GROUP
LOAD C:/ST/STM32CubeIDE_1.18.0/STM32CubeIDE/plugins/com.st.stm32cube.ide.mcu.externaltools.gnu-tools-for-stm32.13.3.rel1.win32_1.0.0.202411081344/tools/bin/../lib/gcc/arm-none-eabi/13.3.1/thumb/v7e-m+fp/hard\libgcc.a
LOAD C:/ST/STM32CubeIDE_1.18.0/STM32CubeIDE/plugins/com.st.stm32cube.ide.mcu.externaltools.gnu-tools-for-stm32.13.3.rel1.win32_1.0.0.202411081344/tools/bin/../lib/gcc/arm-none-eabi/13.3.1/../../../../arm-none-eabi/lib/thumb/v7e-m+fp/hard\libc_nano.a
LOAD C:/ST/STM32CubeIDE_1.18.0/STM32CubeIDE/plugins/com.st.stm32cube.ide.mcu.externaltools.gnu-tools-for-stm32.13.3.rel1.win32_1.0.0.202411081344/tools/bin/../lib/gcc/arm-none-eabi/13.3.1/../../../../arm-none-eabi/lib/thumb/v7e-m+fp/hard\libnosys.a
END GROUP
LOAD C:/ST/STM32CubeIDE_1.18.0/STM32CubeIDE/plugins/com.st.stm32cube.ide.mcu.externaltools.gnu-tools-for-stm32.13.3.rel1.win32_1.0.0.202411081344/tools/bin/../lib/gcc/arm-none-eabi/13.3.1/thumb/v7e-m+fp/hard/crtend.o
LOAD C:/ST/STM32CubeIDE_1.18.0/STM32CubeIDE/plugins/com.st.stm32cube.ide.mcu.externaltools.gnu-tools-for-stm32.13.3.rel1.win32_1.0.0.202411081344/tools/bin/../lib/gcc/arm-none-eabi/13.3.1/thumb/v7e-m+fp/hard/crtn.o
                0x20020000                        _estack = (ORIGIN (RAM) + LENGTH (RAM))
                0x00000200                        _Min_Heap_Size = 0x200
                0x00000400                        _Min_Stack_Size = 0x400

.isr_vector     0x08000000      0x188
                0x08000000                        . = ALIGN (0x4)
 *(.isr_vector)
 .isr_vector    0x08000000      0x188 ./Core/Startup/startup_stm32f407vgtx.o
                0x08000000                g_pfnVectors
                0x08000188                        . = ALIGN (0x4)

.text           0x08000190    0x11a24
                0x08000190                        . = ALIGN (0x4)
 *(.text)
 .text          0x08000190       0x40 C:/ST/STM32CubeIDE_1.18.0/STM32CubeIDE/plugins/com.st.stm32cube.ide.mcu.externaltools.gnu-tools-for-stm32.13.3.rel1.win32_1.0.0.202411081344/tools/bin/../lib/gcc/arm-none-eabi/13.3.1/thumb/v7e-m+fp/hard/crtbegin.o
 .text          0x080001d0       0x14 C:/ST/STM32CubeIDE_1.18.0/STM32CubeIDE/plugins/com.st.stm32cube.ide.mcu.externaltools.gnu-tools-for-stm32.13.3.rel1.win32_1.0.0.202411081344/tools/bin/../lib/gcc/arm-none-eabi/13.3.1/../../../../arm-none-eabi/lib/thumb/v7e-m+fp/hard\libc_nano.a(libc_a-strcmp.o)
                0x080001d0                strcmp
 .text          0x080001e4       0x10 C:/ST/STM32CubeIDE_1.18.0/STM32CubeIDE/plugins/com.st.stm32cube.ide.mcu.externaltools.gnu-tools-for-stm32.13.3.rel1.win32_1.0.0.202411081344/tools/bin/../lib/gcc/arm-none-eabi/13.3.1/../../../../arm-none-eabi/lib/thumb/v7e-m+fp/hard\libc_nano.a(libc_a-strlen.o)
                0x080001e4                strlen
 *fill*         0x080001f4        0xc 
 .text          0x08000200       0xa0 C:/ST/STM32CubeIDE_1.18.0/STM32CubeIDE/plugins/com.st.stm32cube.ide.mcu.externaltools.gnu-tools-for-stm32.13.3.rel1.win32_1.0.0.202411081344/tools/bin/../lib/gcc/arm-none-eabi/13.3.1/../../../../arm-none-eabi/lib/thumb/v7e-m+fp/hard\libc_nano.a(libc_a-memchr.o)
                0x08000200                memchr
 .text          0x080002a0       0x30 C:/ST/STM32CubeIDE_1.18.0/STM32CubeIDE/plugins/com.st.stm32cube.ide.mcu.externaltools.gnu-tools-for-stm32.13.3.rel1.win32_1.0.0.202411081344/tools/bin/../lib/gcc/arm-none-eabi/13.3.1/thumb/v7e-m+fp/hard\libgcc.a(_aeabi_uldivmod.o)
                0x080002a0                __aeabi_uldivmod
 .text          0x080002d0      0x2f8 C:/ST/STM32CubeIDE_1.18.0/STM32CubeIDE/plugins/com.st.stm32cube.ide.mcu.externaltools.gnu-tools-for-stm32.13.3.rel1.win32_1.0.0.202411081344/tools/bin/../lib/gcc/arm-none-eabi/13.3.1/thumb/v7e-m+fp/hard\libgcc.a(_udivmoddi4.o)
                0x080002d0                __udivmoddi4
 .text          0x080005c8        0x4 C:/ST/STM32CubeIDE_1.18.0/STM32CubeIDE/plugins/com.st.stm32cube.ide.mcu.externaltools.gnu-tools-for-stm32.13.3.rel1.win32_1.0.0.202411081344/tools/bin/../lib/gcc/arm-none-eabi/13.3.1/thumb/v7e-m+fp/hard\libgcc.a(_dvmd_tls.o)
                0x080005c8                __aeabi_idiv0
                0x080005c8                __aeabi_ldiv0
 *(.text*)
 .text.main     0x080005cc      0x1b0 ./Core/Src/main.o
                0x080005cc                main
 .text.SystemClock_Config
                0x0800077c       0xd8 ./Core/Src/main.o
                0x0800077c                SystemClock_Config
 .text.MX_I2C1_Init
                0x08000854       0x5c ./Core/Src/main.o
 .text.MX_I2C2_Init
                0x080008b0       0x5c ./Core/Src/main.o
 .text.MX_I2S3_Init
                0x0800090c       0x5c ./Core/Src/main.o
 .text.MX_RTC_Init
                0x08000968       0xb4 ./Core/Src/main.o
 .text.MX_SPI1_Init
                0x08000a1c       0x6c ./Core/Src/main.o
 .text.MX_SPI2_Init
                0x08000a88       0x6c ./Core/Src/main.o
 .text.MX_TIM4_Init
                0x08000af4      0x118 ./Core/Src/main.o
 .text.MX_USART1_UART_Init
                0x08000c0c       0x54 ./Core/Src/main.o
 .text.MX_USART2_UART_Init
                0x08000c60       0x54 ./Core/Src/main.o
 .text.MX_USART3_UART_Init
                0x08000cb4       0x54 ./Core/Src/main.o
 .text.MX_DMA_Init
                0x08000d08       0x60 ./Core/Src/main.o
 .text.MX_GPIO_Init
                0x08000d68      0x1a4 ./Core/Src/main.o
 .text.HAL_TIM_PeriodElapsedCallback
                0x08000f0c       0x1e ./Core/Src/main.o
                0x08000f0c                HAL_TIM_PeriodElapsedCallback
 .text.Error_Handler
                0x08000f2a        0xc ./Core/Src/main.o
                0x08000f2a                Error_Handler
 *fill*         0x08000f36        0x2 
 .text.MsgHandler_Init
                0x08000f38       0x20 ./Core/Src/msgHandler.o
                0x08000f38                MsgHandler_Init
 .text.MsgHandler_OS_Resources_Init
                0x08000f58       0x38 ./Core/Src/msgHandler.o
                0x08000f58                MsgHandler_OS_Resources_Init
 .text.SendChar
                0x08000f90       0x24 ./Core/Src/msgHandler.o
                0x08000f90                SendChar
 .text.SendMsg  0x08000fb4       0xa4 ./Core/Src/msgHandler.o
                0x08000fb4                SendMsg
 .text.ReceiveChar
                0x08001058       0x60 ./Core/Src/msgHandler.o
                0x08001058                ReceiveChar
 .text.HAL_MspInit
                0x080010b8       0x50 ./Core/Src/stm32f4xx_hal_msp.o
                0x080010b8                HAL_MspInit
 .text.HAL_I2C_MspInit
                0x08001108       0xfc ./Core/Src/stm32f4xx_hal_msp.o
                0x08001108                HAL_I2C_MspInit
 .text.HAL_I2S_MspInit
                0x08001204      0x1ec ./Core/Src/stm32f4xx_hal_msp.o
                0x08001204                HAL_I2S_MspInit
 .text.HAL_RTC_MspInit
                0x080013f0       0x54 ./Core/Src/stm32f4xx_hal_msp.o
                0x080013f0                HAL_RTC_MspInit
 .text.HAL_SPI_MspInit
                0x08001444       0xfc ./Core/Src/stm32f4xx_hal_msp.o
                0x08001444                HAL_SPI_MspInit
 .text.HAL_TIM_Base_MspInit
                0x08001540       0xd0 ./Core/Src/stm32f4xx_hal_msp.o
                0x08001540                HAL_TIM_Base_MspInit
 .text.HAL_TIM_MspPostInit
                0x08001610       0x74 ./Core/Src/stm32f4xx_hal_msp.o
                0x08001610                HAL_TIM_MspPostInit
 .text.HAL_UART_MspInit
                0x08001684      0x1dc ./Core/Src/stm32f4xx_hal_msp.o
                0x08001684                HAL_UART_MspInit
 .text.HAL_InitTick
                0x08001860       0xf8 ./Core/Src/stm32f4xx_hal_timebase_tim.o
                0x08001860                HAL_InitTick
 .text.NMI_Handler
                0x08001958        0x8 ./Core/Src/stm32f4xx_it.o
                0x08001958                NMI_Handler
 .text.HardFault_Handler
                0x08001960        0x8 ./Core/Src/stm32f4xx_it.o
                0x08001960                HardFault_Handler
 .text.MemManage_Handler
                0x08001968        0x8 ./Core/Src/stm32f4xx_it.o
                0x08001968                MemManage_Handler
 .text.BusFault_Handler
                0x08001970        0x8 ./Core/Src/stm32f4xx_it.o
                0x08001970                BusFault_Handler
 .text.UsageFault_Handler
                0x08001978        0x8 ./Core/Src/stm32f4xx_it.o
                0x08001978                UsageFault_Handler
 .text.DebugMon_Handler
                0x08001980        0xe ./Core/Src/stm32f4xx_it.o
                0x08001980                DebugMon_Handler
 *fill*         0x0800198e        0x2 
 .text.DMA1_Stream1_IRQHandler
                0x08001990       0x14 ./Core/Src/stm32f4xx_it.o
                0x08001990                DMA1_Stream1_IRQHandler
 .text.DMA1_Stream2_IRQHandler
                0x080019a4       0x14 ./Core/Src/stm32f4xx_it.o
                0x080019a4                DMA1_Stream2_IRQHandler
 .text.DMA1_Stream5_IRQHandler
                0x080019b8       0x14 ./Core/Src/stm32f4xx_it.o
                0x080019b8                DMA1_Stream5_IRQHandler
 .text.TIM2_IRQHandler
                0x080019cc       0x14 ./Core/Src/stm32f4xx_it.o
                0x080019cc                TIM2_IRQHandler
 .text.USART3_IRQHandler
                0x080019e0       0x14 ./Core/Src/stm32f4xx_it.o
                0x080019e0                USART3_IRQHandler
 .text._getpid  0x080019f4       0x10 ./Core/Src/syscalls.o
                0x080019f4                _getpid
 .text._kill    0x08001a04       0x20 ./Core/Src/syscalls.o
                0x08001a04                _kill
 .text._exit    0x08001a24       0x16 ./Core/Src/syscalls.o
                0x08001a24                _exit
 .text._read    0x08001a3a       0x3a ./Core/Src/syscalls.o
                0x08001a3a                _read
 .text._write   0x08001a74       0x38 ./Core/Src/syscalls.o
                0x08001a74                _write
 .text._close   0x08001aac       0x18 ./Core/Src/syscalls.o
                0x08001aac                _close
 .text._fstat   0x08001ac4       0x20 ./Core/Src/syscalls.o
                0x08001ac4                _fstat
 .text._isatty  0x08001ae4       0x16 ./Core/Src/syscalls.o
                0x08001ae4                _isatty
 .text._lseek   0x08001afa       0x1a ./Core/Src/syscalls.o
                0x08001afa                _lseek
 .text._sbrk    0x08001b14       0x6c ./Core/Src/sysmem.o
                0x08001b14                _sbrk
 .text.SystemInit
                0x08001b80       0x24 ./Core/Src/system_stm32f4xx.o
                0x08001b80                SystemInit
 .text.Reset_Handler
                0x08001ba4       0x50 ./Core/Startup/startup_stm32f407vgtx.o
                0x08001ba4                Reset_Handler
 .text.Default_Handler
                0x08001bf4        0x2 ./Core/Startup/startup_stm32f407vgtx.o
                0x08001bf4                RTC_Alarm_IRQHandler
                0x08001bf4                HASH_RNG_IRQHandler
                0x08001bf4                EXTI2_IRQHandler
                0x08001bf4                TIM8_CC_IRQHandler
                0x08001bf4                TIM1_CC_IRQHandler
                0x08001bf4                DMA2_Stream5_IRQHandler
                0x08001bf4                PVD_IRQHandler
                0x08001bf4                SDIO_IRQHandler
                0x08001bf4                TAMP_STAMP_IRQHandler
                0x08001bf4                CAN2_RX1_IRQHandler
                0x08001bf4                EXTI3_IRQHandler
                0x08001bf4                TIM8_TRG_COM_TIM14_IRQHandler
                0x08001bf4                TIM1_UP_TIM10_IRQHandler
                0x08001bf4                TIM8_UP_TIM13_IRQHandler
                0x08001bf4                I2C3_ER_IRQHandler
                0x08001bf4                EXTI0_IRQHandler
                0x08001bf4                I2C2_EV_IRQHandler
                0x08001bf4                CAN1_RX0_IRQHandler
                0x08001bf4                FPU_IRQHandler
                0x08001bf4                OTG_HS_WKUP_IRQHandler
                0x08001bf4                CAN2_SCE_IRQHandler
                0x08001bf4                DMA2_Stream2_IRQHandler
                0x08001bf4                SPI1_IRQHandler
                0x08001bf4                TIM6_DAC_IRQHandler
                0x08001bf4                TIM1_BRK_TIM9_IRQHandler
                0x08001bf4                DCMI_IRQHandler
                0x08001bf4                CAN2_RX0_IRQHandler
                0x08001bf4                DMA2_Stream3_IRQHandler
                0x08001bf4                USART6_IRQHandler
                0x08001bf4                CAN1_RX1_IRQHandler
                0x08001bf4                UART5_IRQHandler
                0x08001bf4                DMA2_Stream0_IRQHandler
                0x08001bf4                TIM4_IRQHandler
                0x08001bf4                I2C1_EV_IRQHandler
                0x08001bf4                DMA1_Stream6_IRQHandler
                0x08001bf4                UART4_IRQHandler
                0x08001bf4                TIM3_IRQHandler
                0x08001bf4                RCC_IRQHandler
                0x08001bf4                TIM8_BRK_TIM12_IRQHandler
                0x08001bf4                Default_Handler
                0x08001bf4                EXTI15_10_IRQHandler
                0x08001bf4                ADC_IRQHandler
                0x08001bf4                DMA1_Stream7_IRQHandler
                0x08001bf4                TIM7_IRQHandler
                0x08001bf4                CAN2_TX_IRQHandler
                0x08001bf4                TIM5_IRQHandler
                0x08001bf4                DMA2_Stream7_IRQHandler
                0x08001bf4                I2C3_EV_IRQHandler
                0x08001bf4                EXTI9_5_IRQHandler
                0x08001bf4                RTC_WKUP_IRQHandler
                0x08001bf4                ETH_WKUP_IRQHandler
                0x08001bf4                SPI2_IRQHandler
                0x08001bf4                OTG_HS_EP1_IN_IRQHandler
                0x08001bf4                DMA1_Stream0_IRQHandler
                0x08001bf4                CAN1_TX_IRQHandler
                0x08001bf4                EXTI4_IRQHandler
                0x08001bf4                FSMC_IRQHandler
                0x08001bf4                ETH_IRQHandler
                0x08001bf4                OTG_HS_EP1_OUT_IRQHandler
                0x08001bf4                WWDG_IRQHandler
                0x08001bf4                OTG_FS_WKUP_IRQHandler
                0x08001bf4                TIM1_TRG_COM_TIM11_IRQHandler
                0x08001bf4                OTG_HS_IRQHandler
                0x08001bf4                EXTI1_IRQHandler
                0x08001bf4                USART2_IRQHandler
                0x08001bf4                I2C2_ER_IRQHandler
                0x08001bf4                DMA2_Stream1_IRQHandler
                0x08001bf4                CAN1_SCE_IRQHandler
                0x08001bf4                FLASH_IRQHandler
                0x08001bf4                DMA2_Stream4_IRQHandler
                0x08001bf4                USART1_IRQHandler
                0x08001bf4                OTG_FS_IRQHandler
                0x08001bf4                SPI3_IRQHandler
                0x08001bf4                DMA1_Stream4_IRQHandler
                0x08001bf4                I2C1_ER_IRQHandler
                0x08001bf4                DMA2_Stream6_IRQHandler
                0x08001bf4                DMA1_Stream3_IRQHandler
 *fill*         0x08001bf6        0x2 
 .text.HAL_Init
                0x08001bf8       0x44 ./Drivers/STM32F4xx_HAL_Driver/Src/stm32f4xx_hal.o
                0x08001bf8                HAL_Init
 .text.HAL_IncTick
                0x08001c3c       0x28 ./Drivers/STM32F4xx_HAL_Driver/Src/stm32f4xx_hal.o
                0x08001c3c                HAL_IncTick
 .text.HAL_GetTick
                0x08001c64       0x18 ./Drivers/STM32F4xx_HAL_Driver/Src/stm32f4xx_hal.o
                0x08001c64                HAL_GetTick
 .text.HAL_Delay
                0x08001c7c       0x48 ./Drivers/STM32F4xx_HAL_Driver/Src/stm32f4xx_hal.o
                0x08001c7c                HAL_Delay
 .text.__NVIC_SetPriorityGrouping
                0x08001cc4       0x48 ./Drivers/STM32F4xx_HAL_Driver/Src/stm32f4xx_hal_cortex.o
 .text.__NVIC_GetPriorityGrouping
                0x08001d0c       0x1c ./Drivers/STM32F4xx_HAL_Driver/Src/stm32f4xx_hal_cortex.o
 .text.__NVIC_EnableIRQ
                0x08001d28       0x3c ./Drivers/STM32F4xx_HAL_Driver/Src/stm32f4xx_hal_cortex.o
 .text.__NVIC_SetPriority
                0x08001d64       0x54 ./Drivers/STM32F4xx_HAL_Driver/Src/stm32f4xx_hal_cortex.o
 .text.NVIC_EncodePriority
                0x08001db8       0x66 ./Drivers/STM32F4xx_HAL_Driver/Src/stm32f4xx_hal_cortex.o
 .text.HAL_NVIC_SetPriorityGrouping
                0x08001e1e       0x16 ./Drivers/STM32F4xx_HAL_Driver/Src/stm32f4xx_hal_cortex.o
                0x08001e1e                HAL_NVIC_SetPriorityGrouping
 .text.HAL_NVIC_SetPriority
                0x08001e34       0x38 ./Drivers/STM32F4xx_HAL_Driver/Src/stm32f4xx_hal_cortex.o
                0x08001e34                HAL_NVIC_SetPriority
 .text.HAL_NVIC_EnableIRQ
                0x08001e6c       0x1c ./Drivers/STM32F4xx_HAL_Driver/Src/stm32f4xx_hal_cortex.o
                0x08001e6c                HAL_NVIC_EnableIRQ
 .text.HAL_DMA_Init
                0x08001e88      0x15c ./Drivers/STM32F4xx_HAL_Driver/Src/stm32f4xx_hal_dma.o
                0x08001e88                HAL_DMA_Init
 .text.HAL_DMA_Start_IT
                0x08001fe4       0xb0 ./Drivers/STM32F4xx_HAL_Driver/Src/stm32f4xx_hal_dma.o
                0x08001fe4                HAL_DMA_Start_IT
 .text.HAL_DMA_Abort
                0x08002094       0xe0 ./Drivers/STM32F4xx_HAL_Driver/Src/stm32f4xx_hal_dma.o
                0x08002094                HAL_DMA_Abort
 .text.HAL_DMA_Abort_IT
                0x08002174       0x44 ./Drivers/STM32F4xx_HAL_Driver/Src/stm32f4xx_hal_dma.o
                0x08002174                HAL_DMA_Abort_IT
 .text.HAL_DMA_IRQHandler
                0x080021b8      0x314 ./Drivers/STM32F4xx_HAL_Driver/Src/stm32f4xx_hal_dma.o
                0x080021b8                HAL_DMA_IRQHandler
 .text.DMA_SetConfig
                0x080024cc       0x5c ./Drivers/STM32F4xx_HAL_Driver/Src/stm32f4xx_hal_dma.o
 .text.DMA_CalcBaseAndBitshift
                0x08002528       0x6c ./Drivers/STM32F4xx_HAL_Driver/Src/stm32f4xx_hal_dma.o
 .text.DMA_CheckFifoParam
                0x08002594       0xf8 ./Drivers/STM32F4xx_HAL_Driver/Src/stm32f4xx_hal_dma.o
 .text.HAL_GPIO_Init
                0x0800268c      0x338 ./Drivers/STM32F4xx_HAL_Driver/Src/stm32f4xx_hal_gpio.o
                0x0800268c                HAL_GPIO_Init
 .text.HAL_GPIO_WritePin
                0x080029c4       0x32 ./Drivers/STM32F4xx_HAL_Driver/Src/stm32f4xx_hal_gpio.o
                0x080029c4                HAL_GPIO_WritePin
 *fill*         0x080029f6        0x2 
 .text.HAL_I2C_Init
                0x080029f8      0x288 ./Drivers/STM32F4xx_HAL_Driver/Src/stm32f4xx_hal_i2c.o
                0x080029f8                HAL_I2C_Init
 .text.HAL_I2C_Master_Transmit
                0x08002c80      0x1fc ./Drivers/STM32F4xx_HAL_Driver/Src/stm32f4xx_hal_i2c.o
                0x08002c80                HAL_I2C_Master_Transmit
 .text.I2C_MasterRequestWrite
                0x08002e7c      0x104 ./Drivers/STM32F4xx_HAL_Driver/Src/stm32f4xx_hal_i2c.o
 .text.I2C_WaitOnFlagUntilTimeout
                0x08002f80       0xf4 ./Drivers/STM32F4xx_HAL_Driver/Src/stm32f4xx_hal_i2c.o
 .text.I2C_WaitOnMasterAddressFlagUntilTimeout
                0x08003074      0x140 ./Drivers/STM32F4xx_HAL_Driver/Src/stm32f4xx_hal_i2c.o
 .text.I2C_WaitOnTXEFlagUntilTimeout
                0x080031b4       0x90 ./Drivers/STM32F4xx_HAL_Driver/Src/stm32f4xx_hal_i2c.o
 .text.I2C_WaitOnBTFFlagUntilTimeout
                0x08003244       0x90 ./Drivers/STM32F4xx_HAL_Driver/Src/stm32f4xx_hal_i2c.o
 .text.I2C_IsAcknowledgeFailed
                0x080032d4       0x5e ./Drivers/STM32F4xx_HAL_Driver/Src/stm32f4xx_hal_i2c.o
 *fill*         0x08003332        0x2 
 .text.HAL_I2S_Init
                0x08003334      0x280 ./Drivers/STM32F4xx_HAL_Driver/Src/stm32f4xx_hal_i2s.o
                0x08003334                HAL_I2S_Init
 .text.HAL_I2S_TxCpltCallback
                0x080035b4       0x14 ./Drivers/STM32F4xx_HAL_Driver/Src/stm32f4xx_hal_i2s.o
                0x080035b4                HAL_I2S_TxCpltCallback
 .text.HAL_I2S_RxCpltCallback
                0x080035c8       0x14 ./Drivers/STM32F4xx_HAL_Driver/Src/stm32f4xx_hal_i2s.o
                0x080035c8                HAL_I2S_RxCpltCallback
 .text.HAL_I2S_ErrorCallback
                0x080035dc       0x14 ./Drivers/STM32F4xx_HAL_Driver/Src/stm32f4xx_hal_i2s.o
                0x080035dc                HAL_I2S_ErrorCallback
 .text.I2S_Transmit_IT
                0x080035f0       0x5c ./Drivers/STM32F4xx_HAL_Driver/Src/stm32f4xx_hal_i2s.o
 .text.I2S_Receive_IT
                0x0800364c       0x5e ./Drivers/STM32F4xx_HAL_Driver/Src/stm32f4xx_hal_i2s.o
 .text.I2S_IRQHandler
                0x080036aa      0x114 ./Drivers/STM32F4xx_HAL_Driver/Src/stm32f4xx_hal_i2s.o
 *fill*         0x080037be        0x2 
 .text.HAL_I2SEx_FullDuplex_IRQHandler
                0x080037c0      0x2a8 ./Drivers/STM32F4xx_HAL_Driver/Src/stm32f4xx_hal_i2s_ex.o
                0x080037c0                HAL_I2SEx_FullDuplex_IRQHandler
 .text.HAL_I2SEx_TxRxCpltCallback
                0x08003a68       0x14 ./Drivers/STM32F4xx_HAL_Driver/Src/stm32f4xx_hal_i2s_ex.o
                0x08003a68                HAL_I2SEx_TxRxCpltCallback
 .text.I2SEx_TxISR_I2S
                0x08003a7c       0x62 ./Drivers/STM32F4xx_HAL_Driver/Src/stm32f4xx_hal_i2s_ex.o
 *fill*         0x08003ade        0x2 
 .text.I2SEx_TxISR_I2SExt
                0x08003ae0       0x98 ./Drivers/STM32F4xx_HAL_Driver/Src/stm32f4xx_hal_i2s_ex.o
 .text.I2SEx_RxISR_I2S
                0x08003b78       0x64 ./Drivers/STM32F4xx_HAL_Driver/Src/stm32f4xx_hal_i2s_ex.o
 .text.I2SEx_RxISR_I2SExt
                0x08003bdc       0x98 ./Drivers/STM32F4xx_HAL_Driver/Src/stm32f4xx_hal_i2s_ex.o
 .text.HAL_RCC_OscConfig
                0x08003c74      0x4f0 ./Drivers/STM32F4xx_HAL_Driver/Src/stm32f4xx_hal_rcc.o
                0x08003c74                HAL_RCC_OscConfig
 .text.HAL_RCC_ClockConfig
                0x08004164      0x1cc ./Drivers/STM32F4xx_HAL_Driver/Src/stm32f4xx_hal_rcc.o
                0x08004164                HAL_RCC_ClockConfig
 .text.HAL_RCC_GetSysClockFreq
                0x08004330      0x20c ./Drivers/STM32F4xx_HAL_Driver/Src/stm32f4xx_hal_rcc.o
                0x08004330                HAL_RCC_GetSysClockFreq
 .text.HAL_RCC_GetHCLKFreq
                0x0800453c       0x18 ./Drivers/STM32F4xx_HAL_Driver/Src/stm32f4xx_hal_rcc.o
                0x0800453c                HAL_RCC_GetHCLKFreq
 .text.HAL_RCC_GetPCLK1Freq
                0x08004554       0x28 ./Drivers/STM32F4xx_HAL_Driver/Src/stm32f4xx_hal_rcc.o
                0x08004554                HAL_RCC_GetPCLK1Freq
 .text.HAL_RCC_GetPCLK2Freq
                0x0800457c       0x28 ./Drivers/STM32F4xx_HAL_Driver/Src/stm32f4xx_hal_rcc.o
                0x0800457c                HAL_RCC_GetPCLK2Freq
 .text.HAL_RCC_GetClockConfig
                0x080045a4       0x64 ./Drivers/STM32F4xx_HAL_Driver/Src/stm32f4xx_hal_rcc.o
                0x080045a4                HAL_RCC_GetClockConfig
 .text.HAL_RCCEx_PeriphCLKConfig
                0x08004608      0x1c4 ./Drivers/STM32F4xx_HAL_Driver/Src/stm32f4xx_hal_rcc_ex.o
                0x08004608                HAL_RCCEx_PeriphCLKConfig
 .text.HAL_RCCEx_GetPeriphCLKFreq
                0x080047cc       0xc0 ./Drivers/STM32F4xx_HAL_Driver/Src/stm32f4xx_hal_rcc_ex.o
                0x080047cc                HAL_RCCEx_GetPeriphCLKFreq
 .text.HAL_RTC_Init
                0x0800488c      0x106 ./Drivers/STM32F4xx_HAL_Driver/Src/stm32f4xx_hal_rtc.o
                0x0800488c                HAL_RTC_Init
 .text.HAL_RTC_SetTime
                0x08004992      0x134 ./Drivers/STM32F4xx_HAL_Driver/Src/stm32f4xx_hal_rtc.o
                0x08004992                HAL_RTC_SetTime
 .text.HAL_RTC_GetTime
                0x08004ac6       0xbc ./Drivers/STM32F4xx_HAL_Driver/Src/stm32f4xx_hal_rtc.o
                0x08004ac6                HAL_RTC_GetTime
 .text.HAL_RTC_SetDate
                0x08004b82      0x108 ./Drivers/STM32F4xx_HAL_Driver/Src/stm32f4xx_hal_rtc.o
                0x08004b82                HAL_RTC_SetDate
 .text.HAL_RTC_GetDate
                0x08004c8a       0x9e ./Drivers/STM32F4xx_HAL_Driver/Src/stm32f4xx_hal_rtc.o
                0x08004c8a                HAL_RTC_GetDate
 .text.HAL_RTC_WaitForSynchro
                0x08004d28       0x4c ./Drivers/STM32F4xx_HAL_Driver/Src/stm32f4xx_hal_rtc.o
                0x08004d28                HAL_RTC_WaitForSynchro
 .text.RTC_EnterInitMode
                0x08004d74       0x6e ./Drivers/STM32F4xx_HAL_Driver/Src/stm32f4xx_hal_rtc.o
                0x08004d74                RTC_EnterInitMode
 .text.RTC_ExitInitMode
                0x08004de2       0x4a ./Drivers/STM32F4xx_HAL_Driver/Src/stm32f4xx_hal_rtc.o
                0x08004de2                RTC_ExitInitMode
 .text.RTC_ByteToBcd2
                0x08004e2c       0x3c ./Drivers/STM32F4xx_HAL_Driver/Src/stm32f4xx_hal_rtc.o
                0x08004e2c                RTC_ByteToBcd2
 .text.RTC_Bcd2ToByte
                0x08004e68       0x3c ./Drivers/STM32F4xx_HAL_Driver/Src/stm32f4xx_hal_rtc.o
                0x08004e68                RTC_Bcd2ToByte
 .text.HAL_SPI_Init
                0x08004ea4      0x112 ./Drivers/STM32F4xx_HAL_Driver/Src/stm32f4xx_hal_spi.o
                0x08004ea4                HAL_SPI_Init
 .text.HAL_SPI_Transmit
                0x08004fb6      0x288 ./Drivers/STM32F4xx_HAL_Driver/Src/stm32f4xx_hal_spi.o
                0x08004fb6                HAL_SPI_Transmit
 .text.HAL_SPI_TransmitReceive
                0x0800523e      0x352 ./Drivers/STM32F4xx_HAL_Driver/Src/stm32f4xx_hal_spi.o
                0x0800523e                HAL_SPI_TransmitReceive
 .text.SPI_WaitFlagStateUntilTimeout
                0x08005590      0x110 ./Drivers/STM32F4xx_HAL_Driver/Src/stm32f4xx_hal_spi.o
 .text.SPI_EndRxTxTransaction
                0x080056a0       0xa8 ./Drivers/STM32F4xx_HAL_Driver/Src/stm32f4xx_hal_spi.o
 .text.HAL_TIM_Base_Init
                0x08005748       0x9e ./Drivers/STM32F4xx_HAL_Driver/Src/stm32f4xx_hal_tim.o
                0x08005748                HAL_TIM_Base_Init
 *fill*         0x080057e6        0x2 
 .text.HAL_TIM_Base_Start_IT
                0x080057e8       0xe0 ./Drivers/STM32F4xx_HAL_Driver/Src/stm32f4xx_hal_tim.o
                0x080057e8                HAL_TIM_Base_Start_IT
 .text.HAL_TIM_PWM_Init
                0x080058c8       0x9e ./Drivers/STM32F4xx_HAL_Driver/Src/stm32f4xx_hal_tim.o
                0x080058c8                HAL_TIM_PWM_Init
 .text.HAL_TIM_PWM_MspInit
                0x08005966       0x14 ./Drivers/STM32F4xx_HAL_Driver/Src/stm32f4xx_hal_tim.o
                0x08005966                HAL_TIM_PWM_MspInit
 *fill*         0x0800597a        0x2 
 .text.HAL_TIM_PWM_Start
                0x0800597c      0x190 ./Drivers/STM32F4xx_HAL_Driver/Src/stm32f4xx_hal_tim.o
                0x0800597c                HAL_TIM_PWM_Start
 .text.HAL_TIM_IRQHandler
                0x08005b0c      0x1e0 ./Drivers/STM32F4xx_HAL_Driver/Src/stm32f4xx_hal_tim.o
                0x08005b0c                HAL_TIM_IRQHandler
 .text.HAL_TIM_PWM_ConfigChannel
                0x08005cec      0x184 ./Drivers/STM32F4xx_HAL_Driver/Src/stm32f4xx_hal_tim.o
                0x08005cec                HAL_TIM_PWM_ConfigChannel
 .text.HAL_TIM_ConfigClockSource
                0x08005e70      0x18e ./Drivers/STM32F4xx_HAL_Driver/Src/stm32f4xx_hal_tim.o
                0x08005e70                HAL_TIM_ConfigClockSource
 .text.HAL_TIM_OC_DelayElapsedCallback
                0x08005ffe       0x14 ./Drivers/STM32F4xx_HAL_Driver/Src/stm32f4xx_hal_tim.o
                0x08005ffe                HAL_TIM_OC_DelayElapsedCallback
 .text.HAL_TIM_IC_CaptureCallback
                0x08006012       0x14 ./Drivers/STM32F4xx_HAL_Driver/Src/stm32f4xx_hal_tim.o
                0x08006012                HAL_TIM_IC_CaptureCallback
 .text.HAL_TIM_PWM_PulseFinishedCallback
                0x08006026       0x14 ./Drivers/STM32F4xx_HAL_Driver/Src/stm32f4xx_hal_tim.o
                0x08006026                HAL_TIM_PWM_PulseFinishedCallback
 .text.HAL_TIM_TriggerCallback
                0x0800603a       0x14 ./Drivers/STM32F4xx_HAL_Driver/Src/stm32f4xx_hal_tim.o
                0x0800603a                HAL_TIM_TriggerCallback
 *fill*         0x0800604e        0x2 
 .text.TIM_Base_SetConfig
                0x08006050      0x158 ./Drivers/STM32F4xx_HAL_Driver/Src/stm32f4xx_hal_tim.o
                0x08006050                TIM_Base_SetConfig
 .text.TIM_OC1_SetConfig
                0x080061a8       0xe0 ./Drivers/STM32F4xx_HAL_Driver/Src/stm32f4xx_hal_tim.o
 .text.TIM_OC2_SetConfig
                0x08006288       0xec ./Drivers/STM32F4xx_HAL_Driver/Src/stm32f4xx_hal_tim.o
                0x08006288                TIM_OC2_SetConfig
 .text.TIM_OC3_SetConfig
                0x08006374       0xe8 ./Drivers/STM32F4xx_HAL_Driver/Src/stm32f4xx_hal_tim.o
 .text.TIM_OC4_SetConfig
                0x0800645c       0xac ./Drivers/STM32F4xx_HAL_Driver/Src/stm32f4xx_hal_tim.o
 .text.TIM_TI1_ConfigInputStage
                0x08006508       0x5e ./Drivers/STM32F4xx_HAL_Driver/Src/stm32f4xx_hal_tim.o
 .text.TIM_TI2_ConfigInputStage
                0x08006566       0x60 ./Drivers/STM32F4xx_HAL_Driver/Src/stm32f4xx_hal_tim.o
 .text.TIM_ITRx_SetConfig
                0x080065c6       0x36 ./Drivers/STM32F4xx_HAL_Driver/Src/stm32f4xx_hal_tim.o
 .text.TIM_ETR_SetConfig
                0x080065fc       0x40 ./Drivers/STM32F4xx_HAL_Driver/Src/stm32f4xx_hal_tim.o
                0x080065fc                TIM_ETR_SetConfig
 .text.TIM_CCxChannelCmd
                0x0800663c       0x4a ./Drivers/STM32F4xx_HAL_Driver/Src/stm32f4xx_hal_tim.o
                0x0800663c                TIM_CCxChannelCmd
 *fill*         0x08006686        0x2 
 .text.HAL_TIMEx_MasterConfigSynchronization
                0x08006688       0xf8 ./Drivers/STM32F4xx_HAL_Driver/Src/stm32f4xx_hal_tim_ex.o
                0x08006688                HAL_TIMEx_MasterConfigSynchronization
 .text.HAL_TIMEx_CommutCallback
                0x08006780       0x14 ./Drivers/STM32F4xx_HAL_Driver/Src/stm32f4xx_hal_tim_ex.o
                0x08006780                HAL_TIMEx_CommutCallback
 .text.HAL_TIMEx_BreakCallback
                0x08006794       0x14 ./Drivers/STM32F4xx_HAL_Driver/Src/stm32f4xx_hal_tim_ex.o
                0x08006794                HAL_TIMEx_BreakCallback
 .text.HAL_UART_Init
                0x080067a8       0xa0 ./Drivers/STM32F4xx_HAL_Driver/Src/stm32f4xx_hal_uart.o
                0x080067a8                HAL_UART_Init
 .text.HAL_UART_Transmit
                0x08006848      0x116 ./Drivers/STM32F4xx_HAL_Driver/Src/stm32f4xx_hal_uart.o
                0x08006848                HAL_UART_Transmit
 .text.HAL_UART_Receive
                0x0800695e      0x12e ./Drivers/STM32F4xx_HAL_Driver/Src/stm32f4xx_hal_uart.o
                0x0800695e                HAL_UART_Receive
 .text.HAL_UARTEx_ReceiveToIdle_DMA
                0x08006a8c       0xba ./Drivers/STM32F4xx_HAL_Driver/Src/stm32f4xx_hal_uart.o
                0x08006a8c                HAL_UARTEx_ReceiveToIdle_DMA
 *fill*         0x08006b46        0x2 
 .text.HAL_UART_IRQHandler
                0x08006b48      0x524 ./Drivers/STM32F4xx_HAL_Driver/Src/stm32f4xx_hal_uart.o
                0x08006b48                HAL_UART_IRQHandler
 .text.HAL_UART_TxCpltCallback
                0x0800706c       0x14 ./Drivers/STM32F4xx_HAL_Driver/Src/stm32f4xx_hal_uart.o
                0x0800706c                HAL_UART_TxCpltCallback
 .text.HAL_UART_RxCpltCallback
                0x08007080       0x14 ./Drivers/STM32F4xx_HAL_Driver/Src/stm32f4xx_hal_uart.o
                0x08007080                HAL_UART_RxCpltCallback
 .text.HAL_UART_RxHalfCpltCallback
                0x08007094       0x14 ./Drivers/STM32F4xx_HAL_Driver/Src/stm32f4xx_hal_uart.o
                0x08007094                HAL_UART_RxHalfCpltCallback
 .text.HAL_UART_ErrorCallback
                0x080070a8       0x14 ./Drivers/STM32F4xx_HAL_Driver/Src/stm32f4xx_hal_uart.o
                0x080070a8                HAL_UART_ErrorCallback
 .text.UART_DMAReceiveCplt
                0x080070bc      0x12c ./Drivers/STM32F4xx_HAL_Driver/Src/stm32f4xx_hal_uart.o
 .text.UART_DMARxHalfCplt
                0x080071e8       0x3c ./Drivers/STM32F4xx_HAL_Driver/Src/stm32f4xx_hal_uart.o
 .text.UART_DMAError
                0x08007224       0x94 ./Drivers/STM32F4xx_HAL_Driver/Src/stm32f4xx_hal_uart.o
 .text.UART_WaitOnFlagUntilTimeout
                0x080072b8       0xb2 ./Drivers/STM32F4xx_HAL_Driver/Src/stm32f4xx_hal_uart.o
 *fill*         0x0800736a        0x2 
 .text.UART_Start_Receive_DMA
                0x0800736c      0x134 ./Drivers/STM32F4xx_HAL_Driver/Src/stm32f4xx_hal_uart.o
                0x0800736c                UART_Start_Receive_DMA
 .text.UART_EndTxTransfer
                0x080074a0       0x50 ./Drivers/STM32F4xx_HAL_Driver/Src/stm32f4xx_hal_uart.o
 .text.UART_EndRxTransfer
                0x080074f0       0xc6 ./Drivers/STM32F4xx_HAL_Driver/Src/stm32f4xx_hal_uart.o
 .text.UART_DMAAbortOnError
                0x080075b6       0x28 ./Drivers/STM32F4xx_HAL_Driver/Src/stm32f4xx_hal_uart.o
 .text.UART_Transmit_IT
                0x080075de       0xa0 ./Drivers/STM32F4xx_HAL_Driver/Src/stm32f4xx_hal_uart.o
 .text.UART_EndTransmit_IT
                0x0800767e       0x30 ./Drivers/STM32F4xx_HAL_Driver/Src/stm32f4xx_hal_uart.o
 .text.UART_Receive_IT
                0x080076ae      0x17c ./Drivers/STM32F4xx_HAL_Driver/Src/stm32f4xx_hal_uart.o
 *fill*         0x0800782a        0x2 
 .text.UART_SetConfig
                0x0800782c      0x4e8 ./Drivers/STM32F4xx_HAL_Driver/Src/stm32f4xx_hal_uart.o
 .text.ESP32_Init
                0x08007d14       0x2c ./ESP32/Src/esp32.o
                0x08007d14                ESP32_Init
 .text.ESP32_OS_Resources_Init
                0x08007d40       0x70 ./ESP32/Src/esp32.o
                0x08007d40                ESP32_OS_Resources_Init
 .text.ESP32Sender
                0x08007db0       0x74 ./ESP32/Src/esp32.o
                0x08007db0                ESP32Sender
 .text.HAL_UARTEx_RxEventCallback
                0x08007e24       0xb4 ./ESP32/Src/esp32.o
                0x08007e24                HAL_UARTEx_RxEventCallback
 .text.ESP32Receiver
                0x08007ed8       0x98 ./ESP32/Src/esp32.o
                0x08007ed8                ESP32Receiver
 .text.MX_FATFS_Init
                0x08007f70       0x24 ./FATFS/App/fatfs.o
                0x08007f70                MX_FATFS_Init
 .text.get_fattime
                0x08007f94       0x10 ./FATFS/App/fatfs.o
                0x08007f94                get_fattime
 .text.USER_initialize
                0x08007fa4       0x1c ./FATFS/Target/user_diskio.o
                0x08007fa4                USER_initialize
 .text.USER_status
                0x08007fc0       0x1c ./FATFS/Target/user_diskio.o
                0x08007fc0                USER_status
 .text.USER_read
                0x08007fdc       0x26 ./FATFS/Target/user_diskio.o
                0x08007fdc                USER_read
 .text.USER_write
                0x08008002       0x26 ./FATFS/Target/user_diskio.o
                0x08008002                USER_write
 .text.USER_ioctl
                0x08008028       0x26 ./FATFS/Target/user_diskio.o
                0x08008028                USER_ioctl
 *fill*         0x0800804e        0x2 
 .text.SPI_Timer_On
                0x08008050       0x28 ./FATFS/Target/user_diskio_spi.o
                0x08008050                SPI_Timer_On
 .text.SPI_Timer_Status
                0x08008078       0x2c ./FATFS/Target/user_diskio_spi.o
                0x08008078                SPI_Timer_Status
 .text.xchg_spi
                0x080080a4       0x2c ./FATFS/Target/user_diskio_spi.o
 .text.rcvr_spi_multi
                0x080080d0       0x38 ./FATFS/Target/user_diskio_spi.o
 .text.xmit_spi_multi
                0x08008108       0x28 ./FATFS/Target/user_diskio_spi.o
 .text.wait_ready
                0x08008130       0x46 ./FATFS/Target/user_diskio_spi.o
 *fill*         0x08008176        0x2 
 .text.despiselect
                0x08008178       0x20 ./FATFS/Target/user_diskio_spi.o
 .text.spiselect
                0x08008198       0x38 ./FATFS/Target/user_diskio_spi.o
 .text.rcvr_datablock
                0x080081d0       0x52 ./FATFS/Target/user_diskio_spi.o
 .text.xmit_datablock
                0x08008222       0x64 ./FATFS/Target/user_diskio_spi.o
 .text.send_cmd
                0x08008286       0xde ./FATFS/Target/user_diskio_spi.o
 .text.USER_SPI_initialize
                0x08008364      0x1d8 ./FATFS/Target/user_diskio_spi.o
                0x08008364                USER_SPI_initialize
 .text.USER_SPI_status
                0x0800853c       0x2c ./FATFS/Target/user_diskio_spi.o
                0x0800853c                USER_SPI_status
 .text.USER_SPI_read
                0x08008568       0xcc ./FATFS/Target/user_diskio_spi.o
                0x08008568                USER_SPI_read
 .text.USER_SPI_write
                0x08008634       0xf8 ./FATFS/Target/user_diskio_spi.o
                0x08008634                USER_SPI_write
 .text.USER_SPI_ioctl
                0x0800872c      0x2e0 ./FATFS/Target/user_diskio_spi.o
                0x0800872c                USER_SPI_ioctl
 .text.vListInitialise
                0x08008a0c       0x40 ./FreeRTOS/list.o
                0x08008a0c                vListInitialise
 .text.vListInitialiseItem
                0x08008a4c       0x1a ./FreeRTOS/list.o
                0x08008a4c                vListInitialiseItem
 .text.vListInsertEnd
                0x08008a66       0x48 ./FreeRTOS/list.o
                0x08008a66                vListInsertEnd
 .text.vListInsert
                0x08008aae       0x72 ./FreeRTOS/list.o
                0x08008aae                vListInsert
 .text.uxListRemove
                0x08008b20       0x54 ./FreeRTOS/list.o
                0x08008b20                uxListRemove
 .text.xQueueGenericReset
                0x08008b74       0xd4 ./FreeRTOS/queue.o
                0x08008b74                xQueueGenericReset
 .text.xQueueGenericCreate
                0x08008c48       0x7a ./FreeRTOS/queue.o
                0x08008c48                xQueueGenericCreate
 .text.prvInitialiseNewQueue
                0x08008cc2       0x46 ./FreeRTOS/queue.o
 .text.prvInitialiseMutex
                0x08008d08       0x34 ./FreeRTOS/queue.o
 .text.xQueueCreateMutex
                0x08008d3c       0x30 ./FreeRTOS/queue.o
                0x08008d3c                xQueueCreateMutex
 .text.xQueueGenericSend
                0x08008d6c      0x204 ./FreeRTOS/queue.o
                0x08008d6c                xQueueGenericSend
 .text.xQueueGenericSendFromISR
                0x08008f70      0x136 ./FreeRTOS/queue.o
                0x08008f70                xQueueGenericSendFromISR
 *fill*         0x080090a6        0x2 
 .text.xQueueReceive
                0x080090a8      0x1c4 ./FreeRTOS/queue.o
                0x080090a8                xQueueReceive
 .text.xQueueSemaphoreTake
                0x0800926c      0x220 ./FreeRTOS/queue.o
                0x0800926c                xQueueSemaphoreTake
 .text.prvGetDisinheritPriorityAfterTimeout
                0x0800948c       0x30 ./FreeRTOS/queue.o
 .text.prvCopyDataToQueue
                0x080094bc       0xd4 ./FreeRTOS/queue.o
 .text.prvCopyDataFromQueue
                0x08009590       0x4c ./FreeRTOS/queue.o
 .text.prvUnlockQueue
                0x080095dc       0xa4 ./FreeRTOS/queue.o
 .text.prvIsQueueEmpty
                0x08009680       0x2c ./FreeRTOS/queue.o
 .text.prvIsQueueFull
                0x080096ac       0x30 ./FreeRTOS/queue.o
 .text.vQueueAddToRegistry
                0x080096dc       0x54 ./FreeRTOS/queue.o
                0x080096dc                vQueueAddToRegistry
 .text.vQueueWaitForMessageRestricted
                0x08009730       0x68 ./FreeRTOS/queue.o
                0x08009730                vQueueWaitForMessageRestricted
 .text.xTaskCreate
                0x08009798       0x82 ./FreeRTOS/tasks.o
                0x08009798                xTaskCreate
 .text.prvInitialiseNewTask
                0x0800981a      0x120 ./FreeRTOS/tasks.o
 *fill*         0x0800993a        0x2 
 .text.prvAddNewTaskToReadyList
                0x0800993c       0xdc ./FreeRTOS/tasks.o
 .text.vTaskDelay
                0x08009a18       0x6c ./FreeRTOS/tasks.o
                0x08009a18                vTaskDelay
 .text.vTaskStartScheduler
                0x08009a84       0x9c ./FreeRTOS/tasks.o
                0x08009a84                vTaskStartScheduler
 .text.vTaskSuspendAll
                0x08009b20       0x1c ./FreeRTOS/tasks.o
                0x08009b20                vTaskSuspendAll
 .text.xTaskResumeAll
                0x08009b3c      0x13c ./FreeRTOS/tasks.o
                0x08009b3c                xTaskResumeAll
 .text.xTaskGetTickCount
                0x08009c78       0x20 ./FreeRTOS/tasks.o
                0x08009c78                xTaskGetTickCount
 .text.xTaskIncrementTick
                0x08009c98      0x174 ./FreeRTOS/tasks.o
                0x08009c98                xTaskIncrementTick
 .text.vTaskSwitchContext
                0x08009e0c       0xb8 ./FreeRTOS/tasks.o
                0x08009e0c                vTaskSwitchContext
 .text.vTaskPlaceOnEventList
                0x08009ec4       0x4c ./FreeRTOS/tasks.o
                0x08009ec4                vTaskPlaceOnEventList
 .text.vTaskPlaceOnEventListRestricted
                0x08009f10       0x58 ./FreeRTOS/tasks.o
                0x08009f10                vTaskPlaceOnEventListRestricted
 .text.xTaskRemoveFromEventList
                0x08009f68       0xc8 ./FreeRTOS/tasks.o
                0x08009f68                xTaskRemoveFromEventList
 .text.vTaskInternalSetTimeOutState
                0x0800a030       0x2c ./FreeRTOS/tasks.o
                0x0800a030                vTaskInternalSetTimeOutState
 .text.xTaskCheckForTimeOut
                0x0800a05c       0xc8 ./FreeRTOS/tasks.o
                0x0800a05c                xTaskCheckForTimeOut
 .text.vTaskMissedYield
                0x0800a124       0x18 ./FreeRTOS/tasks.o
                0x0800a124                vTaskMissedYield
 .text.prvIdleTask
                0x0800a13c       0x30 ./FreeRTOS/tasks.o
 .text.prvInitialiseTaskLists
                0x0800a16c       0x80 ./FreeRTOS/tasks.o
 .text.prvCheckTasksWaitingTermination
                0x0800a1ec       0x5c ./FreeRTOS/tasks.o
 .text.prvDeleteTCB
                0x0800a248       0x20 ./FreeRTOS/tasks.o
 .text.prvResetNextTaskUnblockTime
                0x0800a268       0x40 ./FreeRTOS/tasks.o
 .text.xTaskGetSchedulerState
                0x0800a2a8       0x3c ./FreeRTOS/tasks.o
                0x0800a2a8                xTaskGetSchedulerState
 .text.xTaskPriorityInherit
                0x0800a2e4      0x100 ./FreeRTOS/tasks.o
                0x0800a2e4                xTaskPriorityInherit
 .text.xTaskPriorityDisinherit
                0x0800a3e4      0x110 ./FreeRTOS/tasks.o
                0x0800a3e4                xTaskPriorityDisinherit
 .text.vTaskPriorityDisinheritAfterTimeout
                0x0800a4f4      0x138 ./FreeRTOS/tasks.o
                0x0800a4f4                vTaskPriorityDisinheritAfterTimeout
 .text.pvTaskIncrementMutexHeldCount
                0x0800a62c       0x28 ./FreeRTOS/tasks.o
                0x0800a62c                pvTaskIncrementMutexHeldCount
 .text.prvAddCurrentTaskToDelayedList
                0x0800a654       0xcc ./FreeRTOS/tasks.o
 .text.xTimerCreateTimerTask
                0x0800a720       0x68 ./FreeRTOS/timers.o
                0x0800a720                xTimerCreateTimerTask
 .text.xTimerGenericCommand
                0x0800a788       0x9c ./FreeRTOS/timers.o
                0x0800a788                xTimerGenericCommand
 .text.prvProcessExpiredTimer
                0x0800a824       0x9c ./FreeRTOS/timers.o
 .text.prvTimerTask
                0x0800a8c0       0x26 ./FreeRTOS/timers.o
 *fill*         0x0800a8e6        0x2 
 .text.prvProcessTimerOrBlockTask
                0x0800a8e8       0x9c ./FreeRTOS/timers.o
 .text.prvGetNextExpireTime
                0x0800a984       0x48 ./FreeRTOS/timers.o
 .text.prvSampleTimeNow
                0x0800a9cc       0x40 ./FreeRTOS/timers.o
 .text.prvInsertTimerInActiveList
                0x0800aa0c       0x84 ./FreeRTOS/timers.o
 .text.prvProcessReceivedCommands
                0x0800aa90      0x194 ./FreeRTOS/timers.o
 .text.prvSwitchTimerLists
                0x0800ac24       0xcc ./FreeRTOS/timers.o
 .text.prvCheckForValidListAndQueue
                0x0800acf0       0x6c ./FreeRTOS/timers.o
 .text.pxPortInitialiseStack
                0x0800ad5c       0x68 ./FreeRTOS/portable/ARM_CM4F/port.o
                0x0800ad5c                pxPortInitialiseStack
 .text.prvTaskExitError
                0x0800adc4       0x5c ./FreeRTOS/portable/ARM_CM4F/port.o
 .text.SVC_Handler
                0x0800ae20       0x28 ./FreeRTOS/portable/ARM_CM4F/port.o
                0x0800ae20                SVC_Handler
 .text.prvPortStartFirstTask
                0x0800ae48       0x28 ./FreeRTOS/portable/ARM_CM4F/port.o
 .text.xPortStartScheduler
                0x0800ae70      0x148 ./FreeRTOS/portable/ARM_CM4F/port.o
                0x0800ae70                xPortStartScheduler
 .text.vPortEnterCritical
                0x0800afb8       0x64 ./FreeRTOS/portable/ARM_CM4F/port.o
                0x0800afb8                vPortEnterCritical
 .text.vPortExitCritical
                0x0800b01c       0x54 ./FreeRTOS/portable/ARM_CM4F/port.o
                0x0800b01c                vPortExitCritical
 .text.PendSV_Handler
                0x0800b070       0x68 ./FreeRTOS/portable/ARM_CM4F/port.o
                0x0800b070                PendSV_Handler
 .text.SysTick_Handler
                0x0800b0d8       0x44 ./FreeRTOS/portable/ARM_CM4F/port.o
                0x0800b0d8                SysTick_Handler
 .text.vPortSetupTimerInterrupt
                0x0800b11c       0x48 ./FreeRTOS/portable/ARM_CM4F/port.o
                0x0800b11c                vPortSetupTimerInterrupt
 .text.vPortEnableVFP
                0x0800b164       0x14 ./FreeRTOS/portable/ARM_CM4F/port.o
 .text.vPortValidateInterruptPriority
                0x0800b178       0x84 ./FreeRTOS/portable/ARM_CM4F/port.o
                0x0800b178                vPortValidateInterruptPriority
 .text.pvPortMalloc
                0x0800b1fc      0x190 ./FreeRTOS/portable/MemMang/heap_4.o
                0x0800b1fc                pvPortMalloc
 .text.vPortFree
                0x0800b38c       0xb8 ./FreeRTOS/portable/MemMang/heap_4.o
                0x0800b38c                vPortFree
 .text.prvHeapInit
                0x0800b444       0xc4 ./FreeRTOS/portable/MemMang/heap_4.o
 .text.prvInsertBlockIntoFreeList
                0x0800b508       0xb4 ./FreeRTOS/portable/MemMang/heap_4.o
 .text.lcd_send_cmd
                0x0800b5bc       0x66 ./LCD/Src/i2c_lcd.o
                0x0800b5bc                lcd_send_cmd
 .text.lcd_send_data
                0x0800b622       0x66 ./LCD/Src/i2c_lcd.o
                0x0800b622                lcd_send_data
 .text.lcd_gotoxy
                0x0800b688       0x64 ./LCD/Src/i2c_lcd.o
                0x0800b688                lcd_gotoxy
 .text.lcd_init
                0x0800b6ec       0x8e ./LCD/Src/i2c_lcd.o
                0x0800b6ec                lcd_init
 .text.lcd_puts
                0x0800b77a       0x2e ./LCD/Src/i2c_lcd.o
                0x0800b77a                lcd_puts
 .text.lcd_putchar
                0x0800b7a8       0x1e ./LCD/Src/i2c_lcd.o
                0x0800b7a8                lcd_putchar
 *fill*         0x0800b7c6        0x2 
 .text.LCD2004_Init
                0x0800b7c8       0x38 ./LCD/Src/lcd2004.o
                0x0800b7c8                LCD2004_Init
 .text.LCD2004_OS_Resources_Init
                0x0800b800       0x2c ./LCD/Src/lcd2004.o
                0x0800b800                LCD2004_OS_Resources_Init
 .text.LCD_ClearLine
                0x0800b82c       0x40 ./LCD/Src/lcd2004.o
                0x0800b82c                LCD_ClearLine
 .text.SetLCDCommandStatus
                0x0800b86c      0x128 ./LCD/Src/lcd2004.o
                0x0800b86c                SetLCDCommandStatus
 .text.LCDHandler
                0x0800b994       0x50 ./LCD/Src/lcd2004.o
                0x0800b994                LCDHandler
 .text.LED_Init
                0x0800b9e4       0x24 ./LED/led.o
                0x0800b9e4                LED_Init
 .text.LED_OS_Resources_Init
                0x0800ba08       0x2c ./LED/led.o
                0x0800ba08                LED_OS_Resources_Init
 .text.setColor
                0x0800ba34       0x3c ./LED/led.o
                0x0800ba34                setColor
 .text.LEDHandler
                0x0800ba70       0x88 ./LED/led.o
                0x0800ba70                LEDHandler
 .text.LEDTask  0x0800baf8       0xbc ./LED/led.o
                0x0800baf8                LEDTask
 .text.disk_status
                0x0800bbb4       0x34 ./Middlewares/Third_Party/FatFs/src/diskio.o
                0x0800bbb4                disk_status
 .text.disk_initialize
                0x0800bbe8       0x50 ./Middlewares/Third_Party/FatFs/src/diskio.o
                0x0800bbe8                disk_initialize
 .text.disk_read
                0x0800bc38       0x40 ./Middlewares/Third_Party/FatFs/src/diskio.o
                0x0800bc38                disk_read
 .text.disk_write
                0x0800bc78       0x40 ./Middlewares/Third_Party/FatFs/src/diskio.o
                0x0800bc78                disk_write
 .text.disk_ioctl
                0x0800bcb8       0x3c ./Middlewares/Third_Party/FatFs/src/diskio.o
                0x0800bcb8                disk_ioctl
 .text.ld_word  0x0800bcf4       0x32 ./Middlewares/Third_Party/FatFs/src/ff.o
 .text.ld_dword
                0x0800bd26       0x46 ./Middlewares/Third_Party/FatFs/src/ff.o
 .text.st_word  0x0800bd6c       0x36 ./Middlewares/Third_Party/FatFs/src/ff.o
 .text.st_dword
                0x0800bda2       0x58 ./Middlewares/Third_Party/FatFs/src/ff.o
 .text.mem_cpy  0x0800bdfa       0x42 ./Middlewares/Third_Party/FatFs/src/ff.o
 .text.mem_set  0x0800be3c       0x36 ./Middlewares/Third_Party/FatFs/src/ff.o
 .text.mem_cmp  0x0800be72       0x4e ./Middlewares/Third_Party/FatFs/src/ff.o
 .text.chk_chr  0x0800bec0       0x36 ./Middlewares/Third_Party/FatFs/src/ff.o
 *fill*         0x0800bef6        0x2 
 .text.chk_lock
                0x0800bef8       0xb8 ./Middlewares/Third_Party/FatFs/src/ff.o
 .text.enq_lock
                0x0800bfb0       0x44 ./Middlewares/Third_Party/FatFs/src/ff.o
 .text.inc_lock
                0x0800bff4      0x11c ./Middlewares/Third_Party/FatFs/src/ff.o
 .text.dec_lock
                0x0800c110       0x78 ./Middlewares/Third_Party/FatFs/src/ff.o
 .text.clear_lock
                0x0800c188       0x48 ./Middlewares/Third_Party/FatFs/src/ff.o
 .text.sync_window
                0x0800c1d0       0x88 ./Middlewares/Third_Party/FatFs/src/ff.o
 .text.move_window
                0x0800c258       0x5a ./Middlewares/Third_Party/FatFs/src/ff.o
 *fill*         0x0800c2b2        0x2 
 .text.sync_fs  0x0800c2b4       0xdc ./Middlewares/Third_Party/FatFs/src/ff.o
 .text.clust2sect
                0x0800c390       0x3e ./Middlewares/Third_Party/FatFs/src/ff.o
 .text.get_fat  0x0800c3ce      0x14e ./Middlewares/Third_Party/FatFs/src/ff.o
 .text.put_fat  0x0800c51c      0x1d4 ./Middlewares/Third_Party/FatFs/src/ff.o
 .text.remove_chain
                0x0800c6f0       0xca ./Middlewares/Third_Party/FatFs/src/ff.o
 .text.create_chain
                0x0800c7ba      0x130 ./Middlewares/Third_Party/FatFs/src/ff.o
 .text.clmt_clust
                0x0800c8ea       0x68 ./Middlewares/Third_Party/FatFs/src/ff.o
 .text.dir_sdi  0x0800c952       0xf6 ./Middlewares/Third_Party/FatFs/src/ff.o
 .text.dir_next
                0x0800ca48      0x18a ./Middlewares/Third_Party/FatFs/src/ff.o
 .text.dir_alloc
                0x0800cbd2       0x8e ./Middlewares/Third_Party/FatFs/src/ff.o
 .text.ld_clust
                0x0800cc60       0x3e ./Middlewares/Third_Party/FatFs/src/ff.o
 .text.st_clust
                0x0800cc9e       0x40 ./Middlewares/Third_Party/FatFs/src/ff.o
 .text.dir_read
                0x0800ccde       0xba ./Middlewares/Third_Party/FatFs/src/ff.o
 .text.dir_find
                0x0800cd98       0xaa ./Middlewares/Third_Party/FatFs/src/ff.o
 .text.dir_register
                0x0800ce42       0x64 ./Middlewares/Third_Party/FatFs/src/ff.o
 .text.get_fileinfo
                0x0800cea6       0xc0 ./Middlewares/Third_Party/FatFs/src/ff.o
 *fill*         0x0800cf66        0x2 
 .text.create_name
                0x0800cf68      0x128 ./Middlewares/Third_Party/FatFs/src/ff.o
 .text.follow_path
                0x0800d090       0xe2 ./Middlewares/Third_Party/FatFs/src/ff.o
 .text.get_ldnumber
                0x0800d172       0x88 ./Middlewares/Third_Party/FatFs/src/ff.o
 *fill*         0x0800d1fa        0x2 
 .text.check_fs
                0x0800d1fc       0xac ./Middlewares/Third_Party/FatFs/src/ff.o
 .text.find_volume
                0x0800d2a8      0x498 ./Middlewares/Third_Party/FatFs/src/ff.o
 .text.validate
                0x0800d740       0x6a ./Middlewares/Third_Party/FatFs/src/ff.o
 *fill*         0x0800d7aa        0x2 
 .text.f_mount  0x0800d7ac       0x8c ./Middlewares/Third_Party/FatFs/src/ff.o
                0x0800d7ac                f_mount
 .text.f_open   0x0800d838      0x374 ./Middlewares/Third_Party/FatFs/src/ff.o
                0x0800d838                f_open
 .text.f_read   0x0800dbac      0x27e ./Middlewares/Third_Party/FatFs/src/ff.o
                0x0800dbac                f_read
 .text.f_write  0x0800de2a      0x2ea ./Middlewares/Third_Party/FatFs/src/ff.o
                0x0800de2a                f_write
 .text.f_sync   0x0800e114       0xfc ./Middlewares/Third_Party/FatFs/src/ff.o
                0x0800e114                f_sync
 .text.f_close  0x0800e210       0x54 ./Middlewares/Third_Party/FatFs/src/ff.o
                0x0800e210                f_close
 .text.f_opendir
                0x0800e264       0xe6 ./Middlewares/Third_Party/FatFs/src/ff.o
                0x0800e264                f_opendir
 .text.f_closedir
                0x0800e34a       0x4c ./Middlewares/Third_Party/FatFs/src/ff.o
                0x0800e34a                f_closedir
 .text.f_readdir
                0x0800e396       0x7a ./Middlewares/Third_Party/FatFs/src/ff.o
                0x0800e396                f_readdir
 .text.FATFS_LinkDriverEx
                0x0800e410       0x98 ./Middlewares/Third_Party/FatFs/src/ff_gen_drv.o
                0x0800e410                FATFS_LinkDriverEx
 .text.FATFS_LinkDriver
                0x0800e4a8       0x1e ./Middlewares/Third_Party/FatFs/src/ff_gen_drv.o
                0x0800e4a8                FATFS_LinkDriver
 *fill*         0x0800e4c6        0x2 
 .text.Log_Init
                0x0800e4c8       0x20 ./SD/Src/log.o
                0x0800e4c8                Log_Init
 .text.Log_OS_Resources_Init
                0x0800e4e8       0xa4 ./SD/Src/log.o
                0x0800e4e8                Log_OS_Resources_Init
 .text.LogWriter
                0x0800e58c       0x94 ./SD/Src/log.o
                0x0800e58c                LogWriter
 .text.PrintLogFile
                0x0800e620       0xfc ./SD/Src/log.o
                0x0800e620                PrintLogFile
 .text.LogHandler
                0x0800e71c      0x124 ./SD/Src/log.o
                0x0800e71c                LogHandler
 .text.UploadLogFile
                0x0800e840      0x1c8 ./SD/Src/log.o
                0x0800e840                UploadLogFile
 .text.SD_Init  0x0800ea08       0x24 ./SD/Src/sd.o
                0x0800ea08                SD_Init
 .text.SD_OS_Resources_Init
                0x0800ea2c       0x1c ./SD/Src/sd.o
                0x0800ea2c                SD_OS_Resources_Init
 .text.StorageParse
                0x0800ea48      0x2c4 ./SD/Src/sd.o
                0x0800ea48                StorageParse
 .text.GetFileNumber
                0x0800ed0c       0x24 ./SD/Src/sd.o
                0x0800ed0c                GetFileNumber
 .text.SDParseHandler
                0x0800ed30       0x38 ./SD/Src/sd.o
                0x0800ed30                SDParseHandler
 .text.Mount_SD
                0x0800ed68       0x54 ./SD/Src/sd.o
                0x0800ed68                Mount_SD
 .text.command_Init
                0x0800edbc       0x20 ./Shell/Src/cmd.o
                0x0800edbc                command_Init
 .text.UploadLog
                0x0800eddc       0x18 ./Shell/Src/cmd.o
                0x0800eddc                UploadLog
 .text.PrintLog
                0x0800edf4       0x18 ./Shell/Src/cmd.o
                0x0800edf4                PrintLog
 .text.WriteLog
                0x0800ee0c       0x3c ./Shell/Src/cmd.o
                0x0800ee0c                WriteLog
 .text.ParseStorage
                0x0800ee48       0x7c ./Shell/Src/cmd.o
                0x0800ee48                ParseStorage
 .text.LEDChangeColor
                0x0800eec4       0x94 ./Shell/Src/cmd.o
                0x0800eec4                LEDChangeColor
 .text.ESP32SendMsg
                0x0800ef58       0x7c ./Shell/Src/cmd.o
                0x0800ef58                ESP32SendMsg
 .text.LCDShowMsg
                0x0800efd4      0x184 ./Shell/Src/cmd.o
                0x0800efd4                LCDShowMsg
 .text.CommandPrint
                0x0800f158       0x98 ./Shell/Src/cmd.o
 .text.PrintArgs
                0x0800f1f0       0x64 ./Shell/Src/cmd.o
 .text.CommandExecute
                0x0800f254       0xb4 ./Shell/Src/cmd.o
                0x0800f254                CommandExecute
 .text.ReadLine_Init
                0x0800f308       0x44 ./Shell/Src/readLine.o
                0x0800f308                ReadLine_Init
 .text.CommandHistory_Add
                0x0800f34c       0xb0 ./Shell/Src/readLine.o
                0x0800f34c                CommandHistory_Add
 .text.CommandHistory_Prev
                0x0800f3fc       0x74 ./Shell/Src/readLine.o
                0x0800f3fc                CommandHistory_Prev
 .text.CommandHistory_Next
                0x0800f470       0x7c ./Shell/Src/readLine.o
                0x0800f470                CommandHistory_Next
 .text.GetChar  0x0800f4ec       0x2c ./Shell/Src/readLine.o
 .text.PutChar  0x0800f518       0x24 ./Shell/Src/readLine.o
 .text.PutString
                0x0800f53c       0x20 ./Shell/Src/readLine.o
 .text.ReadLine
                0x0800f55c      0x2c4 ./Shell/Src/readLine.o
                0x0800f55c                ReadLine
 .text.ArgAnalyze
                0x0800f820       0xbe ./Shell/Src/readLine.o
                0x0800f820                ArgAnalyze
 *fill*         0x0800f8de        0x2 
 .text.Shell_Init
                0x0800f8e0       0x28 ./Shell/Src/shell.o
                0x0800f8e0                Shell_Init
 .text.Shell_OS_Resources_Init
                0x0800f908       0x3c ./Shell/Src/shell.o
                0x0800f908                Shell_OS_Resources_Init
 .text.ShellHandler
                0x0800f944       0x64 ./Shell/Src/shell.o
                0x0800f944                ShellHandler
 .text.TryGetCommand
                0x0800f9a8       0x80 ./Shell/Src/shell.o
                0x0800f9a8                TryGetCommand
 .text.ParserCommand
                0x0800fa28       0x68 ./Shell/Src/shell.o
                0x0800fa28                ParserCommand
 .text.CommandReceiver
                0x0800fa90       0xc4 ./Shell/Src/shell.o
                0x0800fa90                CommandReceiver
 .text.Timer_Init
                0x0800fb54       0x3c ./Timer/Src/timer.o
                0x0800fb54                Timer_Init
 .text.getCurrentTime
                0x0800fb90       0x74 ./Timer/Src/timer.o
                0x0800fb90                getCurrentTime
 .text.getTimeSinceStart
                0x0800fc04      0x11c ./Timer/Src/timer.o
                0x0800fc04                getTimeSinceStart
 .text.atoi     0x0800fd20        0x8 C:/ST/STM32CubeIDE_1.18.0/STM32CubeIDE/plugins/com.st.stm32cube.ide.mcu.externaltools.gnu-tools-for-stm32.13.3.rel1.win32_1.0.0.202411081344/tools/bin/../lib/gcc/arm-none-eabi/13.3.1/../../../../arm-none-eabi/lib/thumb/v7e-m+fp/hard\libc_nano.a(libc_a-atoi.o)
                0x0800fd20                atoi
 .text._strtol_l.isra.0
                0x0800fd28       0xf4 C:/ST/STM32CubeIDE_1.18.0/STM32CubeIDE/plugins/com.st.stm32cube.ide.mcu.externaltools.gnu-tools-for-stm32.13.3.rel1.win32_1.0.0.202411081344/tools/bin/../lib/gcc/arm-none-eabi/13.3.1/../../../../arm-none-eabi/lib/thumb/v7e-m+fp/hard\libc_nano.a(libc_a-strtol.o)
 .text._strtol_r
                0x0800fe1c        0x4 C:/ST/STM32CubeIDE_1.18.0/STM32CubeIDE/plugins/com.st.stm32cube.ide.mcu.externaltools.gnu-tools-for-stm32.13.3.rel1.win32_1.0.0.202411081344/tools/bin/../lib/gcc/arm-none-eabi/13.3.1/../../../../arm-none-eabi/lib/thumb/v7e-m+fp/hard\libc_nano.a(libc_a-strtol.o)
                0x0800fe1c                _strtol_r
 .text.strtol   0x0800fe20       0x14 C:/ST/STM32CubeIDE_1.18.0/STM32CubeIDE/plugins/com.st.stm32cube.ide.mcu.externaltools.gnu-tools-for-stm32.13.3.rel1.win32_1.0.0.202411081344/tools/bin/../lib/gcc/arm-none-eabi/13.3.1/../../../../arm-none-eabi/lib/thumb/v7e-m+fp/hard\libc_nano.a(libc_a-strtol.o)
                0x0800fe20                strtol
 .text.std      0x0800fe34       0x6c C:/ST/STM32CubeIDE_1.18.0/STM32CubeIDE/plugins/com.st.stm32cube.ide.mcu.externaltools.gnu-tools-for-stm32.13.3.rel1.win32_1.0.0.202411081344/tools/bin/../lib/gcc/arm-none-eabi/13.3.1/../../../../arm-none-eabi/lib/thumb/v7e-m+fp/hard\libc_nano.a(libc_a-findfp.o)
 .text.stdio_exit_handler
                0x0800fea0       0x18 C:/ST/STM32CubeIDE_1.18.0/STM32CubeIDE/plugins/com.st.stm32cube.ide.mcu.externaltools.gnu-tools-for-stm32.13.3.rel1.win32_1.0.0.202411081344/tools/bin/../lib/gcc/arm-none-eabi/13.3.1/../../../../arm-none-eabi/lib/thumb/v7e-m+fp/hard\libc_nano.a(libc_a-findfp.o)
 .text.cleanup_stdio
                0x0800feb8       0x40 C:/ST/STM32CubeIDE_1.18.0/STM32CubeIDE/plugins/com.st.stm32cube.ide.mcu.externaltools.gnu-tools-for-stm32.13.3.rel1.win32_1.0.0.202411081344/tools/bin/../lib/gcc/arm-none-eabi/13.3.1/../../../../arm-none-eabi/lib/thumb/v7e-m+fp/hard\libc_nano.a(libc_a-findfp.o)
 .text.global_stdio_init.part.0
                0x0800fef8       0x3c C:/ST/STM32CubeIDE_1.18.0/STM32CubeIDE/plugins/com.st.stm32cube.ide.mcu.externaltools.gnu-tools-for-stm32.13.3.rel1.win32_1.0.0.202411081344/tools/bin/../lib/gcc/arm-none-eabi/13.3.1/../../../../arm-none-eabi/lib/thumb/v7e-m+fp/hard\libc_nano.a(libc_a-findfp.o)
 .text.__sfp_lock_acquire
                0x0800ff34        0xc C:/ST/STM32CubeIDE_1.18.0/STM32CubeIDE/plugins/com.st.stm32cube.ide.mcu.externaltools.gnu-tools-for-stm32.13.3.rel1.win32_1.0.0.202411081344/tools/bin/../lib/gcc/arm-none-eabi/13.3.1/../../../../arm-none-eabi/lib/thumb/v7e-m+fp/hard\libc_nano.a(libc_a-findfp.o)
                0x0800ff34                __sfp_lock_acquire
 .text.__sfp_lock_release
                0x0800ff40        0xc C:/ST/STM32CubeIDE_1.18.0/STM32CubeIDE/plugins/com.st.stm32cube.ide.mcu.externaltools.gnu-tools-for-stm32.13.3.rel1.win32_1.0.0.202411081344/tools/bin/../lib/gcc/arm-none-eabi/13.3.1/../../../../arm-none-eabi/lib/thumb/v7e-m+fp/hard\libc_nano.a(libc_a-findfp.o)
                0x0800ff40                __sfp_lock_release
 .text.__sinit  0x0800ff4c       0x30 C:/ST/STM32CubeIDE_1.18.0/STM32CubeIDE/plugins/com.st.stm32cube.ide.mcu.externaltools.gnu-tools-for-stm32.13.3.rel1.win32_1.0.0.202411081344/tools/bin/../lib/gcc/arm-none-eabi/13.3.1/../../../../arm-none-eabi/lib/thumb/v7e-m+fp/hard\libc_nano.a(libc_a-findfp.o)
                0x0800ff4c                __sinit
 .text._fwalk_sglue
                0x0800ff7c       0x3c C:/ST/STM32CubeIDE_1.18.0/STM32CubeIDE/plugins/com.st.stm32cube.ide.mcu.externaltools.gnu-tools-for-stm32.13.3.rel1.win32_1.0.0.202411081344/tools/bin/../lib/gcc/arm-none-eabi/13.3.1/../../../../arm-none-eabi/lib/thumb/v7e-m+fp/hard\libc_nano.a(libc_a-fwalk.o)
                0x0800ff7c                _fwalk_sglue
 .text.snprintf
                0x0800ffb8       0x6c C:/ST/STM32CubeIDE_1.18.0/STM32CubeIDE/plugins/com.st.stm32cube.ide.mcu.externaltools.gnu-tools-for-stm32.13.3.rel1.win32_1.0.0.202411081344/tools/bin/../lib/gcc/arm-none-eabi/13.3.1/../../../../arm-none-eabi/lib/thumb/v7e-m+fp/hard\libc_nano.a(libc_a-snprintf.o)
                0x0800ffb8                sniprintf
                0x0800ffb8                snprintf
 .text.sprintf  0x08010024       0x44 C:/ST/STM32CubeIDE_1.18.0/STM32CubeIDE/plugins/com.st.stm32cube.ide.mcu.externaltools.gnu-tools-for-stm32.13.3.rel1.win32_1.0.0.202411081344/tools/bin/../lib/gcc/arm-none-eabi/13.3.1/../../../../arm-none-eabi/lib/thumb/v7e-m+fp/hard\libc_nano.a(libc_a-sprintf.o)
                0x08010024                siprintf
                0x08010024                sprintf
 .text.sscanf   0x08010068       0x58 C:/ST/STM32CubeIDE_1.18.0/STM32CubeIDE/plugins/com.st.stm32cube.ide.mcu.externaltools.gnu-tools-for-stm32.13.3.rel1.win32_1.0.0.202411081344/tools/bin/../lib/gcc/arm-none-eabi/13.3.1/../../../../arm-none-eabi/lib/thumb/v7e-m+fp/hard\libc_nano.a(libc_a-sscanf.o)
                0x08010068                siscanf
                0x08010068                sscanf
 .text.__sread  0x080100c0       0x22 C:/ST/STM32CubeIDE_1.18.0/STM32CubeIDE/plugins/com.st.stm32cube.ide.mcu.externaltools.gnu-tools-for-stm32.13.3.rel1.win32_1.0.0.202411081344/tools/bin/../lib/gcc/arm-none-eabi/13.3.1/../../../../arm-none-eabi/lib/thumb/v7e-m+fp/hard\libc_nano.a(libc_a-stdio.o)
                0x080100c0                __sread
 .text.__seofread
                0x080100e2        0x4 C:/ST/STM32CubeIDE_1.18.0/STM32CubeIDE/plugins/com.st.stm32cube.ide.mcu.externaltools.gnu-tools-for-stm32.13.3.rel1.win32_1.0.0.202411081344/tools/bin/../lib/gcc/arm-none-eabi/13.3.1/../../../../arm-none-eabi/lib/thumb/v7e-m+fp/hard\libc_nano.a(libc_a-stdio.o)
                0x080100e2                __seofread
 .text.__swrite
                0x080100e6       0x38 C:/ST/STM32CubeIDE_1.18.0/STM32CubeIDE/plugins/com.st.stm32cube.ide.mcu.externaltools.gnu-tools-for-stm32.13.3.rel1.win32_1.0.0.202411081344/tools/bin/../lib/gcc/arm-none-eabi/13.3.1/../../../../arm-none-eabi/lib/thumb/v7e-m+fp/hard\libc_nano.a(libc_a-stdio.o)
                0x080100e6                __swrite
 .text.__sseek  0x0801011e       0x24 C:/ST/STM32CubeIDE_1.18.0/STM32CubeIDE/plugins/com.st.stm32cube.ide.mcu.externaltools.gnu-tools-for-stm32.13.3.rel1.win32_1.0.0.202411081344/tools/bin/../lib/gcc/arm-none-eabi/13.3.1/../../../../arm-none-eabi/lib/thumb/v7e-m+fp/hard\libc_nano.a(libc_a-stdio.o)
                0x0801011e                __sseek
 .text.__sclose
                0x08010142        0x8 C:/ST/STM32CubeIDE_1.18.0/STM32CubeIDE/plugins/com.st.stm32cube.ide.mcu.externaltools.gnu-tools-for-stm32.13.3.rel1.win32_1.0.0.202411081344/tools/bin/../lib/gcc/arm-none-eabi/13.3.1/../../../../arm-none-eabi/lib/thumb/v7e-m+fp/hard\libc_nano.a(libc_a-stdio.o)
                0x08010142                __sclose
 .text._vsnprintf_r
                0x0801014a       0x5c C:/ST/STM32CubeIDE_1.18.0/STM32CubeIDE/plugins/com.st.stm32cube.ide.mcu.externaltools.gnu-tools-for-stm32.13.3.rel1.win32_1.0.0.202411081344/tools/bin/../lib/gcc/arm-none-eabi/13.3.1/../../../../arm-none-eabi/lib/thumb/v7e-m+fp/hard\libc_nano.a(libc_a-vsnprintf.o)
                0x0801014a                _vsniprintf_r
                0x0801014a                _vsnprintf_r
 *fill*         0x080101a6        0x2 
 .text.vsnprintf
                0x080101a8       0x1c C:/ST/STM32CubeIDE_1.18.0/STM32CubeIDE/plugins/com.st.stm32cube.ide.mcu.externaltools.gnu-tools-for-stm32.13.3.rel1.win32_1.0.0.202411081344/tools/bin/../lib/gcc/arm-none-eabi/13.3.1/../../../../arm-none-eabi/lib/thumb/v7e-m+fp/hard\libc_nano.a(libc_a-vsnprintf.o)
                0x080101a8                vsniprintf
                0x080101a8                vsnprintf
 .text.memset   0x080101c4       0x10 C:/ST/STM32CubeIDE_1.18.0/STM32CubeIDE/plugins/com.st.stm32cube.ide.mcu.externaltools.gnu-tools-for-stm32.13.3.rel1.win32_1.0.0.202411081344/tools/bin/../lib/gcc/arm-none-eabi/13.3.1/../../../../arm-none-eabi/lib/thumb/v7e-m+fp/hard\libc_nano.a(libc_a-memset.o)
                0x080101c4                memset
 .text.strncpy  0x080101d4       0x26 C:/ST/STM32CubeIDE_1.18.0/STM32CubeIDE/plugins/com.st.stm32cube.ide.mcu.externaltools.gnu-tools-for-stm32.13.3.rel1.win32_1.0.0.202411081344/tools/bin/../lib/gcc/arm-none-eabi/13.3.1/../../../../arm-none-eabi/lib/thumb/v7e-m+fp/hard\libc_nano.a(libc_a-strncpy.o)
                0x080101d4                strncpy
 .text.strrchr  0x080101fa       0x2c C:/ST/STM32CubeIDE_1.18.0/STM32CubeIDE/plugins/com.st.stm32cube.ide.mcu.externaltools.gnu-tools-for-stm32.13.3.rel1.win32_1.0.0.202411081344/tools/bin/../lib/gcc/arm-none-eabi/13.3.1/../../../../arm-none-eabi/lib/thumb/v7e-m+fp/hard\libc_nano.a(libc_a-strrchr.o)
                0x080101fa                strrchr
 *fill*         0x08010226        0x2 
 .text.strtok   0x08010228       0x68 C:/ST/STM32CubeIDE_1.18.0/STM32CubeIDE/plugins/com.st.stm32cube.ide.mcu.externaltools.gnu-tools-for-stm32.13.3.rel1.win32_1.0.0.202411081344/tools/bin/../lib/gcc/arm-none-eabi/13.3.1/../../../../arm-none-eabi/lib/thumb/v7e-m+fp/hard\libc_nano.a(libc_a-strtok.o)
                0x08010228                strtok
 .text.__strtok_r
                0x08010290       0x50 C:/ST/STM32CubeIDE_1.18.0/STM32CubeIDE/plugins/com.st.stm32cube.ide.mcu.externaltools.gnu-tools-for-stm32.13.3.rel1.win32_1.0.0.202411081344/tools/bin/../lib/gcc/arm-none-eabi/13.3.1/../../../../arm-none-eabi/lib/thumb/v7e-m+fp/hard\libc_nano.a(libc_a-strtok_r.o)
                0x08010290                __strtok_r
 .text._close_r
                0x080102e0       0x20 C:/ST/STM32CubeIDE_1.18.0/STM32CubeIDE/plugins/com.st.stm32cube.ide.mcu.externaltools.gnu-tools-for-stm32.13.3.rel1.win32_1.0.0.202411081344/tools/bin/../lib/gcc/arm-none-eabi/13.3.1/../../../../arm-none-eabi/lib/thumb/v7e-m+fp/hard\libc_nano.a(libc_a-closer.o)
                0x080102e0                _close_r
 .text._lseek_r
                0x08010300       0x24 C:/ST/STM32CubeIDE_1.18.0/STM32CubeIDE/plugins/com.st.stm32cube.ide.mcu.externaltools.gnu-tools-for-stm32.13.3.rel1.win32_1.0.0.202411081344/tools/bin/../lib/gcc/arm-none-eabi/13.3.1/../../../../arm-none-eabi/lib/thumb/v7e-m+fp/hard\libc_nano.a(libc_a-lseekr.o)
                0x08010300                _lseek_r
 .text._read_r  0x08010324       0x24 C:/ST/STM32CubeIDE_1.18.0/STM32CubeIDE/plugins/com.st.stm32cube.ide.mcu.externaltools.gnu-tools-for-stm32.13.3.rel1.win32_1.0.0.202411081344/tools/bin/../lib/gcc/arm-none-eabi/13.3.1/../../../../arm-none-eabi/lib/thumb/v7e-m+fp/hard\libc_nano.a(libc_a-readr.o)
                0x08010324                _read_r
 .text._write_r
                0x08010348       0x24 C:/ST/STM32CubeIDE_1.18.0/STM32CubeIDE/plugins/com.st.stm32cube.ide.mcu.externaltools.gnu-tools-for-stm32.13.3.rel1.win32_1.0.0.202411081344/tools/bin/../lib/gcc/arm-none-eabi/13.3.1/../../../../arm-none-eabi/lib/thumb/v7e-m+fp/hard\libc_nano.a(libc_a-writer.o)
                0x08010348                _write_r
 .text.__errno  0x0801036c        0xc C:/ST/STM32CubeIDE_1.18.0/STM32CubeIDE/plugins/com.st.stm32cube.ide.mcu.externaltools.gnu-tools-for-stm32.13.3.rel1.win32_1.0.0.202411081344/tools/bin/../lib/gcc/arm-none-eabi/13.3.1/../../../../arm-none-eabi/lib/thumb/v7e-m+fp/hard\libc_nano.a(libc_a-errno.o)
                0x0801036c                __errno
 .text.__libc_init_array
                0x08010378       0x48 C:/ST/STM32CubeIDE_1.18.0/STM32CubeIDE/plugins/com.st.stm32cube.ide.mcu.externaltools.gnu-tools-for-stm32.13.3.rel1.win32_1.0.0.202411081344/tools/bin/../lib/gcc/arm-none-eabi/13.3.1/../../../../arm-none-eabi/lib/thumb/v7e-m+fp/hard\libc_nano.a(libc_a-init.o)
                0x08010378                __libc_init_array
 .text.__retarget_lock_init_recursive
                0x080103c0        0x2 C:/ST/STM32CubeIDE_1.18.0/STM32CubeIDE/plugins/com.st.stm32cube.ide.mcu.externaltools.gnu-tools-for-stm32.13.3.rel1.win32_1.0.0.202411081344/tools/bin/../lib/gcc/arm-none-eabi/13.3.1/../../../../arm-none-eabi/lib/thumb/v7e-m+fp/hard\libc_nano.a(libc_a-lock.o)
                0x080103c0                __retarget_lock_init_recursive
 .text.__retarget_lock_acquire_recursive
                0x080103c2        0x2 C:/ST/STM32CubeIDE_1.18.0/STM32CubeIDE/plugins/com.st.stm32cube.ide.mcu.externaltools.gnu-tools-for-stm32.13.3.rel1.win32_1.0.0.202411081344/tools/bin/../lib/gcc/arm-none-eabi/13.3.1/../../../../arm-none-eabi/lib/thumb/v7e-m+fp/hard\libc_nano.a(libc_a-lock.o)
                0x080103c2                __retarget_lock_acquire_recursive
 .text.__retarget_lock_release_recursive
                0x080103c4        0x2 C:/ST/STM32CubeIDE_1.18.0/STM32CubeIDE/plugins/com.st.stm32cube.ide.mcu.externaltools.gnu-tools-for-stm32.13.3.rel1.win32_1.0.0.202411081344/tools/bin/../lib/gcc/arm-none-eabi/13.3.1/../../../../arm-none-eabi/lib/thumb/v7e-m+fp/hard\libc_nano.a(libc_a-lock.o)
                0x080103c4                __retarget_lock_release_recursive
 .text.strcpy   0x080103c6       0x10 C:/ST/STM32CubeIDE_1.18.0/STM32CubeIDE/plugins/com.st.stm32cube.ide.mcu.externaltools.gnu-tools-for-stm32.13.3.rel1.win32_1.0.0.202411081344/tools/bin/../lib/gcc/arm-none-eabi/13.3.1/../../../../arm-none-eabi/lib/thumb/v7e-m+fp/hard\libc_nano.a(libc_a-strcpy.o)
                0x080103c6                strcpy
 .text.memcpy   0x080103d6       0x1c C:/ST/STM32CubeIDE_1.18.0/STM32CubeIDE/plugins/com.st.stm32cube.ide.mcu.externaltools.gnu-tools-for-stm32.13.3.rel1.win32_1.0.0.202411081344/tools/bin/../lib/gcc/arm-none-eabi/13.3.1/../../../../arm-none-eabi/lib/thumb/v7e-m+fp/hard\libc_nano.a(libc_a-memcpy-stub.o)
                0x080103d6                memcpy
 *fill*         0x080103f2        0x2 
 .text.__assert_func
                0x080103f4       0x3c C:/ST/STM32CubeIDE_1.18.0/STM32CubeIDE/plugins/com.st.stm32cube.ide.mcu.externaltools.gnu-tools-for-stm32.13.3.rel1.win32_1.0.0.202411081344/tools/bin/../lib/gcc/arm-none-eabi/13.3.1/../../../../arm-none-eabi/lib/thumb/v7e-m+fp/hard\libc_nano.a(libc_a-assert.o)
                0x080103f4                __assert_func
 .text._free_r  0x08010430       0x94 C:/ST/STM32CubeIDE_1.18.0/STM32CubeIDE/plugins/com.st.stm32cube.ide.mcu.externaltools.gnu-tools-for-stm32.13.3.rel1.win32_1.0.0.202411081344/tools/bin/../lib/gcc/arm-none-eabi/13.3.1/../../../../arm-none-eabi/lib/thumb/v7e-m+fp/hard\libc_nano.a(libc_a-freer.o)
                0x08010430                _free_r
 .text.malloc   0x080104c4       0x10 C:/ST/STM32CubeIDE_1.18.0/STM32CubeIDE/plugins/com.st.stm32cube.ide.mcu.externaltools.gnu-tools-for-stm32.13.3.rel1.win32_1.0.0.202411081344/tools/bin/../lib/gcc/arm-none-eabi/13.3.1/../../../../arm-none-eabi/lib/thumb/v7e-m+fp/hard\libc_nano.a(libc_a-malloc.o)
                0x080104c4                malloc
 .text.sbrk_aligned
                0x080104d4       0x44 C:/ST/STM32CubeIDE_1.18.0/STM32CubeIDE/plugins/com.st.stm32cube.ide.mcu.externaltools.gnu-tools-for-stm32.13.3.rel1.win32_1.0.0.202411081344/tools/bin/../lib/gcc/arm-none-eabi/13.3.1/../../../../arm-none-eabi/lib/thumb/v7e-m+fp/hard\libc_nano.a(libc_a-mallocr.o)
 .text._malloc_r
                0x08010518      0x100 C:/ST/STM32CubeIDE_1.18.0/STM32CubeIDE/plugins/com.st.stm32cube.ide.mcu.externaltools.gnu-tools-for-stm32.13.3.rel1.win32_1.0.0.202411081344/tools/bin/../lib/gcc/arm-none-eabi/13.3.1/../../../../arm-none-eabi/lib/thumb/v7e-m+fp/hard\libc_nano.a(libc_a-mallocr.o)
                0x08010518                _malloc_r
 .text.__malloc_lock
                0x08010618        0xc C:/ST/STM32CubeIDE_1.18.0/STM32CubeIDE/plugins/com.st.stm32cube.ide.mcu.externaltools.gnu-tools-for-stm32.13.3.rel1.win32_1.0.0.202411081344/tools/bin/../lib/gcc/arm-none-eabi/13.3.1/../../../../arm-none-eabi/lib/thumb/v7e-m+fp/hard\libc_nano.a(libc_a-mlock.o)
                0x08010618                __malloc_lock
 .text.__malloc_unlock
                0x08010624        0xc C:/ST/STM32CubeIDE_1.18.0/STM32CubeIDE/plugins/com.st.stm32cube.ide.mcu.externaltools.gnu-tools-for-stm32.13.3.rel1.win32_1.0.0.202411081344/tools/bin/../lib/gcc/arm-none-eabi/13.3.1/../../../../arm-none-eabi/lib/thumb/v7e-m+fp/hard\libc_nano.a(libc_a-mlock.o)
                0x08010624                __malloc_unlock
 .text.__ssputs_r
                0x08010630       0xb6 C:/ST/STM32CubeIDE_1.18.0/STM32CubeIDE/plugins/com.st.stm32cube.ide.mcu.externaltools.gnu-tools-for-stm32.13.3.rel1.win32_1.0.0.202411081344/tools/bin/../lib/gcc/arm-none-eabi/13.3.1/../../../../arm-none-eabi/lib/thumb/v7e-m+fp/hard\libc_nano.a(libc_a-nano-svfprintf.o)
                0x08010630                __ssputs_r
 *fill*         0x080106e6        0x2 
 .text._svfprintf_r
                0x080106e8      0x1f8 C:/ST/STM32CubeIDE_1.18.0/STM32CubeIDE/plugins/com.st.stm32cube.ide.mcu.externaltools.gnu-tools-for-stm32.13.3.rel1.win32_1.0.0.202411081344/tools/bin/../lib/gcc/arm-none-eabi/13.3.1/../../../../arm-none-eabi/lib/thumb/v7e-m+fp/hard\libc_nano.a(libc_a-nano-svfprintf.o)
                0x080106e8                _svfiprintf_r
                0x080106e8                _svfprintf_r
 .text._sungetc_r
                0x080108e0       0x7a C:/ST/STM32CubeIDE_1.18.0/STM32CubeIDE/plugins/com.st.stm32cube.ide.mcu.externaltools.gnu-tools-for-stm32.13.3.rel1.win32_1.0.0.202411081344/tools/bin/../lib/gcc/arm-none-eabi/13.3.1/../../../../arm-none-eabi/lib/thumb/v7e-m+fp/hard\libc_nano.a(libc_a-nano-svfscanf.o)
                0x080108e0                _sungetc_r
 .text.__ssrefill_r
                0x0801095a       0x3a C:/ST/STM32CubeIDE_1.18.0/STM32CubeIDE/plugins/com.st.stm32cube.ide.mcu.externaltools.gnu-tools-for-stm32.13.3.rel1.win32_1.0.0.202411081344/tools/bin/../lib/gcc/arm-none-eabi/13.3.1/../../../../arm-none-eabi/lib/thumb/v7e-m+fp/hard\libc_nano.a(libc_a-nano-svfscanf.o)
                0x0801095a                __ssrefill_r
 .text.__ssvfscanf_r
                0x08010994      0x2ec C:/ST/STM32CubeIDE_1.18.0/STM32CubeIDE/plugins/com.st.stm32cube.ide.mcu.externaltools.gnu-tools-for-stm32.13.3.rel1.win32_1.0.0.202411081344/tools/bin/../lib/gcc/arm-none-eabi/13.3.1/../../../../arm-none-eabi/lib/thumb/v7e-m+fp/hard\libc_nano.a(libc_a-nano-svfscanf.o)
                0x08010994                __ssvfiscanf_r
                0x08010994                __ssvfscanf_r
 .text._printf_common
                0x08010c80       0xda C:/ST/STM32CubeIDE_1.18.0/STM32CubeIDE/plugins/com.st.stm32cube.ide.mcu.externaltools.gnu-tools-for-stm32.13.3.rel1.win32_1.0.0.202411081344/tools/bin/../lib/gcc/arm-none-eabi/13.3.1/../../../../arm-none-eabi/lib/thumb/v7e-m+fp/hard\libc_nano.a(libc_a-nano-vfprintf_i.o)
                0x08010c80                _printf_common
 *fill*         0x08010d5a        0x2 
 .text._printf_i
                0x08010d5c      0x23c C:/ST/STM32CubeIDE_1.18.0/STM32CubeIDE/plugins/com.st.stm32cube.ide.mcu.externaltools.gnu-tools-for-stm32.13.3.rel1.win32_1.0.0.202411081344/tools/bin/../lib/gcc/arm-none-eabi/13.3.1/../../../../arm-none-eabi/lib/thumb/v7e-m+fp/hard\libc_nano.a(libc_a-nano-vfprintf_i.o)
                0x08010d5c                _printf_i
 .text._scanf_chars
                0x08010f98       0xb4 C:/ST/STM32CubeIDE_1.18.0/STM32CubeIDE/plugins/com.st.stm32cube.ide.mcu.externaltools.gnu-tools-for-stm32.13.3.rel1.win32_1.0.0.202411081344/tools/bin/../lib/gcc/arm-none-eabi/13.3.1/../../../../arm-none-eabi/lib/thumb/v7e-m+fp/hard\libc_nano.a(libc_a-nano-vfscanf_i.o)
                0x08010f98                _scanf_chars
 .text._scanf_i
                0x0801104c      0x1e8 C:/ST/STM32CubeIDE_1.18.0/STM32CubeIDE/plugins/com.st.stm32cube.ide.mcu.externaltools.gnu-tools-for-stm32.13.3.rel1.win32_1.0.0.202411081344/tools/bin/../lib/gcc/arm-none-eabi/13.3.1/../../../../arm-none-eabi/lib/thumb/v7e-m+fp/hard\libc_nano.a(libc_a-nano-vfscanf_i.o)
                0x0801104c                _scanf_i
 .text.__sflush_r
                0x08011234      0x108 C:/ST/STM32CubeIDE_1.18.0/STM32CubeIDE/plugins/com.st.stm32cube.ide.mcu.externaltools.gnu-tools-for-stm32.13.3.rel1.win32_1.0.0.202411081344/tools/bin/../lib/gcc/arm-none-eabi/13.3.1/../../../../arm-none-eabi/lib/thumb/v7e-m+fp/hard\libc_nano.a(libc_a-fflush.o)
                0x08011234                __sflush_r
 .text._fflush_r
                0x0801133c       0x50 C:/ST/STM32CubeIDE_1.18.0/STM32CubeIDE/plugins/com.st.stm32cube.ide.mcu.externaltools.gnu-tools-for-stm32.13.3.rel1.win32_1.0.0.202411081344/tools/bin/../lib/gcc/arm-none-eabi/13.3.1/../../../../arm-none-eabi/lib/thumb/v7e-m+fp/hard\libc_nano.a(libc_a-fflush.o)
                0x0801133c                _fflush_r
 .text.fprintf  0x0801138c       0x24 C:/ST/STM32CubeIDE_1.18.0/STM32CubeIDE/plugins/com.st.stm32cube.ide.mcu.externaltools.gnu-tools-for-stm32.13.3.rel1.win32_1.0.0.202411081344/tools/bin/../lib/gcc/arm-none-eabi/13.3.1/../../../../arm-none-eabi/lib/thumb/v7e-m+fp/hard\libc_nano.a(libc_a-fprintf.o)
                0x0801138c                fiprintf
                0x0801138c                fprintf
 .text.__sccl   0x080113b0       0x72 C:/ST/STM32CubeIDE_1.18.0/STM32CubeIDE/plugins/com.st.stm32cube.ide.mcu.externaltools.gnu-tools-for-stm32.13.3.rel1.win32_1.0.0.202411081344/tools/bin/../lib/gcc/arm-none-eabi/13.3.1/../../../../arm-none-eabi/lib/thumb/v7e-m+fp/hard\libc_nano.a(libc_a-sccl.o)
                0x080113b0                __sccl
 .text.__submore
                0x08011422       0x74 C:/ST/STM32CubeIDE_1.18.0/STM32CubeIDE/plugins/com.st.stm32cube.ide.mcu.externaltools.gnu-tools-for-stm32.13.3.rel1.win32_1.0.0.202411081344/tools/bin/../lib/gcc/arm-none-eabi/13.3.1/../../../../arm-none-eabi/lib/thumb/v7e-m+fp/hard\libc_nano.a(libc_a-ungetc.o)
                0x08011422                __submore
 .text.memmove  0x08011496       0x34 C:/ST/STM32CubeIDE_1.18.0/STM32CubeIDE/plugins/com.st.stm32cube.ide.mcu.externaltools.gnu-tools-for-stm32.13.3.rel1.win32_1.0.0.202411081344/tools/bin/../lib/gcc/arm-none-eabi/13.3.1/../../../../arm-none-eabi/lib/thumb/v7e-m+fp/hard\libc_nano.a(libc_a-memmove.o)
                0x08011496                memmove
 .text.strchr   0x080114ca       0x1a C:/ST/STM32CubeIDE_1.18.0/STM32CubeIDE/plugins/com.st.stm32cube.ide.mcu.externaltools.gnu-tools-for-stm32.13.3.rel1.win32_1.0.0.202411081344/tools/bin/../lib/gcc/arm-none-eabi/13.3.1/../../../../arm-none-eabi/lib/thumb/v7e-m+fp/hard\libc_nano.a(libc_a-strchr.o)
                0x080114ca                strchr
 .text._sbrk_r  0x080114e4       0x20 C:/ST/STM32CubeIDE_1.18.0/STM32CubeIDE/plugins/com.st.stm32cube.ide.mcu.externaltools.gnu-tools-for-stm32.13.3.rel1.win32_1.0.0.202411081344/tools/bin/../lib/gcc/arm-none-eabi/13.3.1/../../../../arm-none-eabi/lib/thumb/v7e-m+fp/hard\libc_nano.a(libc_a-sbrkr.o)
                0x080114e4                _sbrk_r
 .text.abort    0x08011504        0xe C:/ST/STM32CubeIDE_1.18.0/STM32CubeIDE/plugins/com.st.stm32cube.ide.mcu.externaltools.gnu-tools-for-stm32.13.3.rel1.win32_1.0.0.202411081344/tools/bin/../lib/gcc/arm-none-eabi/13.3.1/../../../../arm-none-eabi/lib/thumb/v7e-m+fp/hard\libc_nano.a(libc_a-abort.o)
                0x08011504                abort
 .text._realloc_r
                0x08011512       0x5c C:/ST/STM32CubeIDE_1.18.0/STM32CubeIDE/plugins/com.st.stm32cube.ide.mcu.externaltools.gnu-tools-for-stm32.13.3.rel1.win32_1.0.0.202411081344/tools/bin/../lib/gcc/arm-none-eabi/13.3.1/../../../../arm-none-eabi/lib/thumb/v7e-m+fp/hard\libc_nano.a(libc_a-reallocr.o)
                0x08011512                _realloc_r
 *fill*         0x0801156e        0x2 
 .text._strtoul_l.isra.0
                0x08011570       0xdc C:/ST/STM32CubeIDE_1.18.0/STM32CubeIDE/plugins/com.st.stm32cube.ide.mcu.externaltools.gnu-tools-for-stm32.13.3.rel1.win32_1.0.0.202411081344/tools/bin/../lib/gcc/arm-none-eabi/13.3.1/../../../../arm-none-eabi/lib/thumb/v7e-m+fp/hard\libc_nano.a(libc_a-strtoul.o)
 .text._strtoul_r
                0x0801164c        0x4 C:/ST/STM32CubeIDE_1.18.0/STM32CubeIDE/plugins/com.st.stm32cube.ide.mcu.externaltools.gnu-tools-for-stm32.13.3.rel1.win32_1.0.0.202411081344/tools/bin/../lib/gcc/arm-none-eabi/13.3.1/../../../../arm-none-eabi/lib/thumb/v7e-m+fp/hard\libc_nano.a(libc_a-strtoul.o)
                0x0801164c                _strtoul_r
 .text.__sfputc_r
                0x08011650       0x2e C:/ST/STM32CubeIDE_1.18.0/STM32CubeIDE/plugins/com.st.stm32cube.ide.mcu.externaltools.gnu-tools-for-stm32.13.3.rel1.win32_1.0.0.202411081344/tools/bin/../lib/gcc/arm-none-eabi/13.3.1/../../../../arm-none-eabi/lib/thumb/v7e-m+fp/hard\libc_nano.a(libc_a-nano-vfprintf.o)
 .text.__sfputs_r
                0x0801167e       0x24 C:/ST/STM32CubeIDE_1.18.0/STM32CubeIDE/plugins/com.st.stm32cube.ide.mcu.externaltools.gnu-tools-for-stm32.13.3.rel1.win32_1.0.0.202411081344/tools/bin/../lib/gcc/arm-none-eabi/13.3.1/../../../../arm-none-eabi/lib/thumb/v7e-m+fp/hard\libc_nano.a(libc_a-nano-vfprintf.o)
                0x0801167e                __sfputs_r
 *fill*         0x080116a2        0x2 
 .text._vfprintf_r
                0x080116a4      0x230 C:/ST/STM32CubeIDE_1.18.0/STM32CubeIDE/plugins/com.st.stm32cube.ide.mcu.externaltools.gnu-tools-for-stm32.13.3.rel1.win32_1.0.0.202411081344/tools/bin/../lib/gcc/arm-none-eabi/13.3.1/../../../../arm-none-eabi/lib/thumb/v7e-m+fp/hard\libc_nano.a(libc_a-nano-vfprintf.o)
                0x080116a4                _vfprintf_r
                0x080116a4                _vfiprintf_r
 .text.__swbuf_r
                0x080118d4       0x7c C:/ST/STM32CubeIDE_1.18.0/STM32CubeIDE/plugins/com.st.stm32cube.ide.mcu.externaltools.gnu-tools-for-stm32.13.3.rel1.win32_1.0.0.202411081344/tools/bin/../lib/gcc/arm-none-eabi/13.3.1/../../../../arm-none-eabi/lib/thumb/v7e-m+fp/hard\libc_nano.a(libc_a-wbuf.o)
                0x080118d4                __swbuf_r
 .text.__swsetup_r
                0x08011950       0xac C:/ST/STM32CubeIDE_1.18.0/STM32CubeIDE/plugins/com.st.stm32cube.ide.mcu.externaltools.gnu-tools-for-stm32.13.3.rel1.win32_1.0.0.202411081344/tools/bin/../lib/gcc/arm-none-eabi/13.3.1/../../../../arm-none-eabi/lib/thumb/v7e-m+fp/hard\libc_nano.a(libc_a-wsetup.o)
                0x08011950                __swsetup_r
 .text._raise_r
                0x080119fc       0x50 C:/ST/STM32CubeIDE_1.18.0/STM32CubeIDE/plugins/com.st.stm32cube.ide.mcu.externaltools.gnu-tools-for-stm32.13.3.rel1.win32_1.0.0.202411081344/tools/bin/../lib/gcc/arm-none-eabi/13.3.1/../../../../arm-none-eabi/lib/thumb/v7e-m+fp/hard\libc_nano.a(libc_a-signal.o)
                0x080119fc                _raise_r
 .text.raise    0x08011a4c       0x10 C:/ST/STM32CubeIDE_1.18.0/STM32CubeIDE/plugins/com.st.stm32cube.ide.mcu.externaltools.gnu-tools-for-stm32.13.3.rel1.win32_1.0.0.202411081344/tools/bin/../lib/gcc/arm-none-eabi/13.3.1/../../../../arm-none-eabi/lib/thumb/v7e-m+fp/hard\libc_nano.a(libc_a-signal.o)
                0x08011a4c                raise
 .text._kill_r  0x08011a5c       0x24 C:/ST/STM32CubeIDE_1.18.0/STM32CubeIDE/plugins/com.st.stm32cube.ide.mcu.externaltools.gnu-tools-for-stm32.13.3.rel1.win32_1.0.0.202411081344/tools/bin/../lib/gcc/arm-none-eabi/13.3.1/../../../../arm-none-eabi/lib/thumb/v7e-m+fp/hard\libc_nano.a(libc_a-signalr.o)
                0x08011a5c                _kill_r
 .text._getpid_r
                0x08011a80        0x4 C:/ST/STM32CubeIDE_1.18.0/STM32CubeIDE/plugins/com.st.stm32cube.ide.mcu.externaltools.gnu-tools-for-stm32.13.3.rel1.win32_1.0.0.202411081344/tools/bin/../lib/gcc/arm-none-eabi/13.3.1/../../../../arm-none-eabi/lib/thumb/v7e-m+fp/hard\libc_nano.a(libc_a-signalr.o)
                0x08011a80                _getpid_r
 .text._malloc_usable_size_r
                0x08011a84       0x10 C:/ST/STM32CubeIDE_1.18.0/STM32CubeIDE/plugins/com.st.stm32cube.ide.mcu.externaltools.gnu-tools-for-stm32.13.3.rel1.win32_1.0.0.202411081344/tools/bin/../lib/gcc/arm-none-eabi/13.3.1/../../../../arm-none-eabi/lib/thumb/v7e-m+fp/hard\libc_nano.a(libc_a-msizer.o)
                0x08011a84                _malloc_usable_size_r
 .text.__swhatbuf_r
                0x08011a94       0x4c C:/ST/STM32CubeIDE_1.18.0/STM32CubeIDE/plugins/com.st.stm32cube.ide.mcu.externaltools.gnu-tools-for-stm32.13.3.rel1.win32_1.0.0.202411081344/tools/bin/../lib/gcc/arm-none-eabi/13.3.1/../../../../arm-none-eabi/lib/thumb/v7e-m+fp/hard\libc_nano.a(libc_a-makebuf.o)
                0x08011a94                __swhatbuf_r