Archive member included to satisfy reference by file (symbol)

C:/ST/STM32CubeIDE_1.18.0/STM32CubeIDE/plugins/com.st.stm32cube.ide.mcu.externaltools.gnu-tools-for-stm32.13.3.rel1.win32_1.0.0.202411081344/tools/bin/../lib/gcc/arm-none-eabi/13.3.1/../../../../arm-none-eabi/lib/thumb/v7e-m+fp/hard\libc_nano.a(libc_a-atoi.o)
                              ./Shell/Src/cmd.o (atoi)
C:/ST/STM32CubeIDE_1.18.0/STM32CubeIDE/plugins/com.st.stm32cube.ide.mcu.externaltools.gnu-tools-for-stm32.13.3.rel1.win32_1.0.0.202411081344/tools/bin/../lib/gcc/arm-none-eabi/13.3.1/../../../../arm-none-eabi/lib/thumb/v7e-m+fp/hard\libc_nano.a(libc_a-exit.o)
                              C:/ST/STM32CubeIDE_1.18.0/STM32CubeIDE/plugins/com.st.stm32cube.ide.mcu.externaltools.gnu-tools-for-stm32.13.3.rel1.win32_1.0.0.202411081344/tools/bin/../lib/gcc/arm-none-eabi/13.3.1/../../../../arm-none-eabi/lib/thumb/v7e-m+fp/hard/crt0.o (exit)
C:/ST/STM32CubeIDE_1.18.0/STM32CubeIDE/plugins/com.st.stm32cube.ide.mcu.externaltools.gnu-tools-for-stm32.13.3.rel1.win32_1.0.0.202411081344/tools/bin/../lib/gcc/arm-none-eabi/13.3.1/../../../../arm-none-eabi/lib/thumb/v7e-m+fp/hard\libc_nano.a(libc_a-strtol.o)
                              C:/ST/STM32CubeIDE_1.18.0/STM32CubeIDE/plugins/com.st.stm32cube.ide.mcu.externaltools.gnu-tools-for-stm32.13.3.rel1.win32_1.0.0.202411081344/tools/bin/../lib/gcc/arm-none-eabi/13.3.1/../../../../arm-none-eabi/lib/thumb/v7e-m+fp/hard\libc_nano.a(libc_a-atoi.o) (_strtol_r)
C:/ST/STM32CubeIDE_1.18.0/STM32CubeIDE/plugins/com.st.stm32cube.ide.mcu.externaltools.gnu-tools-for-stm32.13.3.rel1.win32_1.0.0.202411081344/tools/bin/../lib/gcc/arm-none-eabi/13.3.1/../../../../arm-none-eabi/lib/thumb/v7e-m+fp/hard\libc_nano.a(libc_a-ctype_.o)
                              C:/ST/STM32CubeIDE_1.18.0/STM32CubeIDE/plugins/com.st.stm32cube.ide.mcu.externaltools.gnu-tools-for-stm32.13.3.rel1.win32_1.0.0.202411081344/tools/bin/../lib/gcc/arm-none-eabi/13.3.1/../../../../arm-none-eabi/lib/thumb/v7e-m+fp/hard\libc_nano.a(libc_a-strtol.o) (_ctype_)
C:/ST/STM32CubeIDE_1.18.0/STM32CubeIDE/plugins/com.st.stm32cube.ide.mcu.externaltools.gnu-tools-for-stm32.13.3.rel1.win32_1.0.0.202411081344/tools/bin/../lib/gcc/arm-none-eabi/13.3.1/../../../../arm-none-eabi/lib/thumb/v7e-m+fp/hard\libc_nano.a(libc_a-findfp.o)
                              C:/ST/STM32CubeIDE_1.18.0/STM32CubeIDE/plugins/com.st.stm32cube.ide.mcu.externaltools.gnu-tools-for-stm32.13.3.rel1.win32_1.0.0.202411081344/tools/bin/../lib/gcc/arm-none-eabi/13.3.1/../../../../arm-none-eabi/lib/thumb/v7e-m+fp/hard\libc_nano.a(libc_a-exit.o) (__stdio_exit_handler)
C:/ST/STM32CubeIDE_1.18.0/STM32CubeIDE/plugins/com.st.stm32cube.ide.mcu.externaltools.gnu-tools-for-stm32.13.3.rel1.win32_1.0.0.202411081344/tools/bin/../lib/gcc/arm-none-eabi/13.3.1/../../../../arm-none-eabi/lib/thumb/v7e-m+fp/hard\libc_nano.a(libc_a-fwalk.o)
                              C:/ST/STM32CubeIDE_1.18.0/STM32CubeIDE/plugins/com.st.stm32cube.ide.mcu.externaltools.gnu-tools-for-stm32.13.3.rel1.win32_1.0.0.202411081344/tools/bin/../lib/gcc/arm-none-eabi/13.3.1/../../../../arm-none-eabi/lib/thumb/v7e-m+fp/hard\libc_nano.a(libc_a-findfp.o) (_fwalk_sglue)
C:/ST/STM32CubeIDE_1.18.0/STM32CubeIDE/plugins/com.st.stm32cube.ide.mcu.externaltools.gnu-tools-for-stm32.13.3.rel1.win32_1.0.0.202411081344/tools/bin/../lib/gcc/arm-none-eabi/13.3.1/../../../../arm-none-eabi/lib/thumb/v7e-m+fp/hard\libc_nano.a(libc_a-stdio.o)
                              C:/ST/STM32CubeIDE_1.18.0/STM32CubeIDE/plugins/com.st.stm32cube.ide.mcu.externaltools.gnu-tools-for-stm32.13.3.rel1.win32_1.0.0.202411081344/tools/bin/../lib/gcc/arm-none-eabi/13.3.1/../../../../arm-none-eabi/lib/thumb/v7e-m+fp/hard\libc_nano.a(libc_a-findfp.o) (__sread)
C:/ST/STM32CubeIDE_1.18.0/STM32CubeIDE/plugins/com.st.stm32cube.ide.mcu.externaltools.gnu-tools-for-stm32.13.3.rel1.win32_1.0.0.202411081344/tools/bin/../lib/gcc/arm-none-eabi/13.3.1/../../../../arm-none-eabi/lib/thumb/v7e-m+fp/hard\libc_nano.a(libc_a-vsnprintf.o)
                              ./Core/Src/msgHandler.o (vsnprintf)
C:/ST/STM32CubeIDE_1.18.0/STM32CubeIDE/plugins/com.st.stm32cube.ide.mcu.externaltools.gnu-tools-for-stm32.13.3.rel1.win32_1.0.0.202411081344/tools/bin/../lib/gcc/arm-none-eabi/13.3.1/../../../../arm-none-eabi/lib/thumb/v7e-m+fp/hard\libc_nano.a(libc_a-memset.o)
                              C:/ST/STM32CubeIDE_1.18.0/STM32CubeIDE/plugins/com.st.stm32cube.ide.mcu.externaltools.gnu-tools-for-stm32.13.3.rel1.win32_1.0.0.202411081344/tools/bin/../lib/gcc/arm-none-eabi/13.3.1/../../../../arm-none-eabi/lib/thumb/v7e-m+fp/hard/crt0.o (memset)
C:/ST/STM32CubeIDE_1.18.0/STM32CubeIDE/plugins/com.st.stm32cube.ide.mcu.externaltools.gnu-tools-for-stm32.13.3.rel1.win32_1.0.0.202411081344/tools/bin/../lib/gcc/arm-none-eabi/13.3.1/../../../../arm-none-eabi/lib/thumb/v7e-m+fp/hard\libc_nano.a(libc_a-strncpy.o)
                              ./Shell/Src/cmd.o (strncpy)
[...]
Memory Configuration

Name             Origin             Length             Attributes
CCMRAM           0x10000000         0x00010000         xrw
RAM              0x20000000         0x00020000         xrw
FLASH            0x08000000         0x00100000         xr
*default*        0x00000000         0xffffffff

Linker script and memory map

LOAD C:/ST/STM32CubeIDE_1.18.0/STM32CubeIDE/plugins/com.st.stm32cube.ide.mcu.externaltools.gnu-tools-for-stm32.13.3.rel1.win32_1.0.0.202411081344/tools/bin/../lib/gcc/arm-none-eabi/13.3.1/thumb/v7e-m+fp/hard/crti.o
LOAD C:/ST/STM32CubeIDE_1.18.0/STM32CubeIDE/plugins/com.st.stm32cube.ide.mcu.externaltools.gnu-tools-for-stm32.13.3.rel1.win32_1.0.0.202411081344/tools/bin/../lib/gcc/arm-none-eabi/13.3.1/thumb/v7e-m+fp/hard/crtbegin.o
LOAD C:/ST/STM32CubeIDE_1.18.0/STM32CubeIDE/plugins/com.st.stm32cube.ide.mcu.externaltools.gnu-tools-for-stm32.13.3.rel1.win32_1.0.0.202411081344/tools/bin/../lib/gcc/arm-none-eabi/13.3.1/../../../../arm-none-eabi/lib/thumb/v7e-m+fp/hard/crt0.o
LOAD ./Core/Src/main.o
LOAD ./Core/Src/msgHandler.o
LOAD ./Core/Src/stm32f4xx_hal_msp.o
LOAD ./Core/Src/stm32f4xx_hal_timebase_tim.o
LOAD ./Core/Src/stm32f4xx_it.o
LOAD ./Core/Src/syscalls.o
LOAD ./Core/Src/sysmem.o
LOAD ./Core/Src/system_stm32f4xx.o
LOAD ./Core/Startup/startup_stm32f407vgtx.o
LOAD ./Drivers/STM32F4xx_HAL_Driver/Src/stm32f4xx_hal.o
LOAD ./Drivers/STM32F4xx_HAL_Driver/Src/stm32f4xx_hal_cortex.o
LOAD ./Drivers/STM32F4xx_HAL_Driver/Src/stm32f4xx_hal_dma.o
LOAD ./Drivers/STM32F4xx_HAL_Driver/Src/stm32f4xx_hal_dma_ex.o
LOAD ./Drivers/STM32F4xx_HAL_Driver/Src/stm32f4xx_hal_exti.o
LOAD ./Drivers/STM32F4xx_HAL_Driver/Src/stm32f4xx_hal_flash.o
LOAD ./Drivers/STM32F4xx_HAL_Driver/Src/stm32f4xx_hal_flash_ex.o
LOAD ./Drivers/STM32F4xx_HAL_Driver/Src/stm32f4xx_hal_flash_ramfunc.o
LOAD ./Drivers/STM32F4xx_HAL_Driver/Src/stm32f4xx_hal_gpio.o
LOAD ./Drivers/STM32F4xx_HAL_Driver/Src/stm32f4xx_hal_i2c.o
LOAD ./Drivers/STM32F4xx_HAL_Driver/Src/stm32f4xx_hal_i2c_ex.o
LOAD ./Drivers/STM32F4xx_HAL_Driver/Src/stm32f4xx_hal_i2s.o
LOAD ./Drivers/STM32F4xx_HAL_Driver/Src/stm32f4xx_hal_i2s_ex.o
LOAD ./Drivers/STM32F4xx_HAL_Driver/Src/stm32f4xx_hal_pwr.o
LOAD ./Drivers/STM32F4xx_HAL_Driver/Src/stm32f4xx_hal_pwr_ex.o
LOAD ./Drivers/STM32F4xx_HAL_Driver/Src/stm32f4xx_hal_rcc.o
LOAD ./Drivers/STM32F4xx_HAL_Driver/Src/stm32f4xx_hal_rcc_ex.o
LOAD ./Drivers/STM32F4xx_HAL_Driver/Src/stm32f4xx_hal_spi.o
LOAD ./Drivers/STM32F4xx_HAL_Driver/Src/stm32f4xx_hal_tim.o
LOAD ./Drivers/STM32F4xx_HAL_Driver/Src/stm32f4xx_hal_tim_ex.o
LOAD ./Drivers/STM32F4xx_HAL_Driver/Src/stm32f4xx_hal_uart.o
LOAD ./ESP32/Src/esp32.o
LOAD ./FATFS/App/fatfs.o
LOAD ./FATFS/Target/user_diskio.o
LOAD ./FATFS/Target/user_diskio_spi.o
LOAD ./FreeRTOS/croutine.o
LOAD ./FreeRTOS/event_groups.o
LOAD ./FreeRTOS/list.o
LOAD ./FreeRTOS/queue.o
LOAD ./FreeRTOS/stream_buffer.o
LOAD ./FreeRTOS/tasks.o
LOAD ./FreeRTOS/timers.o
LOAD ./FreeRTOS/portable/ARM_CM4F/port.o
LOAD ./FreeRTOS/portable/MemMang/heap_4.o
LOAD ./LCD/Src/i2c_lcd.o
LOAD ./LCD/Src/lcd2004.o
LOAD ./LED/led.o
LOAD ./Middlewares/Third_Party/FatFs/src/diskio.o
LOAD ./Middlewares/Third_Party/FatFs/src/ff.o
LOAD ./Middlewares/Third_Party/FatFs/src/ff_gen_drv.o
LOAD ./Middlewares/Third_Party/FatFs/src/option/syscall.o
LOAD ./Shell/Src/cmd.o
LOAD ./Shell/Src/readLine.o
LOAD ./Shell/Src/shell.o
START GROUP
LOAD C:/ST/STM32CubeIDE_1.18.0/STM32CubeIDE/plugins/com.st.stm32cube.ide.mcu.externaltools.gnu-tools-for-stm32.13.3.rel1.win32_1.0.0.202411081344/tools/bin/../lib/gcc/arm-none-eabi/13.3.1/../../../../arm-none-eabi/lib/thumb/v7e-m+fp/hard\libc_nano.a
LOAD C:/ST/STM32CubeIDE_1.18.0/STM32CubeIDE/plugins/com.st.stm32cube.ide.mcu.externaltools.gnu-tools-for-stm32.13.3.rel1.win32_1.0.0.202411081344/tools/bin/../lib/gcc/arm-none-eabi/13.3.1/../../../../arm-none-eabi/lib/thumb/v7e-m+fp/hard\libm.a
END GROUP
START GROUP
LOAD C:/ST/STM32CubeIDE_1.18.0/STM32CubeIDE/plugins/com.st.stm32cube.ide.mcu.externaltools.gnu-tools-for-stm32.13.3.rel1.win32_1.0.0.202411081344/tools/bin/../lib/gcc/arm-none-eabi/13.3.1/thumb/v7e-m+fp/hard\libgcc.a
LOAD C:/ST/STM32CubeIDE_1.18.0/STM32CubeIDE/plugins/com.st.stm32cube.ide.mcu.externaltools.gnu-tools-for-stm32.13.3.rel1.win32_1.0.0.202411081344/tools/bin/../lib/gcc/arm-none-eabi/13.3.1/../../../../arm-none-eabi/lib/thumb/v7e-m+fp/hard\libc_nano.a
END GROUP
START GROUP
LOAD C:/ST/STM32CubeIDE_1.18.0/STM32CubeIDE/plugins/com.st.stm32cube.ide.mcu.externaltools.gnu-tools-for-stm32.13.3.rel1.win32_1.0.0.202411081344/tools/bin/../lib/gcc/arm-none-eabi/13.3.1/thumb/v7e-m+fp/hard\libgcc.a
LOAD C:/ST/STM32CubeIDE_1.18.0/STM32CubeIDE/plugins/com.st.stm32cube.ide.mcu.externaltools.gnu-tools-for-stm32.13.3.rel1.win32_1.0.0.202411081344/tools/bin/../lib/gcc/arm-none-eabi/13.3.1/../../../../arm-none-eabi/lib/thumb/v7e-m+fp/hard\libc_nano.a
LOAD C:/ST/STM32CubeIDE_1.18.0/STM32CubeIDE/plugins/com.st.stm32cube.ide.mcu.externaltools.gnu-tools-for-stm32.13.3.rel1.win32_1.0.0.202411081344/tools/bin/../lib/gcc/arm-none-eabi/13.3.1/../../../../arm-none-eabi/lib/thumb/v7e-m+fp/hard\libnosys.a
END GROUP
START GROUP
LOAD C:/ST/STM32CubeIDE_1.18.0/STM32CubeIDE/plugins/com.st.stm32cube.ide.mcu.externaltools.gnu-tools-for-stm32.13.3.rel1.win32_1.0.0.202411081344/tools/bin/../lib/gcc/arm-none-eabi/13.3.1/thumb/v7e-m+fp/hard\libgcc.a
LOAD C:/ST/STM32CubeIDE_1.18.0/STM32CubeIDE/plugins/com.st.stm32cube.ide.mcu.externaltools.gnu-tools-for-stm32.13.3.rel1.win32_1.0.0.202411081344/tools/bin/../lib/gcc/arm-none-eabi/13.3.1/../../../../arm-none-eabi/lib/thumb/v7e-m+fp/hard\libc_nano.a
LOAD C:/ST/STM32CubeIDE_1.18.0/STM32CubeIDE/plugins/com.st.stm32cube.ide.mcu.externaltools.gnu-tools-for-stm32.13.3.rel1.win32_1.0.0.202411081344/tools/bin/../lib/gcc/arm-none-eabi/13.3.1/../../../../arm-none-eabi/lib/thumb/v7e-m+fp/hard\libnosys.a
END GROUP
LOAD C:/ST/STM32CubeIDE_1.18.0/STM32CubeIDE/plugins/com.st.stm32cube.ide.mcu.externaltools.gnu-tools-for-stm32.13.3.rel1.win32_1.0.0.202411081344/tools/bin/../lib/gcc/arm-none-eabi/13.3.1/thumb/v7e-m+fp/hard/crtend.o
LOAD C:/ST/STM32CubeIDE_1.18.0/STM32CubeIDE/plugins/com.st.stm32cube.ide.mcu.externaltools.gnu-tools-for-stm32.13.3.rel1.win32_1.0.0.202411081344/tools/bin/../lib/gcc/arm-none-eabi/13.3.1/thumb/v7e-m+fp/hard/crtn.o
                0x20020000                        _estack = (ORIGIN (RAM) + LENGTH (RAM))
                0x00000200                        _Min_Heap_Size = 0x200
                0x00000400                        _Min_Stack_Size = 0x400

.isr_vector     0x08000000      0x188
                0x08000000                        . = ALIGN (0x4)
 *(.isr_vector)
 .isr_vector    0x08000000      0x188 ./Core/Startup/startup_stm32f407vgtx.o
                0x08000000                g_pfnVectors
                0x08000188                        . = ALIGN (0x4)

.text           0x08000190     0xaf10
                0x08000190                        . = ALIGN (0x4)
 *(.text)
 .text          0x08000190       0x40 C:/ST/STM32CubeIDE_1.18.0/STM32CubeIDE/plugins/com.st.stm32cube.ide.mcu.externaltools.gnu-tools-for-stm32.13.3.rel1.win32_1.0.0.202411081344/tools/bin/../lib/gcc/arm-none-eabi/13.3.1/thumb/v7e-m+fp/hard/crtbegin.o
 .text          0x080001d0       0x14 C:/ST/STM32CubeIDE_1.18.0/STM32CubeIDE/plugins/com.st.stm32cube.ide.mcu.externaltools.gnu-tools-for-stm32.13.3.rel1.win32_1.0.0.202411081344/tools/bin/../lib/gcc/arm-none-eabi/13.3.1/../../../../arm-none-eabi/lib/thumb/v7e-m+fp/hard\libc_nano.a(libc_a-strcmp.o)
                0x080001d0                strcmp
 .text          0x080001e4       0x10 C:/ST/STM32CubeIDE_1.18.0/STM32CubeIDE/plugins/com.st.stm32cube.ide.mcu.externaltools.gnu-tools-for-stm32.13.3.rel1.win32_1.0.0.202411081344/tools/bin/../lib/gcc/arm-none-eabi/13.3.1/../../../../arm-none-eabi/lib/thumb/v7e-m+fp/hard\libc_nano.a(libc_a-strlen.o)
                0x080001e4                strlen
 *fill*         0x080001f4        0xc 
 .text          0x08000200       0xa0 C:/ST/STM32CubeIDE_1.18.0/STM32CubeIDE/plugins/com.st.stm32cube.ide.mcu.externaltools.gnu-tools-for-stm32.13.3.rel1.win32_1.0.0.202411081344/tools/bin/../lib/gcc/arm-none-eabi/13.3.1/../../../../arm-none-eabi/lib/thumb/v7e-m+fp/hard\libc_nano.a(libc_a-memchr.o)
                0x08000200                memchr
 .text          0x080002a0       0x30 C:/ST/STM32CubeIDE_1.18.0/STM32CubeIDE/plugins/com.st.stm32cube.ide.mcu.externaltools.gnu-tools-for-stm32.13.3.rel1.win32_1.0.0.202411081344/tools/bin/../lib/gcc/arm-none-eabi/13.3.1/thumb/v7e-m+fp/hard\libgcc.a(_aeabi_uldivmod.o)
                0x080002a0                __aeabi_uldivmod
 .text          0x080002d0      0x2f8 C:/ST/STM32CubeIDE_1.18.0/STM32CubeIDE/plugins/com.st.stm32cube.ide.mcu.externaltools.gnu-tools-for-stm32.13.3.rel1.win32_1.0.0.202411081344/tools/bin/../lib/gcc/arm-none-eabi/13.3.1/thumb/v7e-m+fp/hard\libgcc.a(_udivmoddi4.o)
                0x080002d0                __udivmoddi4
 .text          0x080005c8        0x4 C:/ST/STM32CubeIDE_1.18.0/STM32CubeIDE/plugins/com.st.stm32cube.ide.mcu.externaltools.gnu-tools-for-stm32.13.3.rel1.win32_1.0.0.202411081344/tools/bin/../lib/gcc/arm-none-eabi/13.3.1/thumb/v7e-m+fp/hard\libgcc.a(_dvmd_tls.o)
                0x080005c8                __aeabi_idiv0
                0x080005c8                __aeabi_ldiv0
 *(.text*)
 .text.main     0x080005cc      0x140 ./Core/Src/main.o
                0x080005cc                main
 .text.SystemClock_Config
                0x0800070c       0xd4 ./Core/Src/main.o
                0x0800070c                SystemClock_Config
 .text.MX_I2C1_Init
                0x080007e0       0x5c ./Core/Src/main.o
 .text.MX_I2C2_Init
                0x0800083c       0x5c ./Core/Src/main.o
 .text.MX_I2S3_Init
                0x08000898       0x5c ./Core/Src/main.o
 .text.MX_SPI1_Init
                0x080008f4       0x6c ./Core/Src/main.o
 .text.MX_SPI2_Init
                0x08000960       0x6c ./Core/Src/main.o
 .text.MX_TIM4_Init
                0x080009cc      0x118 ./Core/Src/main.o
 .text.MX_USART1_UART_Init
                0x08000ae4       0x54 ./Core/Src/main.o
 .text.MX_USART2_UART_Init
                0x08000b38       0x54 ./Core/Src/main.o
 .text.MX_USART3_UART_Init
                0x08000b8c       0x54 ./Core/Src/main.o
 .text.MX_GPIO_Init
                0x08000be0      0x1d8 ./Core/Src/main.o
 .text.HAL_TIM_PeriodElapsedCallback
                0x08000db8       0x1e ./Core/Src/main.o
                0x08000db8                HAL_TIM_PeriodElapsedCallback
 .text.Error_Handler
                0x08000dd6        0xc ./Core/Src/main.o
                0x08000dd6                Error_Handler
 *fill*         0x08000de2        0x2 
 .text.MsgHandler_Init
                0x08000de4       0x20 ./Core/Src/msgHandler.o
                0x08000de4                MsgHandler_Init
 .text.MsgHandler_OS_Resources_Init
                0x08000e04       0x38 ./Core/Src/msgHandler.o
                0x08000e04                MsgHandler_OS_Resources_Init
 .text.SendChar
                0x08000e3c       0x24 ./Core/Src/msgHandler.o
                0x08000e3c                SendChar
 .text.SendMsg  0x08000e60       0xa4 ./Core/Src/msgHandler.o
                0x08000e60                SendMsg
 .text.ReceiveChar
                0x08000f04       0x60 ./Core/Src/msgHandler.o
                0x08000f04                ReceiveChar
 .text.ReceiveMsg
                0x08000f64       0xac ./Core/Src/msgHandler.o
                0x08000f64                ReceiveMsg
 .text.HAL_MspInit
                0x08001010       0x50 ./Core/Src/stm32f4xx_hal_msp.o
                0x08001010                HAL_MspInit
 .text.HAL_I2C_MspInit
                0x08001060       0xfc ./Core/Src/stm32f4xx_hal_msp.o
                0x08001060                HAL_I2C_MspInit
 .text.HAL_I2S_MspInit
                0x0800115c      0x120 ./Core/Src/stm32f4xx_hal_msp.o
                0x0800115c                HAL_I2S_MspInit
 .text.HAL_SPI_MspInit
                0x0800127c       0xfc ./Core/Src/stm32f4xx_hal_msp.o
                0x0800127c                HAL_SPI_MspInit
 .text.HAL_TIM_Base_MspInit
                0x08001378       0xd0 ./Core/Src/stm32f4xx_hal_msp.o
                0x08001378                HAL_TIM_Base_MspInit
 .text.HAL_TIM_MspPostInit
                0x08001448       0x74 ./Core/Src/stm32f4xx_hal_msp.o
                0x08001448                HAL_TIM_MspPostInit
 .text.HAL_UART_MspInit
                0x080014bc      0x168 ./Core/Src/stm32f4xx_hal_msp.o
                0x080014bc                HAL_UART_MspInit
 .text.HAL_InitTick
                0x08001624       0xf8 ./Core/Src/stm32f4xx_hal_timebase_tim.o
                0x08001624                HAL_InitTick
 .text.NMI_Handler
                0x0800171c        0x8 ./Core/Src/stm32f4xx_it.o
                0x0800171c                NMI_Handler
 .text.HardFault_Handler
                0x08001724        0x8 ./Core/Src/stm32f4xx_it.o
                0x08001724                HardFault_Handler
 .text.MemManage_Handler
                0x0800172c        0x8 ./Core/Src/stm32f4xx_it.o
                0x0800172c                MemManage_Handler
 .text.BusFault_Handler
                0x08001734        0x8 ./Core/Src/stm32f4xx_it.o
                0x08001734                BusFault_Handler
 .text.UsageFault_Handler
                0x0800173c        0x8 ./Core/Src/stm32f4xx_it.o
                0x0800173c                UsageFault_Handler
 .text.DebugMon_Handler
                0x08001744        0xe ./Core/Src/stm32f4xx_it.o
                0x08001744                DebugMon_Handler
 *fill*         0x08001752        0x2 
 .text.TIM2_IRQHandler
                0x08001754       0x14 ./Core/Src/stm32f4xx_it.o
                0x08001754                TIM2_IRQHandler
 .text._sbrk    0x08001768       0x6c ./Core/Src/sysmem.o
                0x08001768                _sbrk
 .text.SystemInit
                0x080017d4       0x24 ./Core/Src/system_stm32f4xx.o
                0x080017d4                SystemInit
 .text.Reset_Handler
                0x080017f8       0x50 ./Core/Startup/startup_stm32f407vgtx.o
                0x080017f8                Reset_Handler
 .text.Default_Handler
                0x08001848        0x2 ./Core/Startup/startup_stm32f407vgtx.o
                0x08001848                RTC_Alarm_IRQHandler
                0x08001848                HASH_RNG_IRQHandler
                0x08001848                EXTI2_IRQHandler
                0x08001848                TIM8_CC_IRQHandler
                0x08001848                TIM1_CC_IRQHandler
                0x08001848                DMA2_Stream5_IRQHandler
                0x08001848                DMA1_Stream5_IRQHandler
                0x08001848                PVD_IRQHandler
                0x08001848                SDIO_IRQHandler
                0x08001848                TAMP_STAMP_IRQHandler
                0x08001848                CAN2_RX1_IRQHandler
                0x08001848                EXTI3_IRQHandler
                0x08001848                TIM8_TRG_COM_TIM14_IRQHandler
                0x08001848                TIM1_UP_TIM10_IRQHandler
                0x08001848                TIM8_UP_TIM13_IRQHandler
                0x08001848                I2C3_ER_IRQHandler
                0x08001848                EXTI0_IRQHandler
                0x08001848                I2C2_EV_IRQHandler
                0x08001848                DMA1_Stream2_IRQHandler
                0x08001848                CAN1_RX0_IRQHandler
                0x08001848                FPU_IRQHandler
                0x08001848                OTG_HS_WKUP_IRQHandler
                0x08001848                CAN2_SCE_IRQHandler
                0x08001848                DMA2_Stream2_IRQHandler
                0x08001848                SPI1_IRQHandler
                0x08001848                TIM6_DAC_IRQHandler
                0x08001848                TIM1_BRK_TIM9_IRQHandler
                0x08001848                DCMI_IRQHandler
                0x08001848                CAN2_RX0_IRQHandler
                0x08001848                DMA2_Stream3_IRQHandler
                0x08001848                USART6_IRQHandler
                0x08001848                USART3_IRQHandler
                0x08001848                CAN1_RX1_IRQHandler
                0x08001848                UART5_IRQHandler
                0x08001848                DMA2_Stream0_IRQHandler
                0x08001848                TIM4_IRQHandler
                0x08001848                I2C1_EV_IRQHandler
                0x08001848                DMA1_Stream6_IRQHandler
                0x08001848                DMA1_Stream1_IRQHandler
                0x08001848                UART4_IRQHandler
                0x08001848                TIM3_IRQHandler
                0x08001848                RCC_IRQHandler
                0x08001848                TIM8_BRK_TIM12_IRQHandler
                0x08001848                Default_Handler
                0x08001848                EXTI15_10_IRQHandler
                0x08001848                ADC_IRQHandler
                0x08001848                DMA1_Stream7_IRQHandler
                0x08001848                TIM7_IRQHandler
                0x08001848                CAN2_TX_IRQHandler
                0x08001848                TIM5_IRQHandler
                0x08001848                DMA2_Stream7_IRQHandler
                0x08001848                I2C3_EV_IRQHandler
                0x08001848                EXTI9_5_IRQHandler
                0x08001848                RTC_WKUP_IRQHandler
                0x08001848                ETH_WKUP_IRQHandler
                0x08001848                SPI2_IRQHandler
                0x08001848                OTG_HS_EP1_IN_IRQHandler
                0x08001848                DMA1_Stream0_IRQHandler
                0x08001848                CAN1_TX_IRQHandler
                0x08001848                EXTI4_IRQHandler
                0x08001848                FSMC_IRQHandler
                0x08001848                ETH_IRQHandler
                0x08001848                OTG_HS_EP1_OUT_IRQHandler
                0x08001848                WWDG_IRQHandler
                0x08001848                OTG_FS_WKUP_IRQHandler
                0x08001848                TIM1_TRG_COM_TIM11_IRQHandler
                0x08001848                OTG_HS_IRQHandler
                0x08001848                EXTI1_IRQHandler
                0x08001848                USART2_IRQHandler
                0x08001848                I2C2_ER_IRQHandler
                0x08001848                DMA2_Stream1_IRQHandler
                0x08001848                CAN1_SCE_IRQHandler
                0x08001848                FLASH_IRQHandler
                0x08001848                DMA2_Stream4_IRQHandler
                0x08001848                USART1_IRQHandler
                0x08001848                OTG_FS_IRQHandler
                0x08001848                SPI3_IRQHandler
                0x08001848                DMA1_Stream4_IRQHandler
                0x08001848                I2C1_ER_IRQHandler
                0x08001848                DMA2_Stream6_IRQHandler
                0x08001848                DMA1_Stream3_IRQHandler
 *fill*         0x0800184a        0x2 
 .text.HAL_Init
                0x0800184c       0x44 ./Drivers/STM32F4xx_HAL_Driver/Src/stm32f4xx_hal.o
                0x0800184c                HAL_Init
 .text.HAL_IncTick
                0x08001890       0x28 ./Drivers/STM32F4xx_HAL_Driver/Src/stm32f4xx_hal.o
                0x08001890                HAL_IncTick
 .text.HAL_GetTick
                0x080018b8       0x18 ./Drivers/STM32F4xx_HAL_Driver/Src/stm32f4xx_hal.o
                0x080018b8                HAL_GetTick
 .text.HAL_Delay
                0x080018d0       0x48 ./Drivers/STM32F4xx_HAL_Driver/Src/stm32f4xx_hal.o
                0x080018d0                HAL_Delay
 .text.__NVIC_SetPriorityGrouping
                0x08001918       0x48 ./Drivers/STM32F4xx_HAL_Driver/Src/stm32f4xx_hal_cortex.o
 .text.__NVIC_GetPriorityGrouping
                0x08001960       0x1c ./Drivers/STM32F4xx_HAL_Driver/Src/stm32f4xx_hal_cortex.o
 .text.__NVIC_EnableIRQ
                0x0800197c       0x3c ./Drivers/STM32F4xx_HAL_Driver/Src/stm32f4xx_hal_cortex.o
 .text.__NVIC_SetPriority
                0x080019b8       0x54 ./Drivers/STM32F4xx_HAL_Driver/Src/stm32f4xx_hal_cortex.o
 .text.NVIC_EncodePriority
                0x08001a0c       0x66 ./Drivers/STM32F4xx_HAL_Driver/Src/stm32f4xx_hal_cortex.o
 .text.HAL_NVIC_SetPriorityGrouping
                0x08001a72       0x16 ./Drivers/STM32F4xx_HAL_Driver/Src/stm32f4xx_hal_cortex.o
                0x08001a72                HAL_NVIC_SetPriorityGrouping
 .text.HAL_NVIC_SetPriority
                0x08001a88       0x38 ./Drivers/STM32F4xx_HAL_Driver/Src/stm32f4xx_hal_cortex.o
                0x08001a88                HAL_NVIC_SetPriority
 .text.HAL_NVIC_EnableIRQ
                0x08001ac0       0x1c ./Drivers/STM32F4xx_HAL_Driver/Src/stm32f4xx_hal_cortex.o
                0x08001ac0                HAL_NVIC_EnableIRQ
 .text.HAL_GPIO_Init
                0x08001adc      0x338 ./Drivers/STM32F4xx_HAL_Driver/Src/stm32f4xx_hal_gpio.o
                0x08001adc                HAL_GPIO_Init
 .text.HAL_GPIO_WritePin
                0x08001e14       0x32 ./Drivers/STM32F4xx_HAL_Driver/Src/stm32f4xx_hal_gpio.o
                0x08001e14                HAL_GPIO_WritePin
 *fill*         0x08001e46        0x2 
 .text.HAL_I2C_Init
                0x08001e48      0x288 ./Drivers/STM32F4xx_HAL_Driver/Src/stm32f4xx_hal_i2c.o
                0x08001e48                HAL_I2C_Init
 .text.HAL_I2C_Master_Transmit
                0x080020d0      0x1fc ./Drivers/STM32F4xx_HAL_Driver/Src/stm32f4xx_hal_i2c.o
                0x080020d0                HAL_I2C_Master_Transmit
 .text.I2C_MasterRequestWrite
                0x080022cc      0x104 ./Drivers/STM32F4xx_HAL_Driver/Src/stm32f4xx_hal_i2c.o
 .text.I2C_WaitOnFlagUntilTimeout
                0x080023d0       0xf4 ./Drivers/STM32F4xx_HAL_Driver/Src/stm32f4xx_hal_i2c.o
 .text.I2C_WaitOnMasterAddressFlagUntilTimeout
                0x080024c4      0x140 ./Drivers/STM32F4xx_HAL_Driver/Src/stm32f4xx_hal_i2c.o
 .text.I2C_WaitOnTXEFlagUntilTimeout
                0x08002604       0x90 ./Drivers/STM32F4xx_HAL_Driver/Src/stm32f4xx_hal_i2c.o
 .text.I2C_WaitOnBTFFlagUntilTimeout
                0x08002694       0x90 ./Drivers/STM32F4xx_HAL_Driver/Src/stm32f4xx_hal_i2c.o
 .text.I2C_IsAcknowledgeFailed
                0x08002724       0x5e ./Drivers/STM32F4xx_HAL_Driver/Src/stm32f4xx_hal_i2c.o
 *fill*         0x08002782        0x2 
 .text.HAL_I2S_Init
                0x08002784      0x280 ./Drivers/STM32F4xx_HAL_Driver/Src/stm32f4xx_hal_i2s.o
                0x08002784                HAL_I2S_Init
 .text.HAL_I2S_TxCpltCallback
                0x08002a04       0x14 ./Drivers/STM32F4xx_HAL_Driver/Src/stm32f4xx_hal_i2s.o
                0x08002a04                HAL_I2S_TxCpltCallback
 .text.HAL_I2S_RxCpltCallback
                0x08002a18       0x14 ./Drivers/STM32F4xx_HAL_Driver/Src/stm32f4xx_hal_i2s.o
                0x08002a18                HAL_I2S_RxCpltCallback
 .text.HAL_I2S_ErrorCallback
                0x08002a2c       0x14 ./Drivers/STM32F4xx_HAL_Driver/Src/stm32f4xx_hal_i2s.o
                0x08002a2c                HAL_I2S_ErrorCallback
 .text.I2S_Transmit_IT
                0x08002a40       0x5c ./Drivers/STM32F4xx_HAL_Driver/Src/stm32f4xx_hal_i2s.o
 .text.I2S_Receive_IT
                0x08002a9c       0x5e ./Drivers/STM32F4xx_HAL_Driver/Src/stm32f4xx_hal_i2s.o
 .text.I2S_IRQHandler
                0x08002afa      0x114 ./Drivers/STM32F4xx_HAL_Driver/Src/stm32f4xx_hal_i2s.o
 *fill*         0x08002c0e        0x2 
 .text.HAL_I2SEx_FullDuplex_IRQHandler
                0x08002c10      0x2a8 ./Drivers/STM32F4xx_HAL_Driver/Src/stm32f4xx_hal_i2s_ex.o
                0x08002c10                HAL_I2SEx_FullDuplex_IRQHandler
 .text.HAL_I2SEx_TxRxCpltCallback
                0x08002eb8       0x14 ./Drivers/STM32F4xx_HAL_Driver/Src/stm32f4xx_hal_i2s_ex.o
                0x08002eb8                HAL_I2SEx_TxRxCpltCallback
 .text.I2SEx_TxISR_I2S
                0x08002ecc       0x62 ./Drivers/STM32F4xx_HAL_Driver/Src/stm32f4xx_hal_i2s_ex.o
 *fill*         0x08002f2e        0x2 
 .text.I2SEx_TxISR_I2SExt
                0x08002f30       0x98 ./Drivers/STM32F4xx_HAL_Driver/Src/stm32f4xx_hal_i2s_ex.o
 .text.I2SEx_RxISR_I2S
                0x08002fc8       0x64 ./Drivers/STM32F4xx_HAL_Driver/Src/stm32f4xx_hal_i2s_ex.o
 .text.I2SEx_RxISR_I2SExt
                0x0800302c       0x98 ./Drivers/STM32F4xx_HAL_Driver/Src/stm32f4xx_hal_i2s_ex.o
 .text.HAL_RCC_OscConfig
                0x080030c4      0x4f0 ./Drivers/STM32F4xx_HAL_Driver/Src/stm32f4xx_hal_rcc.o
                0x080030c4                HAL_RCC_OscConfig
 .text.HAL_RCC_ClockConfig
                0x080035b4      0x1cc ./Drivers/STM32F4xx_HAL_Driver/Src/stm32f4xx_hal_rcc.o
                0x080035b4                HAL_RCC_ClockConfig
 .text.HAL_RCC_GetSysClockFreq
                0x08003780      0x20c ./Drivers/STM32F4xx_HAL_Driver/Src/stm32f4xx_hal_rcc.o
                0x08003780                HAL_RCC_GetSysClockFreq
 .text.HAL_RCC_GetHCLKFreq
                0x0800398c       0x18 ./Drivers/STM32F4xx_HAL_Driver/Src/stm32f4xx_hal_rcc.o
                0x0800398c                HAL_RCC_GetHCLKFreq
 .text.HAL_RCC_GetPCLK1Freq
                0x080039a4       0x28 ./Drivers/STM32F4xx_HAL_Driver/Src/stm32f4xx_hal_rcc.o
                0x080039a4                HAL_RCC_GetPCLK1Freq
 .text.HAL_RCC_GetPCLK2Freq
                0x080039cc       0x28 ./Drivers/STM32F4xx_HAL_Driver/Src/stm32f4xx_hal_rcc.o
                0x080039cc                HAL_RCC_GetPCLK2Freq
 .text.HAL_RCC_GetClockConfig
                0x080039f4       0x64 ./Drivers/STM32F4xx_HAL_Driver/Src/stm32f4xx_hal_rcc.o
                0x080039f4                HAL_RCC_GetClockConfig
 .text.HAL_RCCEx_PeriphCLKConfig
                0x08003a58      0x1c4 ./Drivers/STM32F4xx_HAL_Driver/Src/stm32f4xx_hal_rcc_ex.o
                0x08003a58                HAL_RCCEx_PeriphCLKConfig
 .text.HAL_RCCEx_GetPeriphCLKFreq
                0x08003c1c       0xc0 ./Drivers/STM32F4xx_HAL_Driver/Src/stm32f4xx_hal_rcc_ex.o
                0x08003c1c                HAL_RCCEx_GetPeriphCLKFreq
 .text.HAL_SPI_Init
                0x08003cdc      0x112 ./Drivers/STM32F4xx_HAL_Driver/Src/stm32f4xx_hal_spi.o
                0x08003cdc                HAL_SPI_Init
 .text.HAL_SPI_Transmit
                0x08003dee      0x288 ./Drivers/STM32F4xx_HAL_Driver/Src/stm32f4xx_hal_spi.o
                0x08003dee                HAL_SPI_Transmit
 .text.HAL_SPI_TransmitReceive
                0x08004076      0x352 ./Drivers/STM32F4xx_HAL_Driver/Src/stm32f4xx_hal_spi.o
                0x08004076                HAL_SPI_TransmitReceive
 .text.SPI_WaitFlagStateUntilTimeout
                0x080043c8      0x110 ./Drivers/STM32F4xx_HAL_Driver/Src/stm32f4xx_hal_spi.o
 .text.SPI_EndRxTxTransaction
                0x080044d8       0xa8 ./Drivers/STM32F4xx_HAL_Driver/Src/stm32f4xx_hal_spi.o
 .text.HAL_TIM_Base_Init
                0x08004580       0x9e ./Drivers/STM32F4xx_HAL_Driver/Src/stm32f4xx_hal_tim.o
                0x08004580                HAL_TIM_Base_Init
 *fill*         0x0800461e        0x2 
 .text.HAL_TIM_Base_Start_IT
                0x08004620       0xe0 ./Drivers/STM32F4xx_HAL_Driver/Src/stm32f4xx_hal_tim.o
                0x08004620                HAL_TIM_Base_Start_IT
 .text.HAL_TIM_PWM_Init
                0x08004700       0x9e ./Drivers/STM32F4xx_HAL_Driver/Src/stm32f4xx_hal_tim.o
                0x08004700                HAL_TIM_PWM_Init
 .text.HAL_TIM_PWM_MspInit
                0x0800479e       0x14 ./Drivers/STM32F4xx_HAL_Driver/Src/stm32f4xx_hal_tim.o
                0x0800479e                HAL_TIM_PWM_MspInit
 *fill*         0x080047b2        0x2 
 .text.HAL_TIM_PWM_Start
                0x080047b4      0x190 ./Drivers/STM32F4xx_HAL_Driver/Src/stm32f4xx_hal_tim.o
                0x080047b4                HAL_TIM_PWM_Start
 .text.HAL_TIM_IRQHandler
                0x08004944      0x1e0 ./Drivers/STM32F4xx_HAL_Driver/Src/stm32f4xx_hal_tim.o
                0x08004944                HAL_TIM_IRQHandler
 .text.HAL_TIM_PWM_ConfigChannel
                0x08004b24      0x184 ./Drivers/STM32F4xx_HAL_Driver/Src/stm32f4xx_hal_tim.o
                0x08004b24                HAL_TIM_PWM_ConfigChannel
 .text.HAL_TIM_ConfigClockSource
                0x08004ca8      0x18e ./Drivers/STM32F4xx_HAL_Driver/Src/stm32f4xx_hal_tim.o
                0x08004ca8                HAL_TIM_ConfigClockSource
 .text.HAL_TIM_OC_DelayElapsedCallback
                0x08004e36       0x14 ./Drivers/STM32F4xx_HAL_Driver/Src/stm32f4xx_hal_tim.o
                0x08004e36                HAL_TIM_OC_DelayElapsedCallback
 .text.HAL_TIM_IC_CaptureCallback
                0x08004e4a       0x14 ./Drivers/STM32F4xx_HAL_Driver/Src/stm32f4xx_hal_tim.o
                0x08004e4a                HAL_TIM_IC_CaptureCallback
 .text.HAL_TIM_PWM_PulseFinishedCallback
                0x08004e5e       0x14 ./Drivers/STM32F4xx_HAL_Driver/Src/stm32f4xx_hal_tim.o
                0x08004e5e                HAL_TIM_PWM_PulseFinishedCallback
 .text.HAL_TIM_TriggerCallback
                0x08004e72       0x14 ./Drivers/STM32F4xx_HAL_Driver/Src/stm32f4xx_hal_tim.o
                0x08004e72                HAL_TIM_TriggerCallback
 *fill*         0x08004e86        0x2 
 .text.TIM_Base_SetConfig
                0x08004e88      0x158 ./Drivers/STM32F4xx_HAL_Driver/Src/stm32f4xx_hal_tim.o
                0x08004e88                TIM_Base_SetConfig
 .text.TIM_OC1_SetConfig
                0x08004fe0       0xe0 ./Drivers/STM32F4xx_HAL_Driver/Src/stm32f4xx_hal_tim.o
 .text.TIM_OC2_SetConfig
                0x080050c0       0xec ./Drivers/STM32F4xx_HAL_Driver/Src/stm32f4xx_hal_tim.o
                0x080050c0                TIM_OC2_SetConfig
 .text.TIM_OC3_SetConfig
                0x080051ac       0xe8 ./Drivers/STM32F4xx_HAL_Driver/Src/stm32f4xx_hal_tim.o
 .text.TIM_OC4_SetConfig
                0x08005294       0xac ./Drivers/STM32F4xx_HAL_Driver/Src/stm32f4xx_hal_tim.o
 .text.TIM_TI1_ConfigInputStage
                0x08005340       0x5e ./Drivers/STM32F4xx_HAL_Driver/Src/stm32f4xx_hal_tim.o
 .text.TIM_TI2_ConfigInputStage
                0x0800539e       0x60 ./Drivers/STM32F4xx_HAL_Driver/Src/stm32f4xx_hal_tim.o
 .text.TIM_ITRx_SetConfig
                0x080053fe       0x36 ./Drivers/STM32F4xx_HAL_Driver/Src/stm32f4xx_hal_tim.o
 .text.TIM_ETR_SetConfig
                0x08005434       0x40 ./Drivers/STM32F4xx_HAL_Driver/Src/stm32f4xx_hal_tim.o
                0x08005434                TIM_ETR_SetConfig
 .text.TIM_CCxChannelCmd
                0x08005474       0x4a ./Drivers/STM32F4xx_HAL_Driver/Src/stm32f4xx_hal_tim.o
                0x08005474                TIM_CCxChannelCmd
 *fill*         0x080054be        0x2 
 .text.HAL_TIMEx_MasterConfigSynchronization
                0x080054c0       0xf8 ./Drivers/STM32F4xx_HAL_Driver/Src/stm32f4xx_hal_tim_ex.o
                0x080054c0                HAL_TIMEx_MasterConfigSynchronization
 .text.HAL_TIMEx_CommutCallback
                0x080055b8       0x14 ./Drivers/STM32F4xx_HAL_Driver/Src/stm32f4xx_hal_tim_ex.o
                0x080055b8                HAL_TIMEx_CommutCallback
 .text.HAL_TIMEx_BreakCallback
                0x080055cc       0x14 ./Drivers/STM32F4xx_HAL_Driver/Src/stm32f4xx_hal_tim_ex.o
                0x080055cc                HAL_TIMEx_BreakCallback
 .text.HAL_UART_Init
                0x080055e0       0xa0 ./Drivers/STM32F4xx_HAL_Driver/Src/stm32f4xx_hal_uart.o
                0x080055e0                HAL_UART_Init
 .text.HAL_UART_Transmit
                0x08005680      0x116 ./Drivers/STM32F4xx_HAL_Driver/Src/stm32f4xx_hal_uart.o
                0x08005680                HAL_UART_Transmit
 .text.HAL_UART_Receive
                0x08005796      0x12e ./Drivers/STM32F4xx_HAL_Driver/Src/stm32f4xx_hal_uart.o
                0x08005796                HAL_UART_Receive
 .text.UART_WaitOnFlagUntilTimeout
                0x080058c4       0xb2 ./Drivers/STM32F4xx_HAL_Driver/Src/stm32f4xx_hal_uart.o
 .text.UART_EndRxTransfer
                0x08005976       0xc6 ./Drivers/STM32F4xx_HAL_Driver/Src/stm32f4xx_hal_uart.o
 .text.UART_SetConfig
                0x08005a3c      0x4e8 ./Drivers/STM32F4xx_HAL_Driver/Src/stm32f4xx_hal_uart.o
 .text.ESP32_Init
                0x08005f24       0x2c ./ESP32/Src/esp32.o
                0x08005f24                ESP32_Init
 .text.ESP32_OS_Resources_Init
                0x08005f50       0x2c ./ESP32/Src/esp32.o
                0x08005f50                ESP32_OS_Resources_Init
 .text.ESP32Sender
                0x08005f7c       0x74 ./ESP32/Src/esp32.o
                0x08005f7c                ESP32Sender
 .text.ESP32Receiver
                0x08005ff0       0x50 ./ESP32/Src/esp32.o
                0x08005ff0                ESP32Receiver
 .text.MX_FATFS_Init
                0x08006040       0x24 ./FATFS/App/fatfs.o
                0x08006040                MX_FATFS_Init
 .text.USER_initialize
                0x08006064       0x1c ./FATFS/Target/user_diskio.o
                0x08006064                USER_initialize
 .text.USER_status
                0x08006080       0x1c ./FATFS/Target/user_diskio.o
                0x08006080                USER_status
 .text.USER_read
                0x0800609c       0x26 ./FATFS/Target/user_diskio.o
                0x0800609c                USER_read
 .text.USER_write
                0x080060c2       0x26 ./FATFS/Target/user_diskio.o
                0x080060c2                USER_write
 .text.USER_ioctl
                0x080060e8       0x26 ./FATFS/Target/user_diskio.o
                0x080060e8                USER_ioctl
 *fill*         0x0800610e        0x2 
 .text.SPI_Timer_On
                0x08006110       0x28 ./FATFS/Target/user_diskio_spi.o
                0x08006110                SPI_Timer_On
 .text.SPI_Timer_Status
                0x08006138       0x2c ./FATFS/Target/user_diskio_spi.o
                0x08006138                SPI_Timer_Status
 .text.xchg_spi
                0x08006164       0x2c ./FATFS/Target/user_diskio_spi.o
 .text.rcvr_spi_multi
                0x08006190       0x38 ./FATFS/Target/user_diskio_spi.o
 .text.xmit_spi_multi
                0x080061c8       0x28 ./FATFS/Target/user_diskio_spi.o
 .text.wait_ready
                0x080061f0       0x78 ./FATFS/Target/user_diskio_spi.o
 .text.despiselect
                0x08006268       0x1c ./FATFS/Target/user_diskio_spi.o
 .text.spiselect
                0x08006284       0x44 ./FATFS/Target/user_diskio_spi.o
 .text.rcvr_datablock
                0x080062c8       0x52 ./FATFS/Target/user_diskio_spi.o
 .text.xmit_datablock
                0x0800631a       0x64 ./FATFS/Target/user_diskio_spi.o
 .text.send_cmd
                0x0800637e       0xde ./FATFS/Target/user_diskio_spi.o
 .text.USER_SPI_initialize
                0x0800645c      0x3fc ./FATFS/Target/user_diskio_spi.o
                0x0800645c                USER_SPI_initialize
 .text.USER_SPI_status
                0x08006858       0x2c ./FATFS/Target/user_diskio_spi.o
                0x08006858                USER_SPI_status
 .text.USER_SPI_read
                0x08006884       0xcc ./FATFS/Target/user_diskio_spi.o
                0x08006884                USER_SPI_read
 .text.USER_SPI_write
                0x08006950       0xf8 ./FATFS/Target/user_diskio_spi.o
                0x08006950                USER_SPI_write
 .text.USER_SPI_ioctl
                0x08006a48      0x2e0 ./FATFS/Target/user_diskio_spi.o
                0x08006a48                USER_SPI_ioctl
 .text.vListInitialise
                0x08006d28       0x40 ./FreeRTOS/list.o
                0x08006d28                vListInitialise
 .text.vListInitialiseItem
                0x08006d68       0x1a ./FreeRTOS/list.o
                0x08006d68                vListInitialiseItem
 .text.vListInsertEnd
                0x08006d82       0x48 ./FreeRTOS/list.o
                0x08006d82                vListInsertEnd
 .text.vListInsert
                0x08006dca       0x72 ./FreeRTOS/list.o
                0x08006dca                vListInsert
 .text.uxListRemove
                0x08006e3c       0x54 ./FreeRTOS/list.o
                0x08006e3c                uxListRemove
 .text.xQueueGenericReset
                0x08006e90       0xd4 ./FreeRTOS/queue.o
                0x08006e90                xQueueGenericReset
 .text.xQueueGenericCreate
                0x08006f64       0x7a ./FreeRTOS/queue.o
                0x08006f64                xQueueGenericCreate
 .text.prvInitialiseNewQueue
                0x08006fde       0x46 ./FreeRTOS/queue.o
 .text.prvInitialiseMutex
                0x08007024       0x34 ./FreeRTOS/queue.o
 .text.xQueueCreateMutex
                0x08007058       0x30 ./FreeRTOS/queue.o
                0x08007058                xQueueCreateMutex
 .text.xQueueGenericSend
                0x08007088      0x204 ./FreeRTOS/queue.o
                0x08007088                xQueueGenericSend
 .text.xQueueGenericSendFromISR
                0x0800728c      0x136 ./FreeRTOS/queue.o
                0x0800728c                xQueueGenericSendFromISR
 *fill*         0x080073c2        0x2 
 .text.xQueueReceive
                0x080073c4      0x1c4 ./FreeRTOS/queue.o
                0x080073c4                xQueueReceive
 .text.xQueueSemaphoreTake
                0x08007588      0x220 ./FreeRTOS/queue.o
                0x08007588                xQueueSemaphoreTake
 .text.prvGetDisinheritPriorityAfterTimeout
                0x080077a8       0x30 ./FreeRTOS/queue.o
 .text.prvCopyDataToQueue
                0x080077d8       0xd4 ./FreeRTOS/queue.o
 .text.prvCopyDataFromQueue
                0x080078ac       0x4c ./FreeRTOS/queue.o
 .text.prvUnlockQueue
                0x080078f8       0xa4 ./FreeRTOS/queue.o
 .text.prvIsQueueEmpty
                0x0800799c       0x2c ./FreeRTOS/queue.o
 .text.prvIsQueueFull
                0x080079c8       0x30 ./FreeRTOS/queue.o
 .text.vQueueAddToRegistry
                0x080079f8       0x54 ./FreeRTOS/queue.o
                0x080079f8                vQueueAddToRegistry
 .text.vQueueWaitForMessageRestricted
                0x08007a4c       0x68 ./FreeRTOS/queue.o
                0x08007a4c                vQueueWaitForMessageRestricted
 .text.xTaskCreate
                0x08007ab4       0x82 ./FreeRTOS/tasks.o
                0x08007ab4                xTaskCreate
 .text.prvInitialiseNewTask
                0x08007b36      0x120 ./FreeRTOS/tasks.o
 *fill*         0x08007c56        0x2 
 .text.prvAddNewTaskToReadyList
                0x08007c58       0xdc ./FreeRTOS/tasks.o
 .text.vTaskDelay
                0x08007d34       0x6c ./FreeRTOS/tasks.o
                0x08007d34                vTaskDelay
 .text.vTaskStartScheduler
                0x08007da0       0x9c ./FreeRTOS/tasks.o
                0x08007da0                vTaskStartScheduler
 .text.vTaskSuspendAll
                0x08007e3c       0x1c ./FreeRTOS/tasks.o
                0x08007e3c                vTaskSuspendAll
 .text.xTaskResumeAll
                0x08007e58      0x13c ./FreeRTOS/tasks.o
                0x08007e58                xTaskResumeAll
 .text.xTaskGetTickCount
                0x08007f94       0x20 ./FreeRTOS/tasks.o
                0x08007f94                xTaskGetTickCount
 .text.xTaskIncrementTick
                0x08007fb4      0x174 ./FreeRTOS/tasks.o
                0x08007fb4                xTaskIncrementTick
 .text.vTaskSwitchContext
                0x08008128       0xb8 ./FreeRTOS/tasks.o
                0x08008128                vTaskSwitchContext
 .text.vTaskPlaceOnEventList
                0x080081e0       0x4c ./FreeRTOS/tasks.o
                0x080081e0                vTaskPlaceOnEventList
 .text.vTaskPlaceOnEventListRestricted
                0x0800822c       0x58 ./FreeRTOS/tasks.o
                0x0800822c                vTaskPlaceOnEventListRestricted
 .text.xTaskRemoveFromEventList
                0x08008284       0xc8 ./FreeRTOS/tasks.o
                0x08008284                xTaskRemoveFromEventList
 .text.vTaskInternalSetTimeOutState
                0x0800834c       0x2c ./FreeRTOS/tasks.o
                0x0800834c                vTaskInternalSetTimeOutState
 .text.xTaskCheckForTimeOut
                0x08008378       0xc8 ./FreeRTOS/tasks.o
                0x08008378                xTaskCheckForTimeOut
 .text.vTaskMissedYield
                0x08008440       0x18 ./FreeRTOS/tasks.o
                0x08008440                vTaskMissedYield
 .text.prvIdleTask
                0x08008458       0x30 ./FreeRTOS/tasks.o
 .text.prvInitialiseTaskLists
                0x08008488       0x80 ./FreeRTOS/tasks.o
 .text.prvCheckTasksWaitingTermination
                0x08008508       0x5c ./FreeRTOS/tasks.o
 .text.prvDeleteTCB
                0x08008564       0x20 ./FreeRTOS/tasks.o
 .text.prvResetNextTaskUnblockTime
                0x08008584       0x40 ./FreeRTOS/tasks.o
 .text.xTaskGetSchedulerState
                0x080085c4       0x3c ./FreeRTOS/tasks.o
                0x080085c4                xTaskGetSchedulerState
 .text.xTaskPriorityInherit
                0x08008600      0x100 ./FreeRTOS/tasks.o
                0x08008600                xTaskPriorityInherit
 .text.xTaskPriorityDisinherit
                0x08008700      0x110 ./FreeRTOS/tasks.o
                0x08008700                xTaskPriorityDisinherit
 .text.vTaskPriorityDisinheritAfterTimeout
                0x08008810      0x138 ./FreeRTOS/tasks.o
                0x08008810                vTaskPriorityDisinheritAfterTimeout
 .text.pvTaskIncrementMutexHeldCount
                0x08008948       0x28 ./FreeRTOS/tasks.o
                0x08008948                pvTaskIncrementMutexHeldCount
 .text.prvAddCurrentTaskToDelayedList
                0x08008970       0xcc ./FreeRTOS/tasks.o
 .text.xTimerCreateTimerTask
                0x08008a3c       0x68 ./FreeRTOS/timers.o
                0x08008a3c                xTimerCreateTimerTask
 .text.xTimerGenericCommand
                0x08008aa4       0x9c ./FreeRTOS/timers.o
                0x08008aa4                xTimerGenericCommand
 .text.prvProcessExpiredTimer
                0x08008b40       0x9c ./FreeRTOS/timers.o
 .text.prvTimerTask
                0x08008bdc       0x26 ./FreeRTOS/timers.o
 *fill*         0x08008c02        0x2 
 .text.prvProcessTimerOrBlockTask
                0x08008c04       0x9c ./FreeRTOS/timers.o
 .text.prvGetNextExpireTime
                0x08008ca0       0x48 ./FreeRTOS/timers.o
 .text.prvSampleTimeNow
                0x08008ce8       0x40 ./FreeRTOS/timers.o
 .text.prvInsertTimerInActiveList
                0x08008d28       0x84 ./FreeRTOS/timers.o
 .text.prvProcessReceivedCommands
                0x08008dac      0x194 ./FreeRTOS/timers.o
 .text.prvSwitchTimerLists
                0x08008f40       0xcc ./FreeRTOS/timers.o
 .text.prvCheckForValidListAndQueue
                0x0800900c       0x6c ./FreeRTOS/timers.o
 .text.pxPortInitialiseStack
                0x08009078       0x68 ./FreeRTOS/portable/ARM_CM4F/port.o
                0x08009078                pxPortInitialiseStack
 .text.prvTaskExitError
                0x080090e0       0x5c ./FreeRTOS/portable/ARM_CM4F/port.o
 *fill*         0x0800913c        0x4 
 .text.SVC_Handler
                0x08009140       0x28 ./FreeRTOS/portable/ARM_CM4F/port.o
                0x08009140                SVC_Handler
 .text.prvPortStartFirstTask
                0x08009168       0x28 ./FreeRTOS/portable/ARM_CM4F/port.o
 .text.xPortStartScheduler
                0x08009190      0x148 ./FreeRTOS/portable/ARM_CM4F/port.o
                0x08009190                xPortStartScheduler
 .text.vPortEnterCritical
                0x080092d8       0x64 ./FreeRTOS/portable/ARM_CM4F/port.o
                0x080092d8                vPortEnterCritical
 .text.vPortExitCritical
                0x0800933c       0x54 ./FreeRTOS/portable/ARM_CM4F/port.o
                0x0800933c                vPortExitCritical
 .text.PendSV_Handler
                0x08009390       0x68 ./FreeRTOS/portable/ARM_CM4F/port.o
                0x08009390                PendSV_Handler
 .text.SysTick_Handler
                0x080093f8       0x44 ./FreeRTOS/portable/ARM_CM4F/port.o
                0x080093f8                SysTick_Handler
 .text.vPortSetupTimerInterrupt
                0x0800943c       0x48 ./FreeRTOS/portable/ARM_CM4F/port.o
                0x0800943c                vPortSetupTimerInterrupt
 .text.vPortEnableVFP
                0x08009484       0x14 ./FreeRTOS/portable/ARM_CM4F/port.o
 .text.vPortValidateInterruptPriority
                0x08009498       0x84 ./FreeRTOS/portable/ARM_CM4F/port.o
                0x08009498                vPortValidateInterruptPriority
 .text.pvPortMalloc
                0x0800951c      0x190 ./FreeRTOS/portable/MemMang/heap_4.o
                0x0800951c                pvPortMalloc
 .text.vPortFree
                0x080096ac       0xb8 ./FreeRTOS/portable/MemMang/heap_4.o
                0x080096ac                vPortFree
 .text.prvHeapInit
                0x08009764       0xc4 ./FreeRTOS/portable/MemMang/heap_4.o
 .text.prvInsertBlockIntoFreeList
                0x08009828       0xb4 ./FreeRTOS/portable/MemMang/heap_4.o
 .text.lcd_send_cmd
                0x080098dc       0x66 ./LCD/Src/i2c_lcd.o
                0x080098dc                lcd_send_cmd
 .text.lcd_send_data
                0x08009942       0x66 ./LCD/Src/i2c_lcd.o
                0x08009942                lcd_send_data
 .text.lcd_gotoxy
                0x080099a8       0x64 ./LCD/Src/i2c_lcd.o
                0x080099a8                lcd_gotoxy
 .text.lcd_init
                0x08009a0c       0x8e ./LCD/Src/i2c_lcd.o
                0x08009a0c                lcd_init
 .text.lcd_puts
                0x08009a9a       0x2e ./LCD/Src/i2c_lcd.o
                0x08009a9a                lcd_puts
 .text.LCD2004_Init
                0x08009ac8       0x2c ./LCD/Src/lcd2004.o
                0x08009ac8                LCD2004_Init
 .text.LCD2004_OS_Resources_Init
                0x08009af4       0x2c ./LCD/Src/lcd2004.o
                0x08009af4                LCD2004_OS_Resources_Init
 .text.LCDHandler
                0x08009b20       0x50 ./LCD/Src/lcd2004.o
                0x08009b20                LCDHandler
 .text.LED_Init
                0x08009b70       0x24 ./LED/led.o
                0x08009b70                LED_Init
 .text.LED_OS_Resources_Init
                0x08009b94       0x2c ./LED/led.o
                0x08009b94                LED_OS_Resources_Init
 .text.setColor
                0x08009bc0       0x3c ./LED/led.o
                0x08009bc0                setColor
 .text.LEDHandler
                0x08009bfc       0x88 ./LED/led.o
                0x08009bfc                LEDHandler
 .text.LEDTask  0x08009c84       0xbc ./LED/led.o
                0x08009c84                LEDTask
 .text.FATFS_LinkDriverEx
                0x08009d40       0x98 ./Middlewares/Third_Party/FatFs/src/ff_gen_drv.o
                0x08009d40                FATFS_LinkDriverEx
 .text.FATFS_LinkDriver
                0x08009dd8       0x1e ./Middlewares/Third_Party/FatFs/src/ff_gen_drv.o
                0x08009dd8                FATFS_LinkDriver
 *fill*         0x08009df6        0x2 
 .text.command_Init
                0x08009df8       0x20 ./Shell/Src/cmd.o
                0x08009df8                command_Init
 .text.LEDChangeColor
                0x08009e18       0x88 ./Shell/Src/cmd.o
                0x08009e18                LEDChangeColor
 .text.ESP32SendMsg
                0x08009ea0       0x70 ./Shell/Src/cmd.o
                0x08009ea0                ESP32SendMsg
 .text.LCDShowMsg
                0x08009f10      0x17c ./Shell/Src/cmd.o
                0x08009f10                LCDShowMsg
 .text.CommandPrint
                0x0800a08c       0x90 ./Shell/Src/cmd.o
 .text.PrintArgs
                0x0800a11c       0x5c ./Shell/Src/cmd.o
 .text.CommandExecute
                0x0800a178       0xb0 ./Shell/Src/cmd.o
                0x0800a178                CommandExecute
 .text.ReadLine_Init
                0x0800a228       0x20 ./Shell/Src/readLine.o
                0x0800a228                ReadLine_Init
 .text.GetChar  0x0800a248       0x2c ./Shell/Src/readLine.o
 .text.PutChar  0x0800a274       0x24 ./Shell/Src/readLine.o
 .text.PutString
                0x0800a298       0x20 ./Shell/Src/readLine.o
 .text.ReadLine
                0x0800a2b8      0x1d8 ./Shell/Src/readLine.o
                0x0800a2b8                ReadLine
 .text.ArgAnalyze
                0x0800a490       0xc0 ./Shell/Src/readLine.o
                0x0800a490                ArgAnalyze
 .text.Shell_Init
                0x0800a550       0x3c ./Shell/Src/shell.o
                0x0800a550                Shell_Init
 .text.ShellHandler
                0x0800a58c       0x50 ./Shell/Src/shell.o
                0x0800a58c                ShellHandler
 .text.atoi     0x0800a5dc        0x8 C:/ST/STM32CubeIDE_1.18.0/STM32CubeIDE/plugins/com.st.stm32cube.ide.mcu.externaltools.gnu-tools-for-stm32.13.3.rel1.win32_1.0.0.202411081344/tools/bin/../lib/gcc/arm-none-eabi/13.3.1/../../../../arm-none-eabi/lib/thumb/v7e-m+fp/hard\libc_nano.a(libc_a-atoi.o)
                0x0800a5dc                atoi
 .text._strtol_l.isra.0
                0x0800a5e4       0xf4 C:/ST/STM32CubeIDE_1.18.0/STM32CubeIDE/plugins/com.st.stm32cube.ide.mcu.externaltools.gnu-tools-for-stm32.13.3.rel1.win32_1.0.0.202411081344/tools/bin/../lib/gcc/arm-none-eabi/13.3.1/../../../../arm-none-eabi/lib/thumb/v7e-m+fp/hard\libc_nano.a(libc_a-strtol.o)
 .text.strtol   0x0800a6d8       0x14 C:/ST/STM32CubeIDE_1.18.0/STM32CubeIDE/plugins/com.st.stm32cube.ide.mcu.externaltools.gnu-tools-for-stm32.13.3.rel1.win32_1.0.0.202411081344/tools/bin/../lib/gcc/arm-none-eabi/13.3.1/../../../../arm-none-eabi/lib/thumb/v7e-m+fp/hard\libc_nano.a(libc_a-strtol.o)
                0x0800a6d8                strtol
 .text._vsnprintf_r
                0x0800a6ec       0x5c C:/ST/STM32CubeIDE_1.18.0/STM32CubeIDE/plugins/com.st.stm32cube.ide.mcu.externaltools.gnu-tools-for-stm32.13.3.rel1.win32_1.0.0.202411081344/tools/bin/../lib/gcc/arm-none-eabi/13.3.1/../../../../arm-none-eabi/lib/thumb/v7e-m+fp/hard\libc_nano.a(libc_a-vsnprintf.o)
                0x0800a6ec                _vsniprintf_r
                0x0800a6ec                _vsnprintf_r
 .text.vsnprintf
                0x0800a748       0x1c C:/ST/STM32CubeIDE_1.18.0/STM32CubeIDE/plugins/com.st.stm32cube.ide.mcu.externaltools.gnu-tools-for-stm32.13.3.rel1.win32_1.0.0.202411081344/tools/bin/../lib/gcc/arm-none-eabi/13.3.1/../../../../arm-none-eabi/lib/thumb/v7e-m+fp/hard\libc_nano.a(libc_a-vsnprintf.o)
                0x0800a748                vsniprintf
                0x0800a748                vsnprintf
 .text.memset   0x0800a764       0x10 C:/ST/STM32CubeIDE_1.18.0/STM32CubeIDE/plugins/com.st.stm32cube.ide.mcu.externaltools.gnu-tools-for-stm32.13.3.rel1.win32_1.0.0.202411081344/tools/bin/../lib/gcc/arm-none-eabi/13.3.1/../../../../arm-none-eabi/lib/thumb/v7e-m+fp/hard\libc_nano.a(libc_a-memset.o)
                0x0800a764                memset
 .text.strncpy  0x0800a774       0x26 C:/ST/STM32CubeIDE_1.18.0/STM32CubeIDE/plugins/com.st.stm32cube.ide.mcu.externaltools.gnu-tools-for-stm32.13.3.rel1.win32_1.0.0.202411081344/tools/bin/../lib/gcc/arm-none-eabi/13.3.1/../../../../arm-none-eabi/lib/thumb/v7e-m+fp/hard\libc_nano.a(libc_a-strncpy.o)
                0x0800a774                strncpy
 *fill*         0x0800a79a        0x2 
 .text.__errno  0x0800a79c        0xc C:/ST/STM32CubeIDE_1.18.0/STM32CubeIDE/plugins/com.st.stm32cube.ide.mcu.externaltools.gnu-tools-for-stm32.13.3.rel1.win32_1.0.0.202411081344/tools/bin/../lib/gcc/arm-none-eabi/13.3.1/../../../../arm-none-eabi/lib/thumb/v7e-m+fp/hard\libc_nano.a(libc_a-errno.o)
                0x0800a79c                __errno
 .text.__libc_init_array
                0x0800a7a8       0x48 C:/ST/STM32CubeIDE_1.18.0/STM32CubeIDE/plugins/com.st.stm32cube.ide.mcu.externaltools.gnu-tools-for-stm32.13.3.rel1.win32_1.0.0.202411081344/tools/bin/../lib/gcc/arm-none-eabi/13.3.1/../../../../arm-none-eabi/lib/thumb/v7e-m+fp/hard\libc_nano.a(libc_a-init.o)
                0x0800a7a8                __libc_init_array
 .text.__retarget_lock_acquire_recursive
                0x0800a7f0        0x2 C:/ST/STM32CubeIDE_1.18.0/STM32CubeIDE/plugins/com.st.stm32cube.ide.mcu.externaltools.gnu-tools-for-stm32.13.3.rel1.win32_1.0.0.202411081344/tools/bin/../lib/gcc/arm-none-eabi/13.3.1/../../../../arm-none-eabi/lib/thumb/v7e-m+fp/hard\libc_nano.a(libc_a-lock.o)
                0x0800a7f0                __retarget_lock_acquire_recursive
 .text.__retarget_lock_release_recursive
                0x0800a7f2        0x2 C:/ST/STM32CubeIDE_1.18.0/STM32CubeIDE/plugins/com.st.stm32cube.ide.mcu.externaltools.gnu-tools-for-stm32.13.3.rel1.win32_1.0.0.202411081344/tools/bin/../lib/gcc/arm-none-eabi/13.3.1/../../../../arm-none-eabi/lib/thumb/v7e-m+fp/hard\libc_nano.a(libc_a-lock.o)
                0x0800a7f2                __retarget_lock_release_recursive
 .text.memcpy   0x0800a7f4       0x1c C:/ST/STM32CubeIDE_1.18.0/STM32CubeIDE/plugins/com.st.stm32cube.ide.mcu.externaltools.gnu-tools-for-stm32.13.3.rel1.win32_1.0.0.202411081344/tools/bin/../lib/gcc/arm-none-eabi/13.3.1/../../../../arm-none-eabi/lib/thumb/v7e-m+fp/hard\libc_nano.a(libc_a-memcpy-stub.o)
                0x0800a7f4                memcpy
 .text._free_r  0x0800a810       0x94 C:/ST/STM32CubeIDE_1.18.0/STM32CubeIDE/plugins/com.st.stm32cube.ide.mcu.externaltools.gnu-tools-for-stm32.13.3.rel1.win32_1.0.0.202411081344/tools/bin/../lib/gcc/arm-none-eabi/13.3.1/../../../../arm-none-eabi/lib/thumb/v7e-m+fp/hard\libc_nano.a(libc_a-freer.o)
                0x0800a810                _free_r
 .text.sbrk_aligned
                0x0800a8a4       0x44 C:/ST/STM32CubeIDE_1.18.0/STM32CubeIDE/plugins/com.st.stm32cube.ide.mcu.externaltools.gnu-tools-for-stm32.13.3.rel1.win32_1.0.0.202411081344/tools/bin/../lib/gcc/arm-none-eabi/13.3.1/../../../../arm-none-eabi/lib/thumb/v7e-m+fp/hard\libc_nano.a(libc_a-mallocr.o)
 .text._malloc_r
                0x0800a8e8      0x100 C:/ST/STM32CubeIDE_1.18.0/STM32CubeIDE/plugins/com.st.stm32cube.ide.mcu.externaltools.gnu-tools-for-stm32.13.3.rel1.win32_1.0.0.202411081344/tools/bin/../lib/gcc/arm-none-eabi/13.3.1/../../../../arm-none-eabi/lib/thumb/v7e-m+fp/hard\libc_nano.a(libc_a-mallocr.o)
                0x0800a8e8                _malloc_r
 .text.__malloc_lock
                0x0800a9e8        0xc C:/ST/STM32CubeIDE_1.18.0/STM32CubeIDE/plugins/com.st.stm32cube.ide.mcu.externaltools.gnu-tools-for-stm32.13.3.rel1.win32_1.0.0.202411081344/tools/bin/../lib/gcc/arm-none-eabi/13.3.1/../../../../arm-none-eabi/lib/thumb/v7e-m+fp/hard\libc_nano.a(libc_a-mlock.o)
                0x0800a9e8                __malloc_lock
 .text.__malloc_unlock
                0x0800a9f4        0xc C:/ST/STM32CubeIDE_1.18.0/STM32CubeIDE/plugins/com.st.stm32cube.ide.mcu.externaltools.gnu-tools-for-stm32.13.3.rel1.win32_1.0.0.202411081344/tools/bin/../lib/gcc/arm-none-eabi/13.3.1/../../../../arm-none-eabi/lib/thumb/v7e-m+fp/hard\libc_nano.a(libc_a-mlock.o)
                0x0800a9f4                __malloc_unlock
 .text.__ssputs_r
                0x0800aa00       0xb6 C:/ST/STM32CubeIDE_1.18.0/STM32CubeIDE/plugins/com.st.stm32cube.ide.mcu.externaltools.gnu-tools-for-stm32.13.3.rel1.win32_1.0.0.202411081344/tools/bin/../lib/gcc/arm-none-eabi/13.3.1/../../../../arm-none-eabi/lib/thumb/v7e-m+fp/hard\libc_nano.a(libc_a-nano-svfprintf.o)
                0x0800aa00                __ssputs_r
 *fill*         0x0800aab6        0x2 
 .text._svfprintf_r
                0x0800aab8      0x1f8 C:/ST/STM32CubeIDE_1.18.0/STM32CubeIDE/plugins/com.st.stm32cube.ide.mcu.externaltools.gnu-tools-for-stm32.13.3.rel1.win32_1.0.0.202411081344/tools/bin/../lib/gcc/arm-none-eabi/13.3.1/../../../../arm-none-eabi/lib/thumb/v7e-m+fp/hard\libc_nano.a(libc_a-nano-svfprintf.o)
                0x0800aab8                _svfiprintf_r
                0x0800aab8                _svfprintf_r
 .text._printf_common
                0x0800acb0       0xda C:/ST/STM32CubeIDE_1.18.0/STM32CubeIDE/plugins/com.st.stm32cube.ide.mcu.externaltools.gnu-tools-for-stm32.13.3.rel1.win32_1.0.0.202411081344/tools/bin/../lib/gcc/arm-none-eabi/13.3.1/../../../../arm-none-eabi/lib/thumb/v7e-m+fp/hard\libc_nano.a(libc_a-nano-vfprintf_i.o)
                0x0800acb0                _printf_common
 *fill*         0x0800ad8a        0x2 
 .text._printf_i
                0x0800ad8c      0x23c C:/ST/STM32CubeIDE_1.18.0/STM32CubeIDE/plugins/com.st.stm32cube.ide.mcu.externaltools.gnu-tools-for-stm32.13.3.rel1.win32_1.0.0.202411081344/tools/bin/../lib/gcc/arm-none-eabi/13.3.1/../../../../arm-none-eabi/lib/thumb/v7e-m+fp/hard\libc_nano.a(libc_a-nano-vfprintf_i.o)
                0x0800ad8c                _printf_i
 .text.memmove  0x0800afc8       0x34 C:/ST/STM32CubeIDE_1.18.0/STM32CubeIDE/plugins/com.st.stm32cube.ide.mcu.externaltools.gnu-tools-for-stm32.13.3.rel1.win32_1.0.0.202411081344/tools/bin/../lib/gcc/arm-none-eabi/13.3.1/../../../../arm-none-eabi/lib/thumb/v7e-m+fp/hard\libc_nano.a(libc_a-memmove.o)
                0x0800afc8                memmove
 .text._sbrk_r  0x0800affc       0x20 C:/ST/STM32CubeIDE_1.18.0/STM32CubeIDE/plugins/com.st.stm32cube.ide.mcu.externaltools.gnu-tools-for-stm32.13.3.rel1.win32_1.0.0.202411081344/tools/bin/../lib/gcc/arm-none-eabi/13.3.1/../../../../arm-none-eabi/lib/thumb/v7e-m+fp/hard\libc_nano.a(libc_a-sbrkr.o)
                0x0800affc                _sbrk_r
 .text._realloc_r
                0x0800b01c       0x5c C:/ST/STM32CubeIDE_1.18.0/STM32CubeIDE/plugins/com.st.stm32cube.ide.mcu.externaltools.gnu-tools-for-stm32.13.3.rel1.win32_1.0.0.202411081344/tools/bin/../lib/gcc/arm-none-eabi/13.3.1/../../../../arm-none-eabi/lib/thumb/v7e-m+fp/hard\libc_nano.a(libc_a-reallocr.o)
                0x0800b01c                _realloc_r
 .text._malloc_usable_size_r
                0x0800b078       0x10 C:/ST/STM32CubeIDE_1.18.0/STM32CubeIDE/plugins/com.st.stm32cube.ide.mcu.externaltools.gnu-tools-for-stm32.13.3.rel1.win32_1.0.0.202411081344/tools/bin/../lib/gcc/arm-none-eabi/13.3.1/../../../../arm-none-eabi/lib/thumb/v7e-m+fp/hard\libc_nano.a(libc_a-msizer.o)
                0x0800b078                _malloc_usable_size_r
 *(.glue_7)
 .glue_7        0x0800b088        0x0 linker stubs
 *(.glue_7t)
 .glue_7t       0x0800b088        0x0 linker stubs
 *(.eh_frame)
 .eh_frame      0x0800b088        0x0 C:/ST/STM32CubeIDE_1.18.0/STM32CubeIDE/plugins/com.st.stm32cube.ide.mcu.externaltools.gnu-tools-for-stm32.13.3.rel1.win32_1.0.0.202411081344/tools/bin/../lib/gcc/arm-none-eabi/13.3.1/thumb/v7e-m+fp/hard/crtbegin.o
 *(.init)
 .init          0x0800b088        0x4 C:/ST/STM32CubeIDE_1.18.0/STM32CubeIDE/plugins/com.st.stm32cube.ide.mcu.externaltools.gnu-tools-for-stm32.13.3.rel1.win32_1.0.0.202411081344/tools/bin/../lib/gcc/arm-none-eabi/13.3.1/thumb/v7e-m+fp/hard/crti.o
                0x0800b088                _init
 .init          0x0800b08c        0x8 C:/ST/STM32CubeIDE_1.18.0/STM32CubeIDE/plugins/com.st.stm32cube.ide.mcu.externaltools.gnu-tools-for-stm32.13.3.rel1.win32_1.0.0.202411081344/tools/bin/../lib/gcc/arm-none-eabi/13.3.1/thumb/v7e-m+fp/hard/crtn.o
 *(.fini)
 .fini          0x0800b094        0x4 C:/ST/STM32CubeIDE_1.18.0/STM32CubeIDE/plugins/com.st.stm32cube.ide.mcu.externaltools.gnu-tools-for-stm32.13.3.rel1.win32_1.0.0.202411081344/tools/bin/../lib/gcc/arm-none-eabi/13.3.1/thumb/v7e-m+fp/hard/crti.o
                0x0800b094                _fini
 .fini          0x0800b098        0x8 C:/ST/STM32CubeIDE_1.18.0/STM32CubeIDE/plugins/com.st.stm32cube.ide.mcu.externaltools.gnu-tools-for-stm32.13.3.rel1.win32_1.0.0.202411081344/tools/bin/../lib/gcc/arm-none-eabi/13.3.1/thumb/v7e-m+fp/hard/crtn.o
                0x0800b0a0                        . = ALIGN (0x4)
                0x0800b0a0                        _etext = .

.vfp11_veneer   0x0800b0a0        0x0
 .vfp11_veneer  0x0800b0a0        0x0 linker stubs

.v4_bx          0x0800b0a0        0x0
 .v4_bx         0x0800b0a0        0x0 linker stubs

.iplt           0x0800b0a0        0x0
 .iplt          0x0800b0a0        0x0 C:/ST/STM32CubeIDE_1.18.0/STM32CubeIDE/plugins/com.st.stm32cube.ide.mcu.externaltools.gnu-tools-for-stm32.13.3.rel1.win32_1.0.0.202411081344/tools/bin/../lib/gcc/arm-none-eabi/13.3.1/thumb/v7e-m+fp/hard/crtbegin.o

.rodata         0x0800b0a0      0xaac
                0x0800b0a0                        . = ALIGN (0x4)
 *(.rodata)
 .rodata        0x0800b0a0      0x104 ./Core/Src/main.o
 .rodata        0x0800b1a4        0x3 ./Core/Src/msgHandler.o
 *fill*         0x0800b1a7        0x1 
 .rodata        0x0800b1a8       0x18 ./ESP32/Src/esp32.o
 .rodata        0x0800b1c0      0x432 ./FATFS/Target/user_diskio_spi.o
 *fill*         0x0800b5f2        0x2 
 .rodata        0x0800b5f4        0x5 ./FreeRTOS/tasks.o
 *fill*         0x0800b5f9        0x3 
 .rodata        0x0800b5fc        0xd ./FreeRTOS/timers.o
 *fill*         0x0800b609        0x3 
 .rodata        0x0800b60c      0x367 ./Shell/Src/cmd.o
 *fill*         0x0800b973        0x1 
 .rodata        0x0800b974        0x9 ./Shell/Src/readLine.o
 *fill*         0x0800b97d        0x3 
 .rodata        0x0800b980       0x37 ./Shell/Src/shell.o
 *(.rodata*)
 *fill*         0x0800b9b7        0x1 
 .rodata.AHBPrescTable
                0x0800b9b8       0x10 ./Core/Src/system_stm32f4xx.o
                0x0800b9b8                AHBPrescTable
 .rodata.APBPrescTable
                0x0800b9c8        0x8 ./Core/Src/system_stm32f4xx.o
                0x0800b9c8                APBPrescTable
 .rodata.CommandList
                0x0800b9d0       0x48 ./Shell/Src/cmd.o
 .rodata._ctype_
                0x0800ba18      0x101 C:/ST/STM32CubeIDE_1.18.0/STM32CubeIDE/plugins/com.st.stm32cube.ide.mcu.externaltools.gnu-tools-for-stm32.13.3.rel1.win32_1.0.0.202411081344/tools/bin/../lib/gcc/arm-none-eabi/13.3.1/../../../../arm-none-eabi/lib/thumb/v7e-m+fp/hard\libc_nano.a(libc_a-ctype_.o)
                0x0800ba18                _ctype_
 .rodata._svfprintf_r.str1.1
                0x0800bb19       0x33 C:/ST/STM32CubeIDE_1.18.0/STM32CubeIDE/plugins/com.st.stm32cube.ide.mcu.externaltools.gnu-tools-for-stm32.13.3.rel1.win32_1.0.0.202411081344/tools/bin/../lib/gcc/arm-none-eabi/13.3.1/../../../../arm-none-eabi/lib/thumb/v7e-m+fp/hard\libc_nano.a(libc_a-nano-svfprintf.o)
                                 0x11 (size before relaxing)
 .rodata._printf_i.str1.1
                0x0800bb4c       0x22 C:/ST/STM32CubeIDE_1.18.0/STM32CubeIDE/plugins/com.st.stm32cube.ide.mcu.externaltools.gnu-tools-for-stm32.13.3.rel1.win32_1.0.0.202411081344/tools/bin/../lib/gcc/arm-none-eabi/13.3.1/../../../../arm-none-eabi/lib/thumb/v7e-m+fp/hard\libc_nano.a(libc_a-nano-vfprintf_i.o)
                0x0800bb70                        . = ALIGN (0x4)

.ARM.extab      0x0800bb4c        0x0
                0x0800bb4c                        . = ALIGN (0x4)
 *(.ARM.extab* .gnu.linkonce.armextab.*)
                0x0800bb4c                        . = ALIGN (0x4)

.ARM            0x0800bb4c        0x8
                0x0800bb4c                        . = ALIGN (0x4)
                0x0800bb4c                        __exidx_start = .
 *(.ARM.exidx*)
 .ARM.exidx     0x0800bb4c        0x8 C:/ST/STM32CubeIDE_1.18.0/STM32CubeIDE/plugins/com.st.stm32cube.ide.mcu.externaltools.gnu-tools-for-stm32.13.3.rel1.win32_1.0.0.202411081344/tools/bin/../lib/gcc/arm-none-eabi/13.3.1/../../../../arm-none-eabi/lib/thumb/v7e-m+fp/hard\libc_nano.a(libc_a-strcmp.o)
 .ARM.exidx     0x0800bb54        0x0 C:/ST/STM32CubeIDE_1.18.0/STM32CubeIDE/plugins/com.st.stm32cube.ide.mcu.externaltools.gnu-tools-for-stm32.13.3.rel1.win32_1.0.0.202411081344/tools/bin/../lib/gcc/arm-none-eabi/13.3.1/../../../../arm-none-eabi/lib/thumb/v7e-m+fp/hard\libc_nano.a(libc_a-strlen.o)
                                  0x8 (size before relaxing)
 .ARM.exidx     0x0800bb54        0x0 C:/ST/STM32CubeIDE_1.18.0/STM32CubeIDE/plugins/com.st.stm32cube.ide.mcu.externaltools.gnu-tools-for-stm32.13.3.rel1.win32_1.0.0.202411081344/tools/bin/../lib/gcc/arm-none-eabi/13.3.1/../../../../arm-none-eabi/lib/thumb/v7e-m+fp/hard\libc_nano.a(libc_a-memchr.o)
                                  0x8 (size before relaxing)
 .ARM.exidx     0x0800bb54        0x0 C:/ST/STM32CubeIDE_1.18.0/STM32CubeIDE/plugins/com.st.stm32cube.ide.mcu.externaltools.gnu-tools-for-stm32.13.3.rel1.win32_1.0.0.202411081344/tools/bin/../lib/gcc/arm-none-eabi/13.3.1/thumb/v7e-m+fp/hard\libgcc.a(_udivmoddi4.o)
                                  0x8 (size before relaxing)
                0x0800bb54                        __exidx_end = .
                0x0800bb54                        . = ALIGN (0x4)

.preinit_array  0x0800bb54        0x0
                0x0800bb54                        . = ALIGN (0x4)
                0x0800bb54                        PROVIDE (__preinit_array_start = .)
 *(.preinit_array*)
                0x0800bb54                        PROVIDE (__preinit_array_end = .)
                0x0800bb54                        . = ALIGN (0x4)

.init_array     0x0800bb54        0x4
                0x0800bb54                        . = ALIGN (0x4)
                0x0800bb54                        PROVIDE (__init_array_start = .)
 *(SORT_BY_NAME(.init_array.*))
 *(.init_array*)
 .init_array    0x0800bb54        0x4 C:/ST/STM32CubeIDE_1.18.0/STM32CubeIDE/plugins/com.st.stm32cube.ide.mcu.externaltools.gnu-tools-for-stm32.13.3.rel1.win32_1.0.0.202411081344/tools/bin/../lib/gcc/arm-none-eabi/13.3.1/thumb/v7e-m+fp/hard/crtbegin.o
                0x0800bb58                        PROVIDE (__init_array_end = .)
                0x0800bb58                        . = ALIGN (0x4)

.fini_array     0x0800bb58        0x4
                0x0800bb58                        . = ALIGN (0x4)
                [!provide]                        PROVIDE (__fini_array_start = .)
 *(SORT_BY_NAME(.fini_array.*))
 *(.fini_array*)
 .fini_array    0x0800bb58        0x4 C:/ST/STM32CubeIDE_1.18.0/STM32CubeIDE/plugins/com.st.stm32cube.ide.mcu.externaltools.gnu-tools-for-stm32.13.3.rel1.win32_1.0.0.202411081344/tools/bin/../lib/gcc/arm-none-eabi/13.3.1/thumb/v7e-m+fp/hard/crtbegin.o
                [!provide]                        PROVIDE (__fini_array_end = .)
                0x0800bb5c                        . = ALIGN (0x4)
                0x0800bb5c                        _sidata = LOADADDR (.data)

.rel.dyn        0x0800bb5c        0x0
 .rel.iplt      0x0800bb5c        0x0 C:/ST/STM32CubeIDE_1.18.0/STM32CubeIDE/plugins/com.st.stm32cube.ide.mcu.externaltools.gnu-tools-for-stm32.13.3.rel1.win32_1.0.0.202411081344/tools/bin/../lib/gcc/arm-none-eabi/13.3.1/thumb/v7e-m+fp/hard/crtbegin.o

.data           0x20000000      0x17c load address 0x0800bb5c
                0x20000000                        . = ALIGN (0x4)
                0x20000000                        _sdata = .
 *(.data)
 *(.data*)
 .data.ReceiveMsgTimeout
                0x20000000        0x4 ./Core/Src/msgHandler.o
                0x20000000                ReceiveMsgTimeout
 .data.SystemCoreClock
                0x20000004        0x4 ./Core/Src/system_stm32f4xx.o
                0x20000004                SystemCoreClock
 .data.uwTickPrio
                0x20000008        0x4 ./Drivers/STM32F4xx_HAL_Driver/Src/stm32f4xx_hal.o
                0x20000008                uwTickPrio
 .data.uwTickFreq
                0x2000000c        0x1 ./Drivers/STM32F4xx_HAL_Driver/Src/stm32f4xx_hal.o
                0x2000000c                uwTickFreq
 *fill*         0x2000000d        0x3 
 .data.USER_Driver
                0x20000010       0x14 ./FATFS/Target/user_diskio.o
                0x20000010                USER_Driver
 .data.Stat     0x20000024        0x1 ./FATFS/Target/user_diskio_spi.o
 *fill*         0x20000025        0x3 
 .data.uxCriticalNesting
                0x20000028        0x4 ./FreeRTOS/portable/ARM_CM4F/port.o
 .data.prompt   0x2000002c       0xff ./Shell/Src/readLine.o
 *fill*         0x2000012b        0x1 
 .data._impure_ptr
                0x2000012c        0x4 C:/ST/STM32CubeIDE_1.18.0/STM32CubeIDE/plugins/com.st.stm32cube.ide.mcu.externaltools.gnu-tools-for-stm32.13.3.rel1.win32_1.0.0.202411081344/tools/bin/../lib/gcc/arm-none-eabi/13.3.1/../../../../arm-none-eabi/lib/thumb/v7e-m+fp/hard\libc_nano.a(libc_a-impure.o)
                0x2000012c                _impure_ptr
 .data._impure_data
                0x20000130       0x4c C:/ST/STM32CubeIDE_1.18.0/STM32CubeIDE/plugins/com.st.stm32cube.ide.mcu.externaltools.gnu-tools-for-stm32.13.3.rel1.win32_1.0.0.202411081344/tools/bin/../lib/gcc/arm-none-eabi/13.3.1/../../../../arm-none-eabi/lib/thumb/v7e-m+fp/hard\libc_nano.a(libc_a-impure.o)
                0x20000130                _impure_data
 *(.RamFunc)
 *(.RamFunc*)
                0x2000017c                        . = ALIGN (0x4)
                0x2000017c                        _edata = .
                0x0800bcd8                        _siccmram = LOADADDR (.ccmram)

.igot.plt       0x2000017c        0x0 load address 0x0800bcd8
 .igot.plt      0x2000017c        0x0 C:/ST/STM32CubeIDE_1.18.0/STM32CubeIDE/plugins/com.st.stm32cube.ide.mcu.externaltools.gnu-tools-for-stm32.13.3.rel1.win32_1.0.0.202411081344/tools/bin/../lib/gcc/arm-none-eabi/13.3.1/thumb/v7e-m+fp/hard/crtbegin.o

.ccmram         0x10000000        0x0 load address 0x0800bcd8
                0x10000000                        . = ALIGN (0x4)
                0x10000000                        _sccmram = .
 *(.ccmram)
 *(.ccmram*)
                0x10000000                        . = ALIGN (0x4)
                0x10000000                        _eccmram = .
                0x10000000                        . = ALIGN (0x4)

.bss            0x2000017c    0x13904
                0x2000017c                        _sbss = .
                0x2000017c                        __bss_start__ = _sbss
 *(.bss)
 .bss           0x2000017c       0x1c C:/ST/STM32CubeIDE_1.18.0/STM32CubeIDE/plugins/com.st.stm32cube.ide.mcu.externaltools.gnu-tools-for-stm32.13.3.rel1.win32_1.0.0.202411081344/tools/bin/../lib/gcc/arm-none-eabi/13.3.1/thumb/v7e-m+fp/hard/crtbegin.o
 *(.bss*)
 .bss.hi2c1     0x20000198       0x54 ./Core/Src/main.o
                0x20000198                hi2c1
 .bss.hi2c2     0x200001ec       0x54 ./Core/Src/main.o
                0x200001ec                hi2c2
 .bss.hi2s3     0x20000240       0x48 ./Core/Src/main.o
                0x20000240                hi2s3
 .bss.hspi1     0x20000288       0x58 ./Core/Src/main.o
                0x20000288                hspi1
 .bss.hspi2     0x200002e0       0x58 ./Core/Src/main.o
                0x200002e0                hspi2
 .bss.htim4     0x20000338       0x48 ./Core/Src/main.o
                0x20000338                htim4
 .bss.huart1    0x20000380       0x48 ./Core/Src/main.o
                0x20000380                huart1
 .bss.huart2    0x200003c8       0x48 ./Core/Src/main.o
                0x200003c8                huart2
 .bss.huart3    0x20000410       0x48 ./Core/Src/main.o
                0x20000410                huart3
 .bss.msgHandler_shell_huart
                0x20000458        0x4 ./Core/Src/msgHandler.o
                0x20000458                msgHandler_shell_huart
 .bss.msgHandlerTx
                0x2000045c        0x4 ./Core/Src/msgHandler.o
                0x2000045c                msgHandlerTx
 .bss.msgHandlerRx
                0x20000460        0x4 ./Core/Src/msgHandler.o
                0x20000460                msgHandlerRx
 .bss.ReceiveMsgTimeoutMutex
                0x20000464        0x4 ./Core/Src/msgHandler.o
                0x20000464                ReceiveMsgTimeoutMutex
 .bss.send_data.1
                0x20000468      0x100 ./Core/Src/msgHandler.o
 .bss.send_data.0
                0x20000568      0x100 ./Core/Src/msgHandler.o
 .bss.htim2     0x20000668       0x48 ./Core/Src/stm32f4xx_hal_timebase_tim.o
                0x20000668                htim2
 .bss.__sbrk_heap_end
                0x200006b0        0x4 ./Core/Src/sysmem.o
 .bss.uwTick    0x200006b4        0x4 ./Drivers/STM32F4xx_HAL_Driver/Src/stm32f4xx_hal.o
                0x200006b4                uwTick
 .bss.eps32_TxRx_huart
                0x200006b8        0x4 ./ESP32/Src/esp32.o
                0x200006b8                eps32_TxRx_huart
 .bss.esp32_log_huart
                0x200006bc        0x4 ./ESP32/Src/esp32.o
                0x200006bc                esp32_log_huart
 .bss.xESP32Queue
                0x200006c0        0x4 ./ESP32/Src/esp32.o
                0x200006c0                xESP32Queue
 .bss.xESP32Mutex
                0x200006c4        0x4 ./ESP32/Src/esp32.o
                0x200006c4                xESP32Mutex
 .bss.ESP32_reveice_data
                0x200006c8       0x64 ./ESP32/Src/esp32.o
                0x200006c8                ESP32_reveice_data
 .bss.retUSER   0x2000072c        0x1 ./FATFS/App/fatfs.o
                0x2000072c                retUSER
 *fill*         0x2000072d        0x3 
 .bss.USERPath  0x20000730        0x4 ./FATFS/App/fatfs.o
                0x20000730                USERPath
 .bss.CardType  0x20000734        0x1 ./FATFS/Target/user_diskio_spi.o
 *fill*         0x20000735        0x3 
 .bss.spiTimerTickStart
                0x20000738        0x4 ./FATFS/Target/user_diskio_spi.o
                0x20000738                spiTimerTickStart
 .bss.spiTimerTickDelay
                0x2000073c        0x4 ./FATFS/Target/user_diskio_spi.o
                0x2000073c                spiTimerTickDelay
 .bss.xQueueRegistry
                0x20000740       0x40 ./FreeRTOS/queue.o
                0x20000740                xQueueRegistry
 .bss.pxCurrentTCB
                0x20000780        0x4 ./FreeRTOS/tasks.o
                0x20000780                pxCurrentTCB
 .bss.pxReadyTasksLists
                0x20000784       0x64 ./FreeRTOS/tasks.o
 .bss.xDelayedTaskList1
                0x200007e8       0x14 ./FreeRTOS/tasks.o
 .bss.xDelayedTaskList2
                0x200007fc       0x14 ./FreeRTOS/tasks.o
 .bss.pxDelayedTaskList
                0x20000810        0x4 ./FreeRTOS/tasks.o
 .bss.pxOverflowDelayedTaskList
                0x20000814        0x4 ./FreeRTOS/tasks.o
 .bss.xPendingReadyList
                0x20000818       0x14 ./FreeRTOS/tasks.o
 .bss.xTasksWaitingTermination
                0x2000082c       0x14 ./FreeRTOS/tasks.o
 .bss.uxDeletedTasksWaitingCleanUp
                0x20000840        0x4 ./FreeRTOS/tasks.o
 .bss.xSuspendedTaskList
                0x20000844       0x14 ./FreeRTOS/tasks.o
 .bss.uxCurrentNumberOfTasks
                0x20000858        0x4 ./FreeRTOS/tasks.o
 .bss.xTickCount
                0x2000085c        0x4 ./FreeRTOS/tasks.o
 .bss.uxTopReadyPriority
                0x20000860        0x4 ./FreeRTOS/tasks.o
 .bss.xSchedulerRunning
                0x20000864        0x4 ./FreeRTOS/tasks.o
 .bss.uxPendedTicks
                0x20000868        0x4 ./FreeRTOS/tasks.o
 .bss.xYieldPending
                0x2000086c        0x4 ./FreeRTOS/tasks.o
 .bss.xNumOfOverflows
                0x20000870        0x4 ./FreeRTOS/tasks.o
 .bss.uxTaskNumber
                0x20000874        0x4 ./FreeRTOS/tasks.o
 .bss.xNextTaskUnblockTime
                0x20000878        0x4 ./FreeRTOS/tasks.o
 .bss.xIdleTaskHandle
                0x2000087c        0x4 ./FreeRTOS/tasks.o
 .bss.uxSchedulerSuspended
                0x20000880        0x4 ./FreeRTOS/tasks.o
 .bss.xActiveTimerList1
                0x20000884       0x14 ./FreeRTOS/timers.o
 .bss.xActiveTimerList2
                0x20000898       0x14 ./FreeRTOS/timers.o
 .bss.pxCurrentTimerList
                0x200008ac        0x4 ./FreeRTOS/timers.o
 .bss.pxOverflowTimerList
                0x200008b0        0x4 ./FreeRTOS/timers.o
 .bss.xTimerQueue
                0x200008b4        0x4 ./FreeRTOS/timers.o
 .bss.xTimerTaskHandle
                0x200008b8        0x4 ./FreeRTOS/timers.o
 .bss.xLastTime.0
                0x200008bc        0x4 ./FreeRTOS/timers.o
 .bss.ucMaxSysCallPriority
                0x200008c0        0x1 ./FreeRTOS/portable/ARM_CM4F/port.o
 *fill*         0x200008c1        0x3 
 .bss.ulMaxPRIGROUPValue
                0x200008c4        0x4 ./FreeRTOS/portable/ARM_CM4F/port.o
 .bss.ucHeap    0x200008c8    0x12c00 ./FreeRTOS/portable/MemMang/heap_4.o
 .bss.xStart    0x200134c8        0x8 ./FreeRTOS/portable/MemMang/heap_4.o
 .bss.pxEnd     0x200134d0        0x4 ./FreeRTOS/portable/MemMang/heap_4.o
 .bss.xFreeBytesRemaining
                0x200134d4        0x4 ./FreeRTOS/portable/MemMang/heap_4.o
 .bss.xMinimumEverFreeBytesRemaining
                0x200134d8        0x4 ./FreeRTOS/portable/MemMang/heap_4.o
 .bss.xBlockAllocatedBit
                0x200134dc        0x4 ./FreeRTOS/portable/MemMang/heap_4.o
 .bss.xLCDQueue
                0x200134e0        0x4 ./LCD/Src/lcd2004.o
                0x200134e0                xLCDQueue
 .bss.xLCDMutex
                0x200134e4        0x4 ./LCD/Src/lcd2004.o
                0x200134e4                xLCDMutex
 .bss.lcd       0x200134e8        0x8 ./LCD/Src/lcd2004.o
                0x200134e8                lcd
 .bss.xLEDQueue
                0x200134f0        0x4 ./LED/led.o
                0x200134f0                xLEDQueue
 .bss.xLEDMutex
                0x200134f4        0x4 ./LED/led.o
                0x200134f4                xLEDMutex
 .bss.auto_mode
                0x200134f8        0x1 ./LED/led.o
                0x200134f8                auto_mode
 *fill*         0x200134f9        0x3 
 .bss.disk      0x200134fc        0xc ./Middlewares/Third_Party/FatFs/src/ff_gen_drv.o
                0x200134fc                disk
 .bss.readBuffer
                0x20013508      0x400 ./Shell/Src/readLine.o
 .bss.shell_huart
                0x20013908        0x4 ./Shell/Src/shell.o
                0x20013908                shell_huart
 .bss.argc.1    0x2001390c        0x1 ./Shell/Src/shell.o
 *fill*         0x2001390d        0x3 
 .bss.argv.0    0x20013910       0x28 ./Shell/Src/shell.o
 .bss.__sf      0x20013938      0x138 C:/ST/STM32CubeIDE_1.18.0/STM32CubeIDE/plugins/com.st.stm32cube.ide.mcu.externaltools.gnu-tools-for-stm32.13.3.rel1.win32_1.0.0.202411081344/tools/bin/../lib/gcc/arm-none-eabi/13.3.1/../../../../arm-none-eabi/lib/thumb/v7e-m+fp/hard\libc_nano.a(libc_a-findfp.o)
                0x20013938                __sf
 .bss.errno     0x20013a70        0x4 C:/ST/STM32CubeIDE_1.18.0/STM32CubeIDE/plugins/com.st.stm32cube.ide.mcu.externaltools.gnu-tools-for-stm32.13.3.rel1.win32_1.0.0.202411081344/tools/bin/../lib/gcc/arm-none-eabi/13.3.1/../../../../arm-none-eabi/lib/thumb/v7e-m+fp/hard\libc_nano.a(libc_a-reent.o)
                0x20013a70                errno
 .bss.__lock___malloc_recursive_mutex
                0x20013a74        0x1 C:/ST/STM32CubeIDE_1.18.0/STM32CubeIDE/plugins/com.st.stm32cube.ide.mcu.externaltools.gnu-tools-for-stm32.13.3.rel1.win32_1.0.0.202411081344/tools/bin/../lib/gcc/arm-none-eabi/13.3.1/../../../../arm-none-eabi/lib/thumb/v7e-m+fp/hard\libc_nano.a(libc_a-lock.o)
                0x20013a74                __lock___malloc_recursive_mutex
 *fill*         0x20013a75        0x3 
 .bss.__malloc_sbrk_start
                0x20013a78        0x4 C:/ST/STM32CubeIDE_1.18.0/STM32CubeIDE/plugins/com.st.stm32cube.ide.mcu.externaltools.gnu-tools-for-stm32.13.3.rel1.win32_1.0.0.202411081344/tools/bin/../lib/gcc/arm-none-eabi/13.3.1/../../../../arm-none-eabi/lib/thumb/v7e-m+fp/hard\libc_nano.a(libc_a-mallocr.o)
                0x20013a78                __malloc_sbrk_start
 .bss.__malloc_free_list
                0x20013a7c        0x4 C:/ST/STM32CubeIDE_1.18.0/STM32CubeIDE/plugins/com.st.stm32cube.ide.mcu.externaltools.gnu-tools-for-stm32.13.3.rel1.win32_1.0.0.202411081344/tools/bin/../lib/gcc/arm-none-eabi/13.3.1/../../../../arm-none-eabi/lib/thumb/v7e-m+fp/hard\libc_nano.a(libc_a-mallocr.o)
                0x20013a7c                __malloc_free_list
 *(COMMON)
                0x20013a80                        . = ALIGN (0x4)
                0x20013a80                        _ebss = .
                0x20013a80                        __bss_end__ = _ebss

._user_heap_stack
                0x20013a80      0x600
                0x20013a80                        . = ALIGN (0x8)
                [!provide]                        PROVIDE (end = .)
                0x20013a80                        PROVIDE (_end = .)
                0x20013c80                        . = (. + _Min_Heap_Size)
 *fill*         0x20013a80      0x200 
                0x20014080                        . = (. + _Min_Stack_Size)
 *fill*         0x20013c80      0x400 
                0x20014080                        . = ALIGN (0x8)

/DISCARD/
 libc.a(*)
 libm.a(*)
 libgcc.a(*)

.ARM.attributes
                0x00000000       0x30
 *(.ARM.attributes)
 .ARM.attributes
                0x00000000       0x22 C:/ST/STM32CubeIDE_1.18.0/STM32CubeIDE/plugins/com.st.stm32cube.ide.mcu.externaltools.gnu-tools-for-stm32.13.3.rel1.win32_1.0.0.202411081344/tools/bin/../lib/gcc/arm-none-eabi/13.3.1/thumb/v7e-m+fp/hard/crti.o
 .ARM.attributes
                0x00000022       0x34 C:/ST/STM32CubeIDE_1.18.0/STM32CubeIDE/plugins/com.st.stm32cube.ide.mcu.externaltools.gnu-tools-for-stm32.13.3.rel1.win32_1.0.0.202411081344/tools/bin/../lib/gcc/arm-none-eabi/13.3.1/thumb/v7e-m+fp/hard/crtbegin.o
 .ARM.attributes
                0x00000056       0x34 ./Core/Src/main.o
 .ARM.attributes
                0x0000008a       0x34 ./Core/Src/msgHandler.o
 .ARM.attributes
                0x000000be       0x34 ./Core/Src/stm32f4xx_hal_msp.o
 .ARM.attributes
                0x000000f2       0x34 ./Core/Src/stm32f4xx_hal_timebase_tim.o
 .ARM.attributes
                0x00000126       0x34 ./Core/Src/stm32f4xx_it.o
 .ARM.attributes
                0x0000015a       0x34 ./Core/Src/sysmem.o
 .ARM.attributes
                0x0000018e       0x34 ./Core/Src/system_stm32f4xx.o
 .ARM.attributes
                0x000001c2       0x21 ./Core/Startup/startup_stm32f407vgtx.o
 .ARM.attributes
                0x000001e3       0x34 ./Drivers/STM32F4xx_HAL_Driver/Src/stm32f4xx_hal.o
 .ARM.attributes
                0x00000217       0x34 ./Drivers/STM32F4xx_HAL_Driver/Src/stm32f4xx_hal_cortex.o
 .ARM.attributes
                0x0000024b       0x34 ./Drivers/STM32F4xx_HAL_Driver/Src/stm32f4xx_hal_gpio.o
 .ARM.attributes
                0x0000027f       0x34 ./Drivers/STM32F4xx_HAL_Driver/Src/stm32f4xx_hal_i2c.o
 .ARM.attributes
                0x000002b3       0x34 ./Drivers/STM32F4xx_HAL_Driver/Src/stm32f4xx_hal_i2s.o
 .ARM.attributes
                0x000002e7       0x34 ./Drivers/STM32F4xx_HAL_Driver/Src/stm32f4xx_hal_i2s_ex.o
 .ARM.attributes
                0x0000031b       0x34 ./Drivers/STM32F4xx_HAL_Driver/Src/stm32f4xx_hal_rcc.o
 .ARM.attributes
                0x0000034f       0x34 ./Drivers/STM32F4xx_HAL_Driver/Src/stm32f4xx_hal_rcc_ex.o
 .ARM.attributes
                0x00000383       0x34 ./Drivers/STM32F4xx_HAL_Driver/Src/stm32f4xx_hal_spi.o
 .ARM.attributes
                0x000003b7       0x34 ./Drivers/STM32F4xx_HAL_Driver/Src/stm32f4xx_hal_tim.o
 .ARM.attributes
                0x000003eb       0x34 ./Drivers/STM32F4xx_HAL_Driver/Src/stm32f4xx_hal_tim_ex.o
 .ARM.attributes
                0x0000041f       0x34 ./Drivers/STM32F4xx_HAL_Driver/Src/stm32f4xx_hal_uart.o
 .ARM.attributes
                0x00000453       0x34 ./ESP32/Src/esp32.o
 .ARM.attributes
                0x00000487       0x34 ./FATFS/App/fatfs.o
 .ARM.attributes
                0x000004bb       0x34 ./FATFS/Target/user_diskio.o
 .ARM.attributes
                0x000004ef       0x34 ./FATFS/Target/user_diskio_spi.o
 .ARM.attributes
                0x00000523       0x34 ./FreeRTOS/list.o
 .ARM.attributes
                0x00000557       0x34 ./FreeRTOS/queue.o
 .ARM.attributes
                0x0000058b       0x34 ./FreeRTOS/tasks.o
 .ARM.attributes
                0x000005bf       0x34 ./FreeRTOS/timers.o
 .ARM.attributes
                0x000005f3       0x34 ./FreeRTOS/portable/ARM_CM4F/port.o
 .ARM.attributes
                0x00000627       0x34 ./FreeRTOS/portable/MemMang/heap_4.o
 .ARM.attributes
                0x0000065b       0x34 ./LCD/Src/i2c_lcd.o
 .ARM.attributes
                0x0000068f       0x34 ./LCD/Src/lcd2004.o
 .ARM.attributes
                0x000006c3       0x34 ./LED/led.o
 .ARM.attributes
                0x000006f7       0x34 ./Middlewares/Third_Party/FatFs/src/ff_gen_drv.o
 .ARM.attributes
                0x0000072b       0x34 ./Shell/Src/cmd.o
 .ARM.attributes
                0x0000075f       0x34 ./Shell/Src/readLine.o
 .ARM.attributes
                0x00000793       0x34 ./Shell/Src/shell.o
 .ARM.attributes
                0x000007c7       0x34 C:/ST/STM32CubeIDE_1.18.0/STM32CubeIDE/plugins/com.st.stm32cube.ide.mcu.externaltools.gnu-tools-for-stm32.13.3.rel1.win32_1.0.0.202411081344/tools/bin/../lib/gcc/arm-none-eabi/13.3.1/../../../../arm-none-eabi/lib/thumb/v7e-m+fp/hard\libc_nano.a(libc_a-atoi.o)
 .ARM.attributes
                0x000007fb       0x34 C:/ST/STM32CubeIDE_1.18.0/STM32CubeIDE/plugins/com.st.stm32cube.ide.mcu.externaltools.gnu-tools-for-stm32.13.3.rel1.win32_1.0.0.202411081344/tools/bin/../lib/gcc/arm-none-eabi/13.3.1/../../../../arm-none-eabi/lib/thumb/v7e-m+fp/hard\libc_nano.a(libc_a-strtol.o)
 .ARM.attributes
                0x0000082f       0x34 C:/ST/STM32CubeIDE_1.18.0/STM32CubeIDE/plugins/com.st.stm32cube.ide.mcu.externaltools.gnu-tools-for-stm32.13.3.rel1.win32_1.0.0.202411081344/tools/bin/../lib/gcc/arm-none-eabi/13.3.1/../../../../arm-none-eabi/lib/thumb/v7e-m+fp/hard\libc_nano.a(libc_a-ctype_.o)
 .ARM.attributes
                0x00000863       0x34 C:/ST/STM32CubeIDE_1.18.0/STM32CubeIDE/plugins/com.st.stm32cube.ide.mcu.externaltools.gnu-tools-for-stm32.13.3.rel1.win32_1.0.0.202411081344/tools/bin/../lib/gcc/arm-none-eabi/13.3.1/../../../../arm-none-eabi/lib/thumb/v7e-m+fp/hard\libc_nano.a(libc_a-findfp.o)
 .ARM.attributes
                0x00000897       0x34 C:/ST/STM32CubeIDE_1.18.0/STM32CubeIDE/plugins/com.st.stm32cube.ide.mcu.externaltools.gnu-tools-for-stm32.13.3.rel1.win32_1.0.0.202411081344/tools/bin/../lib/gcc/arm-none-eabi/13.3.1/../../../../arm-none-eabi/lib/thumb/v7e-m+fp/hard\libc_nano.a(libc_a-vsnprintf.o)
 .ARM.attributes
                0x000008cb       0x34 C:/ST/STM32CubeIDE_1.18.0/STM32CubeIDE/plugins/com.st.stm32cube.ide.mcu.externaltools.gnu-tools-for-stm32.13.3.rel1.win32_1.0.0.202411081344/tools/bin/../lib/gcc/arm-none-eabi/13.3.1/../../../../arm-none-eabi/lib/thumb/v7e-m+fp/hard\libc_nano.a(libc_a-memset.o)
 .ARM.attributes
                0x000008ff       0x34 C:/ST/STM32CubeIDE_1.18.0/STM32CubeIDE/plugins/com.st.stm32cube.ide.mcu.externaltools.gnu-tools-for-stm32.13.3.rel1.win32_1.0.0.202411081344/tools/bin/../lib/gcc/arm-none-eabi/13.3.1/../../../../arm-none-eabi/lib/thumb/v7e-m+fp/hard\libc_nano.a(libc_a-strncpy.o)
 .ARM.attributes
                0x00000933       0x34 C:/ST/STM32CubeIDE_1.18.0/STM32CubeIDE/plugins/com.st.stm32cube.ide.mcu.externaltools.gnu-tools-for-stm32.13.3.rel1.win32_1.0.0.202411081344/tools/bin/../lib/gcc/arm-none-eabi/13.3.1/../../../../arm-none-eabi/lib/thumb/v7e-m+fp/hard\libc_nano.a(libc_a-reent.o)
 .ARM.attributes
                0x00000967       0x34 C:/ST/STM32CubeIDE_1.18.0/STM32CubeIDE/plugins/com.st.stm32cube.ide.mcu.externaltools.gnu-tools-for-stm32.13.3.rel1.win32_1.0.0.202411081344/tools/bin/../lib/gcc/arm-none-eabi/13.3.1/../../../../arm-none-eabi/lib/thumb/v7e-m+fp/hard\libc_nano.a(libc_a-impure.o)
 .ARM.attributes
                0x0000099b       0x34 C:/ST/STM32CubeIDE_1.18.0/STM32CubeIDE/plugins/com.st.stm32cube.ide.mcu.externaltools.gnu-tools-for-stm32.13.3.rel1.win32_1.0.0.202411081344/tools/bin/../lib/gcc/arm-none-eabi/13.3.1/../../../../arm-none-eabi/lib/thumb/v7e-m+fp/hard\libc_nano.a(libc_a-errno.o)
 .ARM.attributes
                0x000009cf       0x34 C:/ST/STM32CubeIDE_1.18.0/STM32CubeIDE/plugins/com.st.stm32cube.ide.mcu.externaltools.gnu-tools-for-stm32.13.3.rel1.win32_1.0.0.202411081344/tools/bin/../lib/gcc/arm-none-eabi/13.3.1/../../../../arm-none-eabi/lib/thumb/v7e-m+fp/hard\libc_nano.a(libc_a-init.o)
 .ARM.attributes
                0x00000a03       0x34 C:/ST/STM32CubeIDE_1.18.0/STM32CubeIDE/plugins/com.st.stm32cube.ide.mcu.externaltools.gnu-tools-for-stm32.13.3.rel1.win32_1.0.0.202411081344/tools/bin/../lib/gcc/arm-none-eabi/13.3.1/../../../../arm-none-eabi/lib/thumb/v7e-m+fp/hard\libc_nano.a(libc_a-lock.o)
 .ARM.attributes
                0x00000a37       0x20 C:/ST/STM32CubeIDE_1.18.0/STM32CubeIDE/plugins/com.st.stm32cube.ide.mcu.externaltools.gnu-tools-for-stm32.13.3.rel1.win32_1.0.0.202411081344/tools/bin/../lib/gcc/arm-none-eabi/13.3.1/../../../../arm-none-eabi/lib/thumb/v7e-m+fp/hard\libc_nano.a(libc_a-strcmp.o)
 .ARM.attributes
                0x00000a57       0x34 C:/ST/STM32CubeIDE_1.18.0/STM32CubeIDE/plugins/com.st.stm32cube.ide.mcu.externaltools.gnu-tools-for-stm32.13.3.rel1.win32_1.0.0.202411081344/tools/bin/../lib/gcc/arm-none-eabi/13.3.1/../../../../arm-none-eabi/lib/thumb/v7e-m+fp/hard\libc_nano.a(libc_a-memcpy-stub.o)
 .ARM.attributes
                0x00000a8b       0x17 C:/ST/STM32CubeIDE_1.18.0/STM32CubeIDE/plugins/com.st.stm32cube.ide.mcu.externaltools.gnu-tools-for-stm32.13.3.rel1.win32_1.0.0.202411081344/tools/bin/../lib/gcc/arm-none-eabi/13.3.1/../../../../arm-none-eabi/lib/thumb/v7e-m+fp/hard\libc_nano.a(libc_a-strlen.o)
 .ARM.attributes
                0x00000aa2       0x34 C:/ST/STM32CubeIDE_1.18.0/STM32CubeIDE/plugins/com.st.stm32cube.ide.mcu.externaltools.gnu-tools-for-stm32.13.3.rel1.win32_1.0.0.202411081344/tools/bin/../lib/gcc/arm-none-eabi/13.3.1/../../../../arm-none-eabi/lib/thumb/v7e-m+fp/hard\libc_nano.a(libc_a-freer.o)
 .ARM.attributes
                0x00000ad6       0x34 C:/ST/STM32CubeIDE_1.18.0/STM32CubeIDE/plugins/com.st.stm32cube.ide.mcu.externaltools.gnu-tools-for-stm32.13.3.rel1.win32_1.0.0.202411081344/tools/bin/../lib/gcc/arm-none-eabi/13.3.1/../../../../arm-none-eabi/lib/thumb/v7e-m+fp/hard\libc_nano.a(libc_a-mallocr.o)
 .ARM.attributes
                0x00000b0a       0x34 C:/ST/STM32CubeIDE_1.18.0/STM32CubeIDE/plugins/com.st.stm32cube.ide.mcu.externaltools.gnu-tools-for-stm32.13.3.rel1.win32_1.0.0.202411081344/tools/bin/../lib/gcc/arm-none-eabi/13.3.1/../../../../arm-none-eabi/lib/thumb/v7e-m+fp/hard\libc_nano.a(libc_a-mlock.o)
 .ARM.attributes
                0x00000b3e       0x34 C:/ST/STM32CubeIDE_1.18.0/STM32CubeIDE/plugins/com.st.stm32cube.ide.mcu.externaltools.gnu-tools-for-stm32.13.3.rel1.win32_1.0.0.202411081344/tools/bin/../lib/gcc/arm-none-eabi/13.3.1/../../../../arm-none-eabi/lib/thumb/v7e-m+fp/hard\libc_nano.a(libc_a-nano-svfprintf.o)
 .ARM.attributes
                0x00000b72       0x34 C:/ST/STM32CubeIDE_1.18.0/STM32CubeIDE/plugins/com.st.stm32cube.ide.mcu.externaltools.gnu-tools-for-stm32.13.3.rel1.win32_1.0.0.202411081344/tools/bin/../lib/gcc/arm-none-eabi/13.3.1/../../../../arm-none-eabi/lib/thumb/v7e-m+fp/hard\libc_nano.a(libc_a-nano-vfprintf_i.o)
 .ARM.attributes
                0x00000ba6       0x34 C:/ST/STM32CubeIDE_1.18.0/STM32CubeIDE/plugins/com.st.stm32cube.ide.mcu.externaltools.gnu-tools-for-stm32.13.3.rel1.win32_1.0.0.202411081344/tools/bin/../lib/gcc/arm-none-eabi/13.3.1/../../../../arm-none-eabi/lib/thumb/v7e-m+fp/hard\libc_nano.a(libc_a-memmove.o)
 .ARM.attributes
                0x00000bda       0x34 C:/ST/STM32CubeIDE_1.18.0/STM32CubeIDE/plugins/com.st.stm32cube.ide.mcu.externaltools.gnu-tools-for-stm32.13.3.rel1.win32_1.0.0.202411081344/tools/bin/../lib/gcc/arm-none-eabi/13.3.1/../../../../arm-none-eabi/lib/thumb/v7e-m+fp/hard\libc_nano.a(libc_a-sbrkr.o)
 .ARM.attributes
                0x00000c0e       0x1c C:/ST/STM32CubeIDE_1.18.0/STM32CubeIDE/plugins/com.st.stm32cube.ide.mcu.externaltools.gnu-tools-for-stm32.13.3.rel1.win32_1.0.0.202411081344/tools/bin/../lib/gcc/arm-none-eabi/13.3.1/../../../../arm-none-eabi/lib/thumb/v7e-m+fp/hard\libc_nano.a(libc_a-memchr.o)
 .ARM.attributes
                0x00000c2a       0x34 C:/ST/STM32CubeIDE_1.18.0/STM32CubeIDE/plugins/com.st.stm32cube.ide.mcu.externaltools.gnu-tools-for-stm32.13.3.rel1.win32_1.0.0.202411081344/tools/bin/../lib/gcc/arm-none-eabi/13.3.1/../../../../arm-none-eabi/lib/thumb/v7e-m+fp/hard\libc_nano.a(libc_a-reallocr.o)
 .ARM.attributes
                0x00000c5e       0x34 C:/ST/STM32CubeIDE_1.18.0/STM32CubeIDE/plugins/com.st.stm32cube.ide.mcu.externaltools.gnu-tools-for-stm32.13.3.rel1.win32_1.0.0.202411081344/tools/bin/../lib/gcc/arm-none-eabi/13.3.1/../../../../arm-none-eabi/lib/thumb/v7e-m+fp/hard\libc_nano.a(libc_a-msizer.o)
 .ARM.attributes
                0x00000c92       0x22 C:/ST/STM32CubeIDE_1.18.0/STM32CubeIDE/plugins/com.st.stm32cube.ide.mcu.externaltools.gnu-tools-for-stm32.13.3.rel1.win32_1.0.0.202411081344/tools/bin/../lib/gcc/arm-none-eabi/13.3.1/thumb/v7e-m+fp/hard\libgcc.a(_aeabi_uldivmod.o)
 .ARM.attributes
                0x00000cb4       0x34 C:/ST/STM32CubeIDE_1.18.0/STM32CubeIDE/plugins/com.st.stm32cube.ide.mcu.externaltools.gnu-tools-for-stm32.13.3.rel1.win32_1.0.0.202411081344/tools/bin/../lib/gcc/arm-none-eabi/13.3.1/thumb/v7e-m+fp/hard\libgcc.a(_udivmoddi4.o)
 .ARM.attributes
                0x00000ce8       0x22 C:/ST/STM32CubeIDE_1.18.0/STM32CubeIDE/plugins/com.st.stm32cube.ide.mcu.externaltools.gnu-tools-for-stm32.13.3.rel1.win32_1.0.0.202411081344/tools/bin/../lib/gcc/arm-none-eabi/13.3.1/thumb/v7e-m+fp/hard\libgcc.a(_dvmd_tls.o)
 .ARM.attributes
                0x00000d0a       0x22 C:/ST/STM32CubeIDE_1.18.0/STM32CubeIDE/plugins/com.st.stm32cube.ide.mcu.externaltools.gnu-tools-for-stm32.13.3.rel1.win32_1.0.0.202411081344/tools/bin/../lib/gcc/arm-none-eabi/13.3.1/thumb/v7e-m+fp/hard/crtn.o
OUTPUT(final.elf elf32-littlearm)
LOAD linker stubs
LOAD C:/ST/STM32CubeIDE_1.18.0/STM32CubeIDE/plugins/com.st.stm32cube.ide.mcu.externaltools.gnu-tools-for-stm32.13.3.rel1.win32_1.0.0.202411081344/tools/bin/../lib/gcc/arm-none-eabi/13.3.1/../../../../arm-none-eabi/lib/thumb/v7e-m+fp/hard\libc.a
LOAD C:/ST/STM32CubeIDE_1.18.0/STM32CubeIDE/plugins/com.st.stm32cube.ide.mcu.externaltools.gnu-tools-for-stm32.13.3.rel1.win32_1.0.0.202411081344/tools/bin/../lib/gcc/arm-none-eabi/13.3.1/../../../../arm-none-eabi/lib/thumb/v7e-m+fp/hard\libm.a