../Core/Src/main.c:106:6:NECHandler	32	static
../Core/Src/main.c:119:6:MEMS_Write	16	static
../Core/Src/main.c:126:6:MEMS_Read	16	static
../Core/Src/main.c:137:6:WM8978_Demo	4	static
../Core/Src/main.c:148:5:main	16	static
../Core/Src/main.c:242:6:SystemClock_Config	88	static
../Core/Src/main.c:290:13:MX_I2C1_Init	8	static
../Core/Src/main.c:324:13:MX_I2C2_Init	8	static
../Core/Src/main.c:358:13:MX_I2S3_Init	8	static
../Core/Src/main.c:392:13:MX_RTC_Init	32	static
../Core/Src/main.c:455:13:MX_SPI1_Init	8	static
../Core/Src/main.c:493:13:MX_SPI2_Init	8	static
../Core/Src/main.c:531:13:MX_TIM4_Init	64	static
../Core/Src/main.c:598:13:MX_USART1_UART_Init	8	static
../Core/Src/main.c:631:13:MX_USART2_UART_Init	8	static
../Core/Src/main.c:664:13:MX_USART3_UART_Init	8	static
../Core/Src/main.c:694:13:MX_DMA_Init	16	static
../Core/Src/main.c:718:13:MX_GPIO_Init	56	static
../Core/Src/main.c:801:6:HAL_TIM_PeriodElapsedCallback	16	static
../Core/Src/main.c:819:6:Error_Handler	4	static,ignoring_inline_asm
