../FATFS/Target/user_diskio_spi.c:94:6:SPI_Timer_On	16	static
../FATFS/Target/user_diskio_spi.c:99:9:SPI_Timer_Status	8	static
../FATFS/Target/user_diskio_spi.c:109:6:xchg_spi	32	static
../FATFS/Target/user_diskio_spi.c:121:6:rcvr_spi_multi	32	static
../FATFS/Target/user_diskio_spi.c:135:6:xmit_spi_multi	16	static
../FATFS/Target/user_diskio_spi.c:150:5:wait_ready	32	static
../FATFS/Target/user_diskio_spi.c:205:6:despiselect	8	static
../FATFS/Target/user_diskio_spi.c:219:5:spiselect	8	static
../FATFS/Target/user_diskio_spi.c:251:5:rcvr_datablock	24	static
../FATFS/Target/user_diskio_spi.c:280:5:xmit_datablock	24	static
../FATFS/Target/user_diskio_spi.c:308:6:send_cmd	24	static
../FATFS/Target/user_diskio_spi.c:367:16:USER_SPI_initialize	32	static
../FATFS/Target/user_diskio_spi.c:528:16:USER_SPI_status	16	static
../FATFS/Target/user_diskio_spi.c:543:16:USER_SPI_read	24	static
../FATFS/Target/user_diskio_spi.c:582:16:USER_SPI_write	24	static
../FATFS/Target/user_diskio_spi.c:623:16:USER_SPI_ioctl	56	static
